******************************************************************************
             TMS320C2000 Linker PC v18.1.4                     
******************************************************************************
>> Linked Wed Mar 20 19:29:24 2019

OUTPUT FILE NAME:   <CPU1.out>
ENTRY POINT SYMBOL: "_c_int00"  address: 00087255


MEMORY CONFIGURATION

         name            origin    length      used     unused   attr    fill
----------------------  --------  ---------  --------  --------  ----  --------
PAGE 0:
  RAMM0                 00000122   000002de  00000000  000002de  RWIX
  RAMLS0                00008000   00000800  0000003b  000007c5  RWIX
  RAMD0                 0000b000   00000800  00000000  00000800  RWIX
  BEGIN                 00080000   00000002  00000002  00000000  RWIX
  FLASHA                00080002   00001ffe  00000000  00001ffe  RWIX
  FLASHB                00082000   00002000  00001fff  00000001  RWIX
  FLASHC                00084000   00002000  00002000  00000000  RWIX
  FLASHD                00086000   00002000  0000195c  000006a4  RWIX
  FLASHE                00088000   00008000  00000000  00008000  RWIX
  FLASHF                00090000   00008000  000003ba  00007c46  RWIX
  FLASHG                00098000   00008000  00000000  00008000  RWIX
  FLASHH                000a0000   00008000  00000000  00008000  RWIX
  FLASHI                000a8000   00008000  00000000  00008000  RWIX
  FLASHJ                000b0000   00008000  00000000  00008000  RWIX
  FLASHK                000b8000   00002000  00000000  00002000  RWIX
  FLASHL                000ba000   00002000  00000000  00002000  RWIX
  FLASHM                000bc000   00002000  00000000  00002000  RWIX
  FLASHN                000be000   00002000  00000000  00002000  RWIX
  RESET                 003fffc0   00000002  00000000  00000002  RWIX

PAGE 1:
  BOOT_RSVD             00000002   00000120  00000000  00000120  RWIX
  RAMM1                 00000400   00000400  00000000  00000400  RWIX
  ADCA_RESULT           00000b00   00000020  00000018  00000008  RWIX
  ADCB_RESULT           00000b20   00000020  00000018  00000008  RWIX
  ADCC_RESULT           00000b40   00000020  00000018  00000008  RWIX
  ADCD_RESULT           00000b60   00000020  00000018  00000008  RWIX
  CPU_TIMER0            00000c00   00000008  00000008  00000000  RWIX
  CPU_TIMER1            00000c08   00000008  00000008  00000000  RWIX
  CPU_TIMER2            00000c10   00000008  00000008  00000000  RWIX
  PIE_CTRL              00000ce0   00000020  0000001a  00000006  RWIX
  PIE_VECT              00000d00   00000200  000001c0  00000040  RWIX
  DMA                   00001000   00000200  000000e0  00000120  RWIX
  CLA1                  00001400   00000040  0000003e  00000002  RWIX
  EPWM1                 00004000   00000100  00000100  00000000  RWIX
  EPWM2                 00004100   00000100  00000100  00000000  RWIX
  EPWM3                 00004200   00000100  00000100  00000000  RWIX
  EPWM4                 00004300   00000100  00000100  00000000  RWIX
  EPWM5                 00004400   00000100  00000100  00000000  RWIX
  EPWM6                 00004500   00000100  00000100  00000000  RWIX
  EPWM7                 00004600   00000100  00000100  00000000  RWIX
  EPWM8                 00004700   00000100  00000100  00000000  RWIX
  EPWM9                 00004800   00000100  00000100  00000000  RWIX
  EPWM10                00004900   00000100  00000100  00000000  RWIX
  EPWM11                00004a00   00000100  00000100  00000000  RWIX
  EPWM12                00004b00   00000100  00000100  00000000  RWIX
  ECAP1                 00005000   00000020  00000020  00000000  RWIX
  ECAP2                 00005020   00000020  00000020  00000000  RWIX
  ECAP3                 00005040   00000020  00000020  00000000  RWIX
  ECAP4                 00005060   00000020  00000020  00000000  RWIX
  ECAP5                 00005080   00000020  00000020  00000000  RWIX
  ECAP6                 000050a0   00000020  00000020  00000000  RWIX
  EQEP1                 00005100   00000040  00000022  0000001e  RWIX
  EQEP2                 00005140   00000040  00000022  0000001e  RWIX
  EQEP3                 00005180   00000040  00000022  0000001e  RWIX
  DACA                  00005c00   00000010  00000008  00000008  RWIX
  DACB                  00005c10   00000010  00000008  00000008  RWIX
  DACC                  00005c20   00000010  00000008  00000008  RWIX
  CMPSS1                00005c80   00000020  00000020  00000000  RWIX
  CMPSS2                00005ca0   00000020  00000020  00000000  RWIX
  CMPSS3                00005cc0   00000020  00000020  00000000  RWIX
  CMPSS4                00005ce0   00000020  00000020  00000000  RWIX
  CMPSS5                00005d00   00000020  00000020  00000000  RWIX
  CMPSS6                00005d20   00000020  00000020  00000000  RWIX
  CMPSS7                00005d40   00000020  00000020  00000000  RWIX
  CMPSS8                00005d60   00000020  00000020  00000000  RWIX
  SDFM1                 00005e00   00000080  00000080  00000000  RWIX
  SDFM2                 00005e80   00000080  00000080  00000000  RWIX
  MCBSPA                00006000   00000040  00000024  0000001c  RWIX
  MCBSPB                00006040   00000040  00000024  0000001c  RWIX
  SPIA                  00006100   00000010  00000010  00000000  RWIX
  SPIB                  00006110   00000010  00000010  00000000  RWIX
  SPIC                  00006120   00000010  00000010  00000000  RWIX
  SPID                  00006130   00000010  00000000  00000010  RWIX
  UPP                   00006200   00000100  00000048  000000b8  RWIX
  WD                    00007000   00000040  0000002b  00000015  RWIX
  NMIINTRUPT            00007060   00000010  00000007  00000009  RWIX
  XINT                  00007070   00000010  0000000b  00000005  RWIX
  SCIA                  00007200   00000010  00000010  00000000  RWIX
  SCIB                  00007210   00000010  00000010  00000000  RWIX
  SCIC                  00007220   00000010  00000010  00000000  RWIX
  SCID                  00007230   00000010  00000010  00000000  RWIX
  I2CA                  00007300   00000040  00000022  0000001e  RWIX
  I2CB                  00007340   00000040  00000022  0000001e  RWIX
  ADCA                  00007400   00000080  00000080  00000000  RWIX
  ADCB                  00007480   00000080  00000080  00000000  RWIX
  ADCC                  00007500   00000080  00000080  00000000  RWIX
  ADCD                  00007580   00000080  00000080  00000000  RWIX
  INPUT_XBAR            00007900   00000020  00000020  00000000  RWIX
  XBAR                  00007920   00000020  00000020  00000000  RWIX
  SYNC_SOC              00007940   00000010  00000006  0000000a  RWIX
  DMACLASRCSEL          00007980   00000040  0000001a  00000026  RWIX
  EPWM_XBAR             00007a00   00000040  00000040  00000000  RWIX
  CLB_XBAR              00007a40   00000040  00000000  00000040  RWIX
  OUTPUT_XBAR           00007a80   00000040  00000040  00000000  RWIX
  GPIOCTRL              00007c00   00000180  00000180  00000000  RWIX
  GPIODAT               00007f00   00000030  00000030  00000000  RWIX
  RAMLS1_2              00008800   00001000  00001000  00000000  RWIX
  RAMLS3                00009800   00000800  00000800  00000000  RWIX
  RAMLS4                0000a000   00000800  0000021f  000005e1  RWIX
  RAMLS5                0000a800   00000800  00000000  00000800  RWIX
  RAMD1                 0000b800   00000800  00000000  00000800  RWIX
  RAMGS0                0000c000   00001000  00000000  00001000  RWIX
  RAMGS1                0000d000   00001000  00000000  00001000  RWIX
  RAMGS2_7              0000e000   00006000  00006000  00000000  RWIX
  RAMGS8                00014000   00001000  00000000  00001000  RWIX
  RAMGS9                00015000   00001000  00000000  00001000  RWIX
  RAMGS10               00016000   00001000  00000000  00001000  RWIX
  RAMGS11               00017000   00001000  00000000  00001000  RWIX
  RAMGS12               00018000   00001000  00000000  00001000  RWIX
  RAMGS13               00019000   00001000  0000001c  00000fe4  RWIX
  RAMGS14               0001a000   00001000  00000000  00001000  RWIX
  RAMGS15               0001b000   00001000  00000120  00000ee0  RWIX
  CPU2TOCPU1RAM         0003f800   00000400  00000000  00000400  RWIX
  CPU1TOCPU2RAM         0003fc00   00000400  00000088  00000378  RWIX
  EMIF1                 00047000   00000800  00000070  00000790  RWIX
  EMIF2                 00047800   00000800  00000070  00000790  RWIX
  CANA                  00048000   00000800  00000164  0000069c  RWIX
  CANB                  0004a000   00000800  00000164  0000069c  RWIX
  IPC                   00050000   00000024  00000024  00000000  RWIX
  FLASHPUMPSEMAPHORE    00050024   00000002  00000002  00000000  RWIX
  DEV_CFG               0005d000   00000180  0000012e  00000052  RWIX
  ANALOG_SUBSYS         0005d180   00000080  00000048  00000038  RWIX
  CLK_CFG               0005d200   00000100  00000032  000000ce  RWIX
  CPU_SYS               0005d300   00000100  00000082  0000007e  RWIX
  ROMPREFETCH           0005e608   00000002  00000002  00000000  RWIX
  DCSM_Z1               0005f000   00000030  00000024  0000000c  RWIX
  DCSM_Z2               0005f040   00000030  00000024  0000000c  RWIX
  DCSM_COMMON           0005f070   00000010  00000008  00000008  RWIX
  MEMCFG                0005f400   00000080  00000080  00000000  RWIX
  EMIF1CONFIG           0005f480   00000020  00000020  00000000  RWIX
  EMIF2CONFIG           0005f4a0   00000020  00000020  00000000  RWIX
  ACCESSPROTECTION      0005f4c0   00000040  00000040  00000000  RWIX
  MEMORYERROR           0005f500   00000040  00000040  00000000  RWIX
  ROMWAITSTATE          0005f540   00000002  00000002  00000000  RWIX
  FLASH0_CTRL           0005f800   00000300  00000182  0000017e  RWIX
  FLASH0_ECC            0005fb00   00000040  00000028  00000018  RWIX
  DCSM_Z1_OTP           00078000   00000020  00000020  00000000  RWIX
  DCSM_Z2_OTP           00078200   00000020  00000020  00000000  RWIX


SECTION ALLOCATION MAP

 output                                  attributes/
section   page    origin      length       input sections
--------  ----  ----------  ----------   ----------------
.cinit     0    00082000    0000019f     
                  00082000    00000090     F2837xD_struct.obj (.cinit)
                  00082090    0000005f     CPU1.obj (.cinit)
                  000820ef    0000002a     rts2800_fpu32.lib : defs.c.obj (.cinit)
                  00082119    00000029                       : write.c.obj (.cinit)
                  00082142    00000010     Ublox_8_Receiver.obj (.cinit)
                  00082152    0000000e     rts2800_fpu32.lib : exit.c.obj (.cinit)
                  00082160    00000009     SCI_driver.obj (.cinit)
                  00082169    00000008     mmc-F2837x.obj (.cinit)
                  00082171    00000006     SPI_driver.obj (.cinit)
                  00082177    00000005     rts2800_fpu32.lib : _lock.c.obj (.cinit:__lock)
                  0008217c    00000005                       : _lock.c.obj (.cinit:__unlock)
                  00082181    00000004     F2837xD_sci_io.obj (.cinit)
                  00082185    00000004     SDCARD_driver.obj (.cinit)
                  00082189    00000004     ff.obj (.cinit)
                  0008218d    00000004     rts2800_fpu32.lib : errno.c.obj (.cinit)
                  00082191    00000004                       : fopen.c.obj (.cinit)
                  00082195    00000004                       : memory.c.obj (.cinit)
                  00082199    00000004                       : open.c.obj (.cinit)
                  0008219d    00000002     --HOLE-- [fill = 0]

.pinit     0    00082000    00000000     UNINITIALIZED

codestart 
*          0    00080000    00000002     
                  00080000    00000002     F2837xD_CodeStartBranch.obj (codestart)

.TI.ramfunc 
*          0    00086000    0000003b     RUN ADDR = 00008000
                  00086000    00000037     F2837xD_SysCtrl.obj (.TI.ramfunc)
                  00086037    00000004     F2837xD_usDelay.obj (.TI.ramfunc)

.stack     1    00008800    00001000     UNINITIALIZED
                  00008800    00001000     --HOLE--

.esysmem   1    0000e000    00006000     UNINITIALIZED
                  0000e000    00000001     rts2800_fpu32.lib : memory.c.obj (.esysmem)
                  0000e001    00005fff     --HOLE--

.cio       1    0001b000    00000120     UNINITIALIZED
                  0001b000    00000120     rts2800_fpu32.lib : trgmsg.c.obj (.cio)

.reset     0    003fffc0    00000002     DSECT
                  003fffc0    00000002     rts2800_fpu32.lib : boot28.asm.obj (.reset)

AdcaResultFile 
*          1    00000b00    00000018     UNINITIALIZED
                  00000b00    00000018     F2837xD_GlobalVariableDefs.obj (AdcaResultFile)

AdcbResultFile 
*          1    00000b20    00000018     UNINITIALIZED
                  00000b20    00000018     F2837xD_GlobalVariableDefs.obj (AdcbResultFile)

AdccResultFile 
*          1    00000b40    00000018     UNINITIALIZED
                  00000b40    00000018     F2837xD_GlobalVariableDefs.obj (AdccResultFile)

AdcdResultFile 
*          1    00000b60    00000018     UNINITIALIZED
                  00000b60    00000018     F2837xD_GlobalVariableDefs.obj (AdcdResultFile)

ramgs13    1    00019000    0000001c     UNINITIALIZED
                  00019000    0000001c     CPU1.obj (ramgs13)

PUTBUFFER 
*          1    0003fc00    00000080     UNINITIALIZED
                  0003fc00    00000080     F2837xD_Ipc_Driver.obj (PUTBUFFER)

PUTWRITEIDX 
*          1    0003fc80    00000004     UNINITIALIZED
                  0003fc80    00000004     F2837xD_Ipc_Driver.obj (PUTWRITEIDX)

GETREADIDX 
*          1    0003fc84    00000004     UNINITIALIZED
                  0003fc84    00000004     F2837xD_Ipc_Driver.obj (GETREADIDX)

GETBUFFER 
*          0    0003f800    00000080     DSECT
                  0003f800    00000080     F2837xD_Ipc_Driver.obj (GETBUFFER)

GETWRITEIDX 
*          0    0003f880    00000004     DSECT
                  0003f880    00000004     F2837xD_Ipc_Driver.obj (GETWRITEIDX)

PUTREADIDX 
*          0    0003f884    00000004     DSECT
                  0003f884    00000004     F2837xD_Ipc_Driver.obj (PUTREADIDX)

.econst    0    00090000    000003ba     
                  00090000    000001c0     F2837xD_PieVect.obj (.econst:_PieVectTableInit)
                  000901c0    00000101     rts2800_fpu32.lib : ctype.c.obj (.econst:.string:__ctypes_)
                  000902c1    00000001     --HOLE-- [fill = 0]
                  000902c2    00000064     SDCARD_driver.obj (.econst:.string)
                  00090326    00000026     rts2800_fpu32.lib : _printfi.c.obj (.econst:.string)
                  0009034c    0000001c                       : _printfi.c.obj (.econst)
                  00090368    0000001c                       : s_scalbn.c.obj (.econst)
                  00090384    0000000c     SDCARD_driver.obj (.econst:.string:_$P$T2$3)
                  00090390    0000000b     ff.obj (.econst:.string)
                  0009039b    00000001     --HOLE-- [fill = 0]
                  0009039c    00000008     rts2800_fpu32.lib : s_frexp.c.obj (.econst)
                  000903a4    00000004     ff.obj (.econst:.string:_fatstr$1)
                  000903a8    00000003     SDCARD_driver.obj (.econst:.string:_$P$T0$1)
                  000903ab    00000003     SDCARD_driver.obj (.econst:.string:_$P$T1$2)
                  000903ae    00000002     rts2800_fpu32.lib : fputs.c.obj (.econst:.string)
                  000903b0    00000002     Ublox_8_Receiver.obj (.econst:_$P$T0$1)
                  000903b2    00000002     Ublox_8_Receiver.obj (.econst:_$P$T1$2)
                  000903b4    00000002     Ublox_8_Receiver.obj (.econst:_$P$T2$3)
                  000903b6    00000002     Ublox_8_Receiver.obj (.econst:_$P$T3$4)
                  000903b8    00000002     Ublox_8_Receiver.obj (.econst:_$P$T4$5)

CpuTimer0RegsFile 
*          1    00000c00    00000008     UNINITIALIZED
                  00000c00    00000008     F2837xD_GlobalVariableDefs.obj (CpuTimer0RegsFile)

CpuTimer1RegsFile 
*          1    00000c08    00000008     UNINITIALIZED
                  00000c08    00000008     F2837xD_GlobalVariableDefs.obj (CpuTimer1RegsFile)

CpuTimer2RegsFile 
*          1    00000c10    00000008     UNINITIALIZED
                  00000c10    00000008     F2837xD_GlobalVariableDefs.obj (CpuTimer2RegsFile)

PieCtrlRegsFile 
*          1    00000ce0    0000001a     UNINITIALIZED
                  00000ce0    0000001a     F2837xD_GlobalVariableDefs.obj (PieCtrlRegsFile)

PieVectTableFile 
*          1    00000d00    000001c0     UNINITIALIZED
                  00000d00    000001c0     F2837xD_GlobalVariableDefs.obj (PieVectTableFile)

EmuKeyVar 
*          1    00000d00    00000001     UNINITIALIZED
                  00000d00    00000001     F2837xD_GlobalVariableDefs.obj (EmuKeyVar)

EmuBModeVar 
*          1    00000d01    00000001     UNINITIALIZED
                  00000d01    00000001     F2837xD_GlobalVariableDefs.obj (EmuBModeVar)

FlashCallbackVar 
*          1    00000d02    00000000     UNINITIALIZED

FlashScalingVar 
*          1    00000d02    00000000     UNINITIALIZED

DmaRegsFile 
*          1    00001000    000000e0     UNINITIALIZED
                  00001000    000000e0     F2837xD_GlobalVariableDefs.obj (DmaRegsFile)

Cla1RegsFile 
*          1    00001400    0000003e     UNINITIALIZED
                  00001400    0000003e     F2837xD_GlobalVariableDefs.obj (Cla1RegsFile)

EPwm1RegsFile 
*          1    00004000    00000100     UNINITIALIZED
                  00004000    00000100     F2837xD_GlobalVariableDefs.obj (EPwm1RegsFile)

EPwm2RegsFile 
*          1    00004100    00000100     UNINITIALIZED
                  00004100    00000100     F2837xD_GlobalVariableDefs.obj (EPwm2RegsFile)

EPwm3RegsFile 
*          1    00004200    00000100     UNINITIALIZED
                  00004200    00000100     F2837xD_GlobalVariableDefs.obj (EPwm3RegsFile)

EPwm4RegsFile 
*          1    00004300    00000100     UNINITIALIZED
                  00004300    00000100     F2837xD_GlobalVariableDefs.obj (EPwm4RegsFile)

EPwm5RegsFile 
*          1    00004400    00000100     UNINITIALIZED
                  00004400    00000100     F2837xD_GlobalVariableDefs.obj (EPwm5RegsFile)

EPwm6RegsFile 
*          1    00004500    00000100     UNINITIALIZED
                  00004500    00000100     F2837xD_GlobalVariableDefs.obj (EPwm6RegsFile)

EPwm7RegsFile 
*          1    00004600    00000100     UNINITIALIZED
                  00004600    00000100     F2837xD_GlobalVariableDefs.obj (EPwm7RegsFile)

EPwm8RegsFile 
*          1    00004700    00000100     UNINITIALIZED
                  00004700    00000100     F2837xD_GlobalVariableDefs.obj (EPwm8RegsFile)

EPwm9RegsFile 
*          1    00004800    00000100     UNINITIALIZED
                  00004800    00000100     F2837xD_GlobalVariableDefs.obj (EPwm9RegsFile)

EPwm10RegsFile 
*          1    00004900    00000100     UNINITIALIZED
                  00004900    00000100     F2837xD_GlobalVariableDefs.obj (EPwm10RegsFile)

EPwm11RegsFile 
*          1    00004a00    00000100     UNINITIALIZED
                  00004a00    00000100     F2837xD_GlobalVariableDefs.obj (EPwm11RegsFile)

EPwm12RegsFile 
*          1    00004b00    00000100     UNINITIALIZED
                  00004b00    00000100     F2837xD_GlobalVariableDefs.obj (EPwm12RegsFile)

ECap1RegsFile 
*          1    00005000    00000020     UNINITIALIZED
                  00005000    00000020     F2837xD_GlobalVariableDefs.obj (ECap1RegsFile)

ECap2RegsFile 
*          1    00005020    00000020     UNINITIALIZED
                  00005020    00000020     F2837xD_GlobalVariableDefs.obj (ECap2RegsFile)

ECap3RegsFile 
*          1    00005040    00000020     UNINITIALIZED
                  00005040    00000020     F2837xD_GlobalVariableDefs.obj (ECap3RegsFile)

ECap4RegsFile 
*          1    00005060    00000020     UNINITIALIZED
                  00005060    00000020     F2837xD_GlobalVariableDefs.obj (ECap4RegsFile)

ECap5RegsFile 
*          1    00005080    00000020     UNINITIALIZED
                  00005080    00000020     F2837xD_GlobalVariableDefs.obj (ECap5RegsFile)

ECap6RegsFile 
*          1    000050a0    00000020     UNINITIALIZED
                  000050a0    00000020     F2837xD_GlobalVariableDefs.obj (ECap6RegsFile)

EQep1RegsFile 
*          1    00005100    00000022     UNINITIALIZED
                  00005100    00000022     F2837xD_GlobalVariableDefs.obj (EQep1RegsFile)

EQep2RegsFile 
*          1    00005140    00000022     UNINITIALIZED
                  00005140    00000022     F2837xD_GlobalVariableDefs.obj (EQep2RegsFile)

EQep3RegsFile 
*          1    00005180    00000022     UNINITIALIZED
                  00005180    00000022     F2837xD_GlobalVariableDefs.obj (EQep3RegsFile)

DacaRegsFile 
*          1    00005c00    00000008     UNINITIALIZED
                  00005c00    00000008     F2837xD_GlobalVariableDefs.obj (DacaRegsFile)

DacbRegsFile 
*          1    00005c10    00000008     UNINITIALIZED
                  00005c10    00000008     F2837xD_GlobalVariableDefs.obj (DacbRegsFile)

DaccRegsFile 
*          1    00005c20    00000008     UNINITIALIZED
                  00005c20    00000008     F2837xD_GlobalVariableDefs.obj (DaccRegsFile)

Sdfm1RegsFile 
*          1    00005e00    00000080     UNINITIALIZED
                  00005e00    00000080     F2837xD_GlobalVariableDefs.obj (Sdfm1RegsFile)

Sdfm2RegsFile 
*          1    00005e80    00000080     UNINITIALIZED
                  00005e80    00000080     F2837xD_GlobalVariableDefs.obj (Sdfm2RegsFile)

McbspaRegsFile 
*          1    00006000    00000024     UNINITIALIZED
                  00006000    00000024     F2837xD_GlobalVariableDefs.obj (McbspaRegsFile)

McbspbRegsFile 
*          1    00006040    00000024     UNINITIALIZED
                  00006040    00000024     F2837xD_GlobalVariableDefs.obj (McbspbRegsFile)

SpiaRegsFile 
*          1    00006100    00000010     UNINITIALIZED
                  00006100    00000010     F2837xD_GlobalVariableDefs.obj (SpiaRegsFile)

SpibRegsFile 
*          1    00006110    00000010     UNINITIALIZED
                  00006110    00000010     F2837xD_GlobalVariableDefs.obj (SpibRegsFile)

SpicRegsFile 
*          1    00006120    00000010     UNINITIALIZED
                  00006120    00000010     F2837xD_GlobalVariableDefs.obj (SpicRegsFile)

UppRegsFile 
*          1    00006200    00000048     UNINITIALIZED
                  00006200    00000048     F2837xD_GlobalVariableDefs.obj (UppRegsFile)

WdRegsFile 
*          1    00007000    0000002b     UNINITIALIZED
                  00007000    0000002b     F2837xD_GlobalVariableDefs.obj (WdRegsFile)

NmiIntruptRegsFile 
*          1    00007060    00000007     UNINITIALIZED
                  00007060    00000007     F2837xD_GlobalVariableDefs.obj (NmiIntruptRegsFile)

XintRegsFile 
*          1    00007070    0000000b     UNINITIALIZED
                  00007070    0000000b     F2837xD_GlobalVariableDefs.obj (XintRegsFile)

SciaRegsFile 
*          1    00007200    00000010     UNINITIALIZED
                  00007200    00000010     F2837xD_GlobalVariableDefs.obj (SciaRegsFile)

ScibRegsFile 
*          1    00007210    00000010     UNINITIALIZED
                  00007210    00000010     F2837xD_GlobalVariableDefs.obj (ScibRegsFile)

ScicRegsFile 
*          1    00007220    00000010     UNINITIALIZED
                  00007220    00000010     F2837xD_GlobalVariableDefs.obj (ScicRegsFile)

ScidRegsFile 
*          1    00007230    00000010     UNINITIALIZED
                  00007230    00000010     F2837xD_GlobalVariableDefs.obj (ScidRegsFile)

I2caRegsFile 
*          1    00007300    00000022     UNINITIALIZED
                  00007300    00000022     F2837xD_GlobalVariableDefs.obj (I2caRegsFile)

I2cbRegsFile 
*          1    00007340    00000022     UNINITIALIZED
                  00007340    00000022     F2837xD_GlobalVariableDefs.obj (I2cbRegsFile)

AdcaRegsFile 
*          1    00007400    00000080     UNINITIALIZED
                  00007400    00000080     F2837xD_GlobalVariableDefs.obj (AdcaRegsFile)

AdcbRegsFile 
*          1    00007480    00000080     UNINITIALIZED
                  00007480    00000080     F2837xD_GlobalVariableDefs.obj (AdcbRegsFile)

AdccRegsFile 
*          1    00007500    00000080     UNINITIALIZED
                  00007500    00000080     F2837xD_GlobalVariableDefs.obj (AdccRegsFile)

AdcdRegsFile 
*          1    00007580    00000080     UNINITIALIZED
                  00007580    00000080     F2837xD_GlobalVariableDefs.obj (AdcdRegsFile)

CanaRegsFile 
*          1    00048000    00000164     UNINITIALIZED
                  00048000    00000164     F2837xD_GlobalVariableDefs.obj (CanaRegsFile)

CanbRegsFile 
*          1    0004a000    00000164     UNINITIALIZED
                  0004a000    00000164     F2837xD_GlobalVariableDefs.obj (CanbRegsFile)

AnalogSubsysRegsFile 
*          1    0005d180    00000048     UNINITIALIZED
                  0005d180    00000048     F2837xD_GlobalVariableDefs.obj (AnalogSubsysRegsFile)

Cla1SoftIntRegsFile 
*          1    00000ce0    00000004     DSECT
                  00000ce0    00000004     F2837xD_GlobalVariableDefs.obj (Cla1SoftIntRegsFile)

Cmpss1RegsFile 
*          1    00005c80    00000020     UNINITIALIZED
                  00005c80    00000020     F2837xD_GlobalVariableDefs.obj (Cmpss1RegsFile)

Cmpss2RegsFile 
*          1    00005ca0    00000020     UNINITIALIZED
                  00005ca0    00000020     F2837xD_GlobalVariableDefs.obj (Cmpss2RegsFile)

Cmpss3RegsFile 
*          1    00005cc0    00000020     UNINITIALIZED
                  00005cc0    00000020     F2837xD_GlobalVariableDefs.obj (Cmpss3RegsFile)

Cmpss4RegsFile 
*          1    00005ce0    00000020     UNINITIALIZED
                  00005ce0    00000020     F2837xD_GlobalVariableDefs.obj (Cmpss4RegsFile)

Cmpss5RegsFile 
*          1    00005d00    00000020     UNINITIALIZED
                  00005d00    00000020     F2837xD_GlobalVariableDefs.obj (Cmpss5RegsFile)

Cmpss6RegsFile 
*          1    00005d20    00000020     UNINITIALIZED
                  00005d20    00000020     F2837xD_GlobalVariableDefs.obj (Cmpss6RegsFile)

Cmpss7RegsFile 
*          1    00005d40    00000020     UNINITIALIZED
                  00005d40    00000020     F2837xD_GlobalVariableDefs.obj (Cmpss7RegsFile)

Cmpss8RegsFile 
*          1    00005d60    00000020     UNINITIALIZED
                  00005d60    00000020     F2837xD_GlobalVariableDefs.obj (Cmpss8RegsFile)

InputXbarRegsFile 
*          1    00007900    00000020     UNINITIALIZED
                  00007900    00000020     F2837xD_GlobalVariableDefs.obj (InputXbarRegsFile)

XbarRegsFile 
*          1    00007920    00000020     UNINITIALIZED
                  00007920    00000020     F2837xD_GlobalVariableDefs.obj (XbarRegsFile)

SyncSocRegsFile 
*          1    00007940    00000006     UNINITIALIZED
                  00007940    00000006     F2837xD_GlobalVariableDefs.obj (SyncSocRegsFile)

DmaClaSrcSelRegsFile 
*          1    00007980    0000001a     UNINITIALIZED
                  00007980    0000001a     F2837xD_GlobalVariableDefs.obj (DmaClaSrcSelRegsFile)

EPwmXbarRegsFile 
*          1    00007a00    00000040     UNINITIALIZED
                  00007a00    00000040     F2837xD_GlobalVariableDefs.obj (EPwmXbarRegsFile)

OutputXbarRegsFile 
*          1    00007a80    00000040     UNINITIALIZED
                  00007a80    00000040     F2837xD_GlobalVariableDefs.obj (OutputXbarRegsFile)

GpioCtrlRegsFile 
*          1    00007c00    00000180     UNINITIALIZED
                  00007c00    00000180     F2837xD_GlobalVariableDefs.obj (GpioCtrlRegsFile)

GpioDataRegsFile 
*          1    00007f00    00000030     UNINITIALIZED
                  00007f00    00000030     F2837xD_GlobalVariableDefs.obj (GpioDataRegsFile)

Emif1RegsFile 
*          1    00047000    00000070     UNINITIALIZED
                  00047000    00000070     F2837xD_GlobalVariableDefs.obj (Emif1RegsFile)

Emif2RegsFile 
*          1    00047800    00000070     UNINITIALIZED
                  00047800    00000070     F2837xD_GlobalVariableDefs.obj (Emif2RegsFile)

IpcRegsFile 
*          1    00050000    00000024     UNINITIALIZED
                  00050000    00000024     F2837xD_GlobalVariableDefs.obj (IpcRegsFile)

FlashPumpSemaphoreRegsFile 
*          1    00050024    00000002     UNINITIALIZED
                  00050024    00000002     F2837xD_GlobalVariableDefs.obj (FlashPumpSemaphoreRegsFile)

RomPrefetchRegsFile 
*          1    0005e608    00000002     UNINITIALIZED
                  0005e608    00000002     F2837xD_GlobalVariableDefs.obj (RomPrefetchRegsFile)

DcsmZ1RegsFile 
*          1    0005f000    00000024     UNINITIALIZED
                  0005f000    00000024     F2837xD_GlobalVariableDefs.obj (DcsmZ1RegsFile)

DcsmZ2RegsFile 
*          1    0005f040    00000024     UNINITIALIZED
                  0005f040    00000024     F2837xD_GlobalVariableDefs.obj (DcsmZ2RegsFile)

DcsmCommonRegsFile 
*          1    0005f070    00000008     UNINITIALIZED
                  0005f070    00000008     F2837xD_GlobalVariableDefs.obj (DcsmCommonRegsFile)

MemCfgRegsFile 
*          1    0005f400    00000080     UNINITIALIZED
                  0005f400    00000080     F2837xD_GlobalVariableDefs.obj (MemCfgRegsFile)

Emif1ConfigRegsFile 
*          1    0005f480    00000020     UNINITIALIZED
                  0005f480    00000020     F2837xD_GlobalVariableDefs.obj (Emif1ConfigRegsFile)

Emif2ConfigRegsFile 
*          1    0005f4a0    00000020     UNINITIALIZED
                  0005f4a0    00000020     F2837xD_GlobalVariableDefs.obj (Emif2ConfigRegsFile)

AccessProtectionRegsFile 
*          1    0005f4c0    00000040     UNINITIALIZED
                  0005f4c0    00000040     F2837xD_GlobalVariableDefs.obj (AccessProtectionRegsFile)

MemoryErrorRegsFile 
*          1    0005f500    00000040     UNINITIALIZED
                  0005f500    00000040     F2837xD_GlobalVariableDefs.obj (MemoryErrorRegsFile)

RomWaitStateRegsFile 
*          1    0005f540    00000002     UNINITIALIZED
                  0005f540    00000002     F2837xD_GlobalVariableDefs.obj (RomWaitStateRegsFile)

Flash0CtrlRegsFile 
*          1    0005f800    00000182     UNINITIALIZED
                  0005f800    00000182     F2837xD_GlobalVariableDefs.obj (Flash0CtrlRegsFile)

Flash0EccRegsFile 
*          1    0005fb00    00000028     UNINITIALIZED
                  0005fb00    00000028     F2837xD_GlobalVariableDefs.obj (Flash0EccRegsFile)

DcsmZ1OtpFile 
*          1    00078000    00000020     NOLOAD SECTION
                  00078000    00000020     F2837xD_GlobalVariableDefs.obj (DcsmZ1OtpFile)

DcsmZ2OtpFile 
*          1    00078200    00000020     NOLOAD SECTION
                  00078200    00000020     F2837xD_GlobalVariableDefs.obj (DcsmZ2OtpFile)

DevCfgRegsFile 
*          1    0005d000    0000012e     UNINITIALIZED
                  0005d000    0000012e     F2837xD_GlobalVariableDefs.obj (DevCfgRegsFile)

ClkCfgRegsFile 
*          1    0005d200    00000032     UNINITIALIZED
                  0005d200    00000032     F2837xD_GlobalVariableDefs.obj (ClkCfgRegsFile)

CpuSysRegsFile 
*          1    0005d300    00000082     UNINITIALIZED
                  0005d300    00000082     F2837xD_GlobalVariableDefs.obj (CpuSysRegsFile)

.text.1    0    000821a0    00001e60     
                  000821a0    000015cc     ff.obj (.text)
                  0008376c    00000585     F2837xD_DefaultISR.obj (.text:retain)
                  00083cf1    00000244     F2837xD_Gpio.obj (.text)
                  00083f35    000000b0     rts2800_fpu32.lib : fputs.c.obj (.text)
                  00083fe5    00000019                       : args_main.c.obj (.text)
                  00083ffe    00000002                       : pre_init.c.obj (.text)

.text.2    0    00084000    00002000     
                  00084000    00000d6f     rts2800_fpu32.lib : _printfi.c.obj (.text)
                  00084d6f    000004ef     Ublox_8_Receiver.obj (.text)
                  0008525e    0000044c     mmc-F2837x.obj (.text)
                  000856aa    000003fc     F2837xD_Dma.obj (.text)
                  00085aa6    0000035d     SCI_driver.obj (.text)
                  00085e03    000001d4     rts2800_fpu32.lib : memory.c.obj (.text)
                  00085fd7    00000029                       : exit.c.obj (.text)

.text.3    0    0008603c    00001921     
                  0008603c    00000353     F2837xD_SysCtrl.obj (.text)
                  0008638f    000001ba     CPU1.obj (.text)
                  00086549    000001b6     SCI_driver.obj (.text:retain)
                  000866ff    00000156     SD_Queue.obj (.text)
                  00086855    00000107     rts2800_fpu32.lib : ll_div28.asm.obj (.text)
                  0008695c    000000f8                       : fopen.c.obj (.text)
                  00086a54    000000ce     CPU1.obj (.text:retain)
                  00086b22    000000cc     SDCARD_driver.obj (.text)
                  00086bee    000000ae     rts2800_fpu32.lib : s_scalbn.c.obj (.text)
                  00086c9c    0000009c                       : fd_add28.asm.obj (.text)
                  00086d38    00000095                       : trgmsg.c.obj (.text)
                  00086dcd    0000008c     F2837xD_CpuTimers.obj (.text)
                  00086e59    0000008b     rts2800_fpu32.lib : fd_div28.asm.obj (.text)
                  00086ee4    00000089                       : setvbuf.c.obj (.text)
                  00086f6d    00000083                       : fd_mpy28.asm.obj (.text)
                  00086ff0    00000073                       : fflush.c.obj (.text)
                  00087063    00000071                       : open.c.obj (.text)
                  000870d4    00000067                       : _io_perm.c.obj (.text)
                  0008713b    00000061                       : hostlseek.c.obj (.text)
                  0008719c    0000005f                       : fclose.c.obj (.text)
                  000871fb    0000005a                       : s_frexp.c.obj (.text)
                  00087255    00000056                       : boot28.asm.obj (.text)
                  000872ab    00000053                       : fputc.c.obj (.text)
                  000872fe    00000052     SPI_driver.obj (.text)
                  00087350    00000051     rts2800_fpu32.lib : getdevice.c.obj (.text)
                  000873a1    0000004a     F2837xD_Spi.obj (.text)
                  000873eb    00000040     rts2800_fpu32.lib : hostopen.c.obj (.text)
                  0008742b    0000003f                       : hostread.c.obj (.text)
                  0008746a    0000003e                       : hostrename.c.obj (.text)
                  000874a8    0000003d                       : fseek.c.obj (.text)
                  000874e5    00000038                       : hostwrite.c.obj (.text)
                  0008751d    00000034                       : printf.c.obj (.text)
                  00087551    00000033                       : close.c.obj (.text)
                  00087584    00000032                       : sprintf.c.obj (.text)
                  000875b6    00000031                       : atoi.c.obj (.text)
                  000875e7    00000030                       : ltoa.c.obj (.text)
                  00087617    0000002a                       : fd_cmp28.asm.obj (.text)
                  00087641    0000002a                       : l_div28.asm.obj (.text)
                  0008766b    00000029                       : hostclose.c.obj (.text)
                  00087694    00000028     F2837xD_PieCtrl.obj (.text)
                  000876bc    00000026     F2837xD_PieVect.obj (.text)
                  000876e2    00000025     rts2800_fpu32.lib : s_copysign.c.obj (.text)
                  00087707    00000024                       : cpy_tbl.c.obj (.text)
                  0008772b    00000024                       : hostunlink.c.obj (.text)
                  0008774f    00000021                       : fd_toi28.asm.obj (.text)
                  00087770    0000001f                       : fd_tol28.asm.obj (.text)
                  0008778f    0000001e                       : ll_cmp28.asm.obj (.text)
                  000877ad    0000001e                       : strncpy.c.obj (.text)
                  000877cb    0000001d                       : i_tofd28.asm.obj (.text)
                  000877e8    0000001d                       : memcpy.c.obj (.text)
                  00087805    0000001c                       : fs_tofdfpu32.asm.obj (.text)
                  00087821    0000001c                       : l_tofd28.asm.obj (.text)
                  0008783d    00000019                       : unlink.c.obj (.text)
                  00087856    00000019                       : write.c.obj (.text)
                  0008786f    00000018                       : ll_aox28.asm.obj (.text)
                  00087887    00000018                       : lseek.c.obj (.text)
                  0008789f    00000018                       : strncmp.c.obj (.text)
                  000878b7    00000016     Decode.obj (.text)
                  000878cd    00000010     rts2800_fpu32.lib : memchr.c.obj (.text)
                  000878dd    0000000e                       : fd_sub28.asm.obj (.text)
                  000878eb    0000000d                       : memccpy.c.obj (.text)
                  000878f8    0000000c                       : memset.c.obj (.text)
                  00087904    0000000c                       : strchr.c.obj (.text)
                  00087910    0000000b                       : u_div28.asm.obj (.text)
                  0008791b    0000000a                       : strcmp.c.obj (.text)
                  00087925    00000009                       : _lock.c.obj (.text)
                  0008792e    00000009                       : fd_neg28.asm.obj (.text)
                  00087937    00000009                       : strcat.c.obj (.text)
                  00087940    00000009                       : wcslen.c.obj (.text)
                  00087949    00000008                       : strlen.c.obj (.text)
                  00087951    00000005                       : strcpy.c.obj (.text)
                  00087956    00000003     F2837xD_DBGIER.obj (.text)
                  00087959    00000003     rts2800_fpu32.lib : remove.c.obj (.text)
                  0008795c    00000001                       : startup.c.obj (.text)

.ebss.1    1    00009800    00000800     UNINITIALIZED
                  00009800    000004da     SDCARD_driver.obj (.ebss)
                  00009cda    00000018     F2837xD_CpuTimers.obj (.ebss)
                  00009cf2    00000008     rts2800_fpu32.lib : hostopen.c.obj (.ebss)
                  00009cfa    00000006     F2837xD_TempSensorConv.obj (.ebss)
                  00009d00    000001ba     Ublox_8_Receiver.obj (.ebss)
                  00009eba    00000006     rts2800_fpu32.lib : exit.c.obj (.ebss)
                  00009ec0    0000008e     SCI_driver.obj (.ebss)
                  00009f4e    0000002f     CPU1.obj (.ebss)
                  00009f7d    00000001     F2837xD_sci_io.obj (.ebss)
                  00009f7e    00000002     rts2800_fpu32.lib : _lock.c.obj (.ebss:__lock)
                  00009f80    00000078     F2837xD_struct.obj (.ebss)
                  00009ff8    00000008     rts2800_fpu32.lib : memory.c.obj (.ebss)

.ebss.2    1    0000a000    0000021f     UNINITIALIZED
                  0000a000    00000160     rts2800_fpu32.lib : defs.c.obj (.ebss)
                  0000a160    00000018     SD_Queue.obj (.ebss)
                  0000a178    00000005     mmc-F2837x.obj (.ebss)
                  0000a17d    00000001     rts2800_fpu32.lib : errno.c.obj (.ebss)
                  0000a17e    00000002                       : _lock.c.obj (.ebss:__unlock)
                  0000a180    00000088                       : write.c.obj (.ebss)
                  0000a208    00000011     SPI_driver.obj (.ebss)
                  0000a219    00000001     rts2800_fpu32.lib : fopen.c.obj (.ebss)
                  0000a21a    00000004     ff.obj (.ebss)
                  0000a21e    00000001     rts2800_fpu32.lib : open.c.obj (.ebss)

MODULE SUMMARY

       Module                           code    initialized data   uninitialized data
       ------                           ----    ----------------   ------------------
    .\
       CPU1.obj                         648     95                 75                
    +--+--------------------------------+-------+------------------+--------------------+
       Total:                           648     95                 75                
                                                                                     
    .\F2837xD_common\source\
       F2837xD_DefaultISR.obj           1413    0                  0                 
       F2837xD_Dma.obj                  1020    0                  0                 
       F2837xD_SysCtrl.obj              961     0                  0                 
       F2837xD_Gpio.obj                 580     0                  0                 
       F2837xD_PieVect.obj              38      448                0                 
       F2837xD_struct.obj               0       144                120               
       F2837xD_CpuTimers.obj            140     0                  24                
       F2837xD_Ipc_Driver.obj           0       0                  136               
       F2837xD_Spi.obj                  74      0                  0                 
       F2837xD_PieCtrl.obj              40      0                  0                 
       F2837xD_usDelay.obj              8       0                  0                 
       F2837xD_TempSensorConv.obj       0       0                  6                 
       F2837xD_sci_io.obj               0       4                  1                 
       F2837xD_DBGIER.obj               3       0                  0                 
       F2837xD_CodeStartBranch.obj      2       0                  0                 
    +--+--------------------------------+-------+------------------+--------------------+
       Total:                           4279    596                287               
                                                                                     
    .\F2837xD_headers\source\
       F2837xD_GlobalVariableDefs.obj   0       0                  8759              
    +--+--------------------------------+-------+------------------+--------------------+
       Total:                           0       0                  8759              
                                                                                     
    .\sd_card\
       ff.obj                           5580    19                 4                 
       SDCARD_driver.obj                204     122                1242              
       mmc-F2837x.obj                   1100    8                  5                 
       SD_Queue.obj                     342     0                  24                
    +--+--------------------------------+-------+------------------+--------------------+
       Total:                           7226    149                1275              
                                                                                     
    .\src\
       Ublox_8_Receiver.obj             1263    26                 442               
       SCI_driver.obj                   1299    9                  142               
       SPI_driver.obj                   82      6                  17                
       Decode.obj                       22      0                  0                 
    +--+--------------------------------+-------+------------------+--------------------+
       Total:                           2666    41                 601               
                                                                                     
    C:/ti/ccsv8/tools/compiler/ti-cgt-c2000_18.1.4.LTS/lib/rts2800_fpu32.lib
       _printfi.c.obj                   3439    66                 0                 
       memory.c.obj                     468     4                  8                 
       trgmsg.c.obj                     149     0                  288               
       defs.c.obj                       0       42                 352               
       ll_div28.asm.obj                 263     0                  0                 
       ctype.c.obj                      0       257                0                 
       fopen.c.obj                      248     4                  1                 
       s_scalbn.c.obj                   174     28                 0                 
       write.c.obj                      25      41                 136               
       fputs.c.obj                      176     2                  0                 
       fd_add28.asm.obj                 156     0                  0                 
       fd_div28.asm.obj                 139     0                  0                 
       setvbuf.c.obj                    137     0                  0                 
       fd_mpy28.asm.obj                 131     0                  0                 
       open.c.obj                       113     4                  1                 
       fflush.c.obj                     115     0                  0                 
       _io_perm.c.obj                   103     0                  0                 
       s_frexp.c.obj                    90      8                  0                 
       hostlseek.c.obj                  97      0                  0                 
       fclose.c.obj                     95      0                  0                 
       boot28.asm.obj                   86      0                  0                 
       fputc.c.obj                      83      0                  0                 
       getdevice.c.obj                  81      0                  0                 
       hostopen.c.obj                   64      0                  8                 
       hostread.c.obj                   63      0                  0                 
       hostrename.c.obj                 62      0                  0                 
       exit.c.obj                       41      14                 6                 
       fseek.c.obj                      61      0                  0                 
       hostwrite.c.obj                  56      0                  0                 
       printf.c.obj                     52      0                  0                 
       close.c.obj                      51      0                  0                 
       sprintf.c.obj                    50      0                  0                 
       atoi.c.obj                       49      0                  0                 
       ltoa.c.obj                       48      0                  0                 
       fd_cmp28.asm.obj                 42      0                  0                 
       l_div28.asm.obj                  42      0                  0                 
       hostclose.c.obj                  41      0                  0                 
       s_copysign.c.obj                 37      0                  0                 
       cpy_tbl.c.obj                    36      0                  0                 
       hostunlink.c.obj                 36      0                  0                 
       fd_toi28.asm.obj                 33      0                  0                 
       fd_tol28.asm.obj                 31      0                  0                 
       ll_cmp28.asm.obj                 30      0                  0                 
       strncpy.c.obj                    30      0                  0                 
       i_tofd28.asm.obj                 29      0                  0                 
       memcpy.c.obj                     29      0                  0                 
       fs_tofdfpu32.asm.obj             28      0                  0                 
       l_tofd28.asm.obj                 28      0                  0                 
       args_main.c.obj                  25      0                  0                 
       unlink.c.obj                     25      0                  0                 
       ll_aox28.asm.obj                 24      0                  0                 
       lseek.c.obj                      24      0                  0                 
       strncmp.c.obj                    24      0                  0                 
       _lock.c.obj                      9       10                 4                 
       memchr.c.obj                     16      0                  0                 
       fd_sub28.asm.obj                 14      0                  0                 
       memccpy.c.obj                    13      0                  0                 
       memset.c.obj                     12      0                  0                 
       strchr.c.obj                     12      0                  0                 
       u_div28.asm.obj                  11      0                  0                 
       strcmp.c.obj                     10      0                  0                 
       fd_neg28.asm.obj                 9       0                  0                 
       strcat.c.obj                     9       0                  0                 
       wcslen.c.obj                     9       0                  0                 
       strlen.c.obj                     8       0                  0                 
       errno.c.obj                      0       4                  1                 
       strcpy.c.obj                     5       0                  0                 
       remove.c.obj                     3       0                  0                 
       pre_init.c.obj                   2       0                  0                 
       startup.c.obj                    1       0                  0                 
    +--+--------------------------------+-------+------------------+--------------------+
       Total:                           7702    484                805               
                                                                                     
       Heap:                            0       0                  24576             
       Stack:                           0       0                  4096              
    +--+--------------------------------+-------+------------------+--------------------+
       Grand Total:                     22521   1365               40474             


GLOBAL DATA SYMBOLS: SORTED BY DATA PAGE

address     data page           name
--------    ----------------    ----
00000b00      2c (00000b00)     _AdcaResultRegs
00000b20      2c (00000b00)     _AdcbResultRegs

00000b40      2d (00000b40)     _AdccResultRegs
00000b60      2d (00000b40)     _AdcdResultRegs

00000c00      30 (00000c00)     _CpuTimer0Regs
00000c08      30 (00000c00)     _CpuTimer1Regs
00000c10      30 (00000c00)     _CpuTimer2Regs

00000ce0      33 (00000cc0)     _Cla1SoftIntRegs
00000ce0      33 (00000cc0)     _PieCtrlRegs

00000d00      34 (00000d00)     _EmuKey
00000d00      34 (00000d00)     _PieVectTable
00000d01      34 (00000d00)     _EmuBMode

00001000      40 (00001000)     _DmaRegs

00001400      50 (00001400)     _Cla1Regs

00004000     100 (00004000)     _EPwm1Regs

00004100     104 (00004100)     _EPwm2Regs

00004200     108 (00004200)     _EPwm3Regs

00004300     10c (00004300)     _EPwm4Regs

00004400     110 (00004400)     _EPwm5Regs

00004500     114 (00004500)     _EPwm6Regs

00004600     118 (00004600)     _EPwm7Regs

00004700     11c (00004700)     _EPwm8Regs

00004800     120 (00004800)     _EPwm9Regs

00004900     124 (00004900)     _EPwm10Regs

00004a00     128 (00004a00)     _EPwm11Regs

00004b00     12c (00004b00)     _EPwm12Regs

00005000     140 (00005000)     _ECap1Regs
00005020     140 (00005000)     _ECap2Regs

00005040     141 (00005040)     _ECap3Regs
00005060     141 (00005040)     _ECap4Regs

00005080     142 (00005080)     _ECap5Regs
000050a0     142 (00005080)     _ECap6Regs

00005100     144 (00005100)     _EQep1Regs

00005140     145 (00005140)     _EQep2Regs

00005180     146 (00005180)     _EQep3Regs

00005c00     170 (00005c00)     _DacaRegs
00005c10     170 (00005c00)     _DacbRegs
00005c20     170 (00005c00)     _DaccRegs

00005c80     172 (00005c80)     _Cmpss1Regs
00005ca0     172 (00005c80)     _Cmpss2Regs

00005cc0     173 (00005cc0)     _Cmpss3Regs
00005ce0     173 (00005cc0)     _Cmpss4Regs

00005d00     174 (00005d00)     _Cmpss5Regs
00005d20     174 (00005d00)     _Cmpss6Regs

00005d40     175 (00005d40)     _Cmpss7Regs
00005d60     175 (00005d40)     _Cmpss8Regs

00005e00     178 (00005e00)     _Sdfm1Regs

00005e80     17a (00005e80)     _Sdfm2Regs

00006000     180 (00006000)     _McbspaRegs

00006040     181 (00006040)     _McbspbRegs

00006100     184 (00006100)     _SpiaRegs
00006110     184 (00006100)     _SpibRegs
00006120     184 (00006100)     _SpicRegs

00006200     188 (00006200)     _UppRegs

00007000     1c0 (00007000)     _WdRegs

00007060     1c1 (00007040)     _NmiIntruptRegs
00007070     1c1 (00007040)     _XintRegs

00007200     1c8 (00007200)     _SciaRegs
00007210     1c8 (00007200)     _ScibRegs
00007220     1c8 (00007200)     _ScicRegs
00007230     1c8 (00007200)     _ScidRegs

00007300     1cc (00007300)     _I2caRegs

00007340     1cd (00007340)     _I2cbRegs

00007400     1d0 (00007400)     _AdcaRegs

00007480     1d2 (00007480)     _AdcbRegs

00007500     1d4 (00007500)     _AdccRegs

00007580     1d6 (00007580)     _AdcdRegs

00007900     1e4 (00007900)     _InputXbarRegs
00007920     1e4 (00007900)     _XbarRegs

00007940     1e5 (00007940)     _SyncSocRegs

00007980     1e6 (00007980)     _DmaClaSrcSelRegs

00007a00     1e8 (00007a00)     _EPwmXbarRegs

00007a80     1ea (00007a80)     _OutputXbarRegs

00007c00     1f0 (00007c00)     _GpioCtrlRegs

00007f00     1fc (00007f00)     _GpioDataRegs

00008800     220 (00008800)     __stack

00009800     260 (00009800)     _resOp
00009802     260 (00009800)     _dirs
00009810     260 (00009800)     _finfo

00009840     261 (00009840)     _path

00009880     262 (00009880)     _fsrc

00009ac0     26b (00009ac0)     _fs

00009cda     273 (00009cc0)     _CpuTimer1
00009ce2     273 (00009cc0)     _CpuTimer2
00009cea     273 (00009cc0)     _CpuTimer0
00009cf2     273 (00009cc0)     _parmbuf
00009cfa     273 (00009cc0)     _tempSensor_tempOffset
00009cfc     273 (00009cc0)     _tempSensor_scaleFactor
00009cfe     273 (00009cc0)     _tempSensor_tempSlope

00009d00     274 (00009d00)     _pstSAT
00009d02     274 (00009d00)     _pstPVT
00009d04     274 (00009d00)     _stSAT
00009d08     274 (00009d00)     _PVTpacket

00009d40     275 (00009d40)     _stPVT

00009d80     276 (00009d80)     _TranCommPack

00009dc0     277 (00009dc0)     _SATpacket

00009eba     27a (00009e80)     ___TI_enable_exit_profile_output
00009ebc     27a (00009e80)     ___TI_cleanup_ptr
00009ebe     27a (00009e80)     ___TI_dtors_ptr

00009ec0     27b (00009ec0)     _MAX_FIFO_size
00009ec2     27b (00009ec0)     _pSCIBRXqueue
00009ec4     27b (00009ec0)     _pSCIBTXqueue
00009ec6     27b (00009ec0)     _pSCIDRXqueue
00009ec8     27b (00009ec0)     _pSCICRXqueue
00009eca     27b (00009ec0)     _pSCICTXqueue
00009ecc     27b (00009ec0)     _pSCIATXqueue
00009ece     27b (00009ec0)     _pSCIARXqueue
00009ed0     27b (00009ec0)     _pSCIDTXqueue
00009ed2     27b (00009ec0)     _MCU_TIME
00009ed4     27b (00009ec0)     _SCIBTXqueue
00009ee2     27b (00009ec0)     _SCIBRXqueue
00009ef0     27b (00009ec0)     _SCIATXqueue

00009f00     27c (00009f00)     _SCIARXqueue
00009f0e     27c (00009f00)     _SCIDTXqueue
00009f1c     27c (00009f00)     _SCIDRXqueue
00009f2a     27c (00009f00)     _SCICTXqueue

00009f40     27d (00009f40)     _SCICRXqueue
00009f4e     27d (00009f40)     _DMA_RX_DONE
00009f4f     27d (00009f40)     _F_FileOpen
00009f50     27d (00009f40)     _DMA_TX_DONE
00009f51     27d (00009f40)     _TIMER1_FLAG
00009f52     27d (00009f40)     _PVT_READY
00009f53     27d (00009f40)     _i
00009f54     27d (00009f40)     _System_Start
00009f55     27d (00009f40)     _Q_data_write
00009f56     27d (00009f40)     _IMU_READY
00009f58     27d (00009f40)     _T1CNT1
00009f5a     27d (00009f40)     _T1CNT0
00009f5c     27d (00009f40)     _DMASource
00009f5e     27d (00009f40)     _DMADest
00009f60     27d (00009f40)     _Small_scale_timer1
00009f62     27d (00009f40)     _Small_scale_timer0
00009f64     27d (00009f40)     _T0CNT1
00009f66     27d (00009f40)     _T0CNT0
00009f68     27d (00009f40)     _Time_Check3
00009f6a     27d (00009f40)     _Time_Check2
00009f6c     27d (00009f40)     _j
00009f6e     27d (00009f40)     _Time_Check
00009f70     27d (00009f40)     _pch
00009f7d     27d (00009f40)     _deviceOpen
00009f7e     27d (00009f40)     __lock

00009f80     27e (00009f80)     _SCI
00009f84     27e (00009f80)     _MCBSP
00009f88     27e (00009f80)     _I2C
00009f8c     27e (00009f80)     _SDFM
00009f92     27e (00009f80)     _EQEP
00009f9a     27e (00009f80)     _SPI
00009fa2     27e (00009f80)     _ADC
00009fac     27e (00009f80)     _ECAP

00009fc0     27f (00009fc0)     _EPWM
00009fda     27f (00009fc0)     _TRIP_SEL

0000a000     280 (0000a000)     ___TI_ft_end

0000a040     281 (0000a040)     __ftable

0000a0c0     283 (0000a0c0)     ___TI_tmpnams

0000a160     285 (0000a140)     _pstLogQueue3
0000a162     285 (0000a140)     _pstLogQueue2
0000a164     285 (0000a140)     _pstLogQueue
0000a166     285 (0000a140)     _stLogQueue2
0000a16c     285 (0000a140)     _stLogQueue3
0000a172     285 (0000a140)     _stLogQueue
0000a17d     285 (0000a140)     _errno
0000a17e     285 (0000a140)     __unlock

0000a180     286 (0000a180)     __stream

0000a1c0     287 (0000a1c0)     __device

0000a208     288 (0000a200)     _IMUpacket
0000a21b     288 (0000a200)     _boundary_flag

0000e000     380 (0000e000)     __sys_memory

00019000     640 (00019000)     _IMU_TIME
00019002     640 (00019000)     _rdata
0001900f     640 (00019000)     _sdata

0001b000     6c0 (0001b000)     __CIOBUF_

0003f800     fe0 (0003f800)     _g_asIPCCPU2toCPU1Buffers

0003f880     fe2 (0003f880)     _g_usGetWriteIndexes
0003f884     fe2 (0003f880)     _g_usPutReadIndexes

0003fc00     ff0 (0003fc00)     _g_asIPCCPU1toCPU2Buffers

0003fc80     ff2 (0003fc80)     _g_usPutWriteIndexes
0003fc84     ff2 (0003fc80)     _g_usGetReadIndexes

00047000    11c0 (00047000)     _Emif1Regs

00047800    11e0 (00047800)     _Emif2Regs

00048000    1200 (00048000)     _CanaRegs

0004a000    1280 (0004a000)     _CanbRegs

00050000    1400 (00050000)     _IpcRegs
00050024    1400 (00050000)     _FlashPumpSemaphoreRegs

0005d000    1740 (0005d000)     _DevCfgRegs

0005d180    1746 (0005d180)     _AnalogSubsysRegs

0005d200    1748 (0005d200)     _ClkCfgRegs

0005d300    174c (0005d300)     _CpuSysRegs

0005e608    1798 (0005e600)     _RomPrefetchRegs

0005f000    17c0 (0005f000)     _DcsmZ1Regs

0005f040    17c1 (0005f040)     _DcsmZ2Regs
0005f070    17c1 (0005f040)     _DcsmCommonRegs

0005f400    17d0 (0005f400)     _MemCfgRegs

0005f480    17d2 (0005f480)     _Emif1ConfigRegs
0005f4a0    17d2 (0005f480)     _Emif2ConfigRegs

0005f4c0    17d3 (0005f4c0)     _AccessProtectionRegs

0005f500    17d4 (0005f500)     _MemoryErrorRegs

0005f540    17d5 (0005f540)     _RomWaitStateRegs

0005f800    17e0 (0005f800)     _Flash0CtrlRegs

0005fb00    17ec (0005fb00)     _Flash0EccRegs

00078000    1e00 (00078000)     _DcsmZ1Otp

00078200    1e08 (00078200)     _DcsmZ2Otp

00090000    2400 (00090000)     _PieVectTableInit

000901c0    2407 (000901c0)     __ctypes_


GLOBAL SYMBOLS: SORTED ALPHABETICALLY BY Name 

page  address   name                                  
----  -------   ----                                  
abs   ffffffff  .text                                 
0     00085fd7  C$$EXIT                               
0     00086d8b  C$$IO$$                               
0     00086c9c  FD$$ADD                               
0     00087617  FD$$CMP                               
0     00086e59  FD$$DIV                               
0     00086f6d  FD$$MPY                               
0     0008792e  FD$$NEG                               
0     000878dd  FD$$SUB                               
0     0008774f  FD$$TOI                               
0     00087770  FD$$TOL                               
0     00087805  FS$$TOFD                              
0     000877cb  I$$TOFD                               
0     00087641  L$$DIV                                
0     00087650  L$$MOD                                
0     00087821  L$$TOFD                               
0     0008786f  LL$$AND                               
0     0008778f  LL$$CMP                               
0     00086855  LL$$DIV                               
0     00086891  LL$$MOD                               
0     00087877  LL$$OR                                
0     0008787f  LL$$XOR                               
0     00087910  U$$DIV                                
0     00087915  U$$MOD                                
0     0008765e  UL$$DIV                               
0     00087665  UL$$MOD                               
0     000877a1  ULL$$CMP                              
0     000868cb  ULL$$DIV                              
0     000868fa  ULL$$MOD                              
1     00009fa2  _ADC                                  
0     0008382a  _ADCA1_ISR                            
0     00083aaa  _ADCA2_ISR                            
0     00083ab4  _ADCA3_ISR                            
0     00083abe  _ADCA4_ISR                            
0     00083aa0  _ADCA_EVT_ISR                         
0     00083834  _ADCB1_ISR                            
0     00083ad2  _ADCB2_ISR                            
0     00083adc  _ADCB3_ISR                            
0     00083ae6  _ADCB4_ISR                            
0     00083ac8  _ADCB_EVT_ISR                         
0     0008383e  _ADCC1_ISR                            
0     00083c3a  _ADCC2_ISR                            
0     00083c44  _ADCC3_ISR                            
0     00083c4e  _ADCC4_ISR                            
0     00083c30  _ADCC_EVT_ISR                         
0     0008385c  _ADCD1_ISR                            
0     00083c62  _ADCD2_ISR                            
0     00083c6c  _ADCD3_ISR                            
0     00083c76  _ADCD4_ISR                            
0     00083c58  _ADCD_EVT_ISR                         
0     00083cb2  _AUX_PLL_SLIP_ISR                     
1     0005f4c0  _AccessProtectionRegs                 
1     00007400  _AdcaRegs                             
1     00000b00  _AdcaResultRegs                       
1     00007480  _AdcbRegs                             
1     00000b20  _AdcbResultRegs                       
1     00007500  _AdccRegs                             
1     00000b40  _AdccResultRegs                       
1     00007580  _AdcdRegs                             
1     00000b60  _AdcdResultRegs                       
1     0005d180  _AnalogSubsysRegs                     
0     0008633b  _AuxAuxClkSel                         
0     00086325  _AuxIntOsc2Sel                        
0     0008632f  _AuxXtalOscSel                        
0     00084dca  _BuadRateSet_NEO_8N                   
0     00083a78  _CANA0_ISR                            
0     00083a82  _CANA1_ISR                            
0     00083a8c  _CANB0_ISR                            
0     00083a96  _CANB1_ISR                            
0     00083af0  _CLA1_1_ISR                           
0     00083afa  _CLA1_2_ISR                           
0     00083b04  _CLA1_3_ISR                           
0     00083b0e  _CLA1_4_ISR                           
0     00083b18  _CLA1_5_ISR                           
0     00083b22  _CLA1_6_ISR                           
0     00083b2c  _CLA1_7_ISR                           
0     00083b36  _CLA1_8_ISR                           
0     00083cbc  _CLA_OVERFLOW_ISR                     
0     00083cc6  _CLA_UNDERFLOW_ISR                    
1     00048000  _CanaRegs                             
1     0004a000  _CanbRegs                             
1     00001400  _Cla1Regs                             
0     00000ce0  _Cla1SoftIntRegs                      
1     0005d200  _ClkCfgRegs                           
1     00005c80  _Cmpss1Regs                           
1     00005ca0  _Cmpss2Regs                           
1     00005cc0  _Cmpss3Regs                           
1     00005ce0  _Cmpss4Regs                           
1     00005d00  _Cmpss5Regs                           
1     00005d20  _Cmpss6Regs                           
1     00005d40  _Cmpss7Regs                           
1     00005d60  _Cmpss8Regs                           
0     00086e0e  _ConfigCpuTimer                       
1     0005d300  _CpuSysRegs                           
1     00009cea  _CpuTimer0                            
1     00000c00  _CpuTimer0Regs                        
1     00009cda  _CpuTimer1                            
1     00000c08  _CpuTimer1Regs                        
1     00009ce2  _CpuTimer2                            
1     00000c10  _CpuTimer2Regs                        
0     00086b22  _CreateNewFile                        
0     000862e4  _CsmUnlock                            
0     00083780  _DATALOG_ISR                          
0     000856b5  _DMACH1AddrConfig                     
0     00085a46  _DMACH1AddrConfig32bit                
0     000856c5  _DMACH1BurstConfig                    
0     000856f8  _DMACH1ModeConfig                     
0     000856d5  _DMACH1TransferConfig                 
0     000856e5  _DMACH1WrapConfig                     
0     0008574e  _DMACH2AddrConfig                     
0     00085a56  _DMACH2AddrConfig32bit                
0     0008575e  _DMACH2BurstConfig                    
0     00085791  _DMACH2ModeConfig                     
0     0008576e  _DMACH2TransferConfig                 
0     0008577e  _DMACH2WrapConfig                     
0     000857e8  _DMACH3AddrConfig                     
0     00085a66  _DMACH3AddrConfig32bit                
0     000857f8  _DMACH3BurstConfig                    
0     0008582b  _DMACH3ModeConfig                     
0     00085808  _DMACH3TransferConfig                 
0     00085818  _DMACH3WrapConfig                     
0     00085881  _DMACH4AddrConfig                     
0     00085a76  _DMACH4AddrConfig32bit                
0     00085891  _DMACH4BurstConfig                    
0     000858c4  _DMACH4ModeConfig                     
0     000858a1  _DMACH4TransferConfig                 
0     000858b1  _DMACH4WrapConfig                     
0     0008591b  _DMACH5AddrConfig                     
0     00085a86  _DMACH5AddrConfig32bit                
0     0008592b  _DMACH5BurstConfig                    
0     0008595e  _DMACH5ModeConfig                     
0     0008593b  _DMACH5TransferConfig                 
0     0008594b  _DMACH5WrapConfig                     
0     000859b0  _DMACH6AddrConfig                     
0     00085a96  _DMACH6AddrConfig32bit                
0     000859c0  _DMACH6BurstConfig                    
0     000859f3  _DMACH6ModeConfig                     
0     000859d0  _DMACH6TransferConfig                 
0     000859e0  _DMACH6WrapConfig                     
1     00009f5e  _DMADest                              
0     000856aa  _DMAInitialize                        
1     00009f5c  _DMASource                            
0     000839c4  _DMA_CH1_ISR                          
0     000839ce  _DMA_CH2_ISR                          
0     000839d8  _DMA_CH3_ISR                          
0     000839e2  _DMA_CH4_ISR                          
0     000839ec  _DMA_CH5_ISR                          
0     000839f6  _DMA_CH6_ISR                          
1     00009f4e  _DMA_RX_DONE                          
1     00009f50  _DMA_TX_DONE                          
1     00005c00  _DacaRegs                             
1     00005c10  _DacbRegs                             
1     00005c20  _DaccRegs                             
1     0005f070  _DcsmCommonRegs                       
1     00078000  _DcsmZ1Otp                            
1     0005f000  _DcsmZ1Regs                           
1     00078200  _DcsmZ2Otp                            
1     0005f040  _DcsmZ2Regs                           
1     0005d000  _DevCfgRegs                           
0     00086148  _DisableDog                           
0     00086109  _DisablePeripheralClocks              
1     00007980  _DmaClaSrcSelRegs                     
1     00001000  _DmaRegs                              
1     00009fac  _ECAP                                 
0     0008391a  _ECAP1_ISR                            
0     00083924  _ECAP2_ISR                            
0     0008392e  _ECAP3_ISR                            
0     00083938  _ECAP4_ISR                            
0     00083942  _ECAP5_ISR                            
0     0008394c  _ECAP6_ISR                            
1     00005000  _ECap1Regs                            
1     00005020  _ECap2Regs                            
1     00005040  _ECap3Regs                            
1     00005060  _ECap4Regs                            
1     00005080  _ECap5Regs                            
1     000050a0  _ECap6Regs                            
0     00083c80  _EMIF_ERROR_ISR                       
0     00083cda  _EMPTY_ISR                            
0     00083794  _EMU_ISR                              
1     00009fc0  _EPWM                                 
0     00083bd6  _EPWM10_ISR                           
0     00083bae  _EPWM10_TZ_ISR                        
0     00083be0  _EPWM11_ISR                           
0     00083bb8  _EPWM11_TZ_ISR                        
0     00083bea  _EPWM12_ISR                           
0     00083bc2  _EPWM12_TZ_ISR                        
0     000838ca  _EPWM1_ISR                            
0     0008387a  _EPWM1_TZ_ISR                         
0     000838d4  _EPWM2_ISR                            
0     00083884  _EPWM2_TZ_ISR                         
0     000838de  _EPWM3_ISR                            
0     0008388e  _EPWM3_TZ_ISR                         
0     000838e8  _EPWM4_ISR                            
0     00083898  _EPWM4_TZ_ISR                         
0     000838f2  _EPWM5_ISR                            
0     000838a2  _EPWM5_TZ_ISR                         
0     000838fc  _EPWM6_ISR                            
0     000838ac  _EPWM6_TZ_ISR                         
0     00083906  _EPWM7_ISR                            
0     000838b6  _EPWM7_TZ_ISR                         
0     00083910  _EPWM8_ISR                            
0     000838c0  _EPWM8_TZ_ISR                         
0     00083bcc  _EPWM9_ISR                            
0     00083ba4  _EPWM9_TZ_ISR                         
1     00004900  _EPwm10Regs                           
1     00004a00  _EPwm11Regs                           
1     00004b00  _EPwm12Regs                           
1     00004000  _EPwm1Regs                            
1     00004100  _EPwm2Regs                            
1     00004200  _EPwm3Regs                            
1     00004300  _EPwm4Regs                            
1     00004400  _EPwm5Regs                            
1     00004500  _EPwm6Regs                            
1     00004600  _EPwm7Regs                            
1     00004700  _EPwm8Regs                            
1     00004800  _EPwm9Regs                            
1     00007a00  _EPwmXbarRegs                         
1     00009f92  _EQEP                                 
0     00083956  _EQEP1_ISR                            
0     00083960  _EQEP2_ISR                            
0     0008396a  _EQEP3_ISR                            
1     00005100  _EQep1Regs                            
1     00005140  _EQep2Regs                            
1     00005180  _EQep3Regs                            
1     0005f480  _Emif1ConfigRegs                      
1     00047000  _Emif1Regs                            
1     0005f4a0  _Emif2ConfigRegs                      
1     00047800  _Emif2Regs                            
1     00000d01  _EmuBMode                             
1     00000d00  _EmuKey                               
0     000876b3  _EnableInterrupts                     
0     00008037  _F28x_usDelay                         
0     00083c94  _FLASH_CORRECTABLE_ERROR_ISR          
0     00083b68  _FPU_OVERFLOW_ISR                     
0     00083b72  _FPU_UNDERFLOW_ISR                    
1     00009f4f  _F_FileOpen                           
1     0005f800  _Flash0CtrlRegs                       
1     0005fb00  _Flash0EccRegs                        
0     00008029  _FlashOff                             
1     00050024  _FlashPumpSemaphoreRegs               
0     0008653c  _GET_time0                            
0     00083eea  _GPIO_EnableUnbondedIOPullups         
0     00083ec5  _GPIO_EnableUnbondedIOPullupsFor100Pin
0     00083eac  _GPIO_EnableUnbondedIOPullupsFor176Pin
0     00083f00  _GPIO_ReadPin                         
0     00083e51  _GPIO_SetupLock                       
0     00083d31  _GPIO_SetupPinMux                     
0     00083dbd  _GPIO_SetupPinOptions                 
0     00083e7a  _GPIO_SetupXINT1Gpio                  
0     00083e84  _GPIO_SetupXINT2Gpio                  
0     00083e8e  _GPIO_SetupXINT3Gpio                  
0     00083e98  _GPIO_SetupXINT4Gpio                  
0     00083ea2  _GPIO_SetupXINT5Gpio                  
0     00083f17  _GPIO_WritePin                        
1     00007c00  _GpioCtrlRegs                         
1     00007f00  _GpioDataRegs                         
0     00086359  _HALT                                 
0     00086372  _HIB                                  
0     0008766b  _HOSTclose                            
0     0008713b  _HOSTlseek                            
0     000873eb  _HOSTopen                             
0     0008742b  _HOSTread                             
0     0008746a  _HOSTrename                           
0     0008772b  _HOSTunlink                           
0     000874e5  _HOSTwrite                            
1     00009f88  _I2C                                  
0     00083a0a  _I2CA_FIFO_ISR                        
0     00083a00  _I2CA_ISR                             
0     00083a1e  _I2CB_FIFO_ISR                        
0     00083a14  _I2CB_ISR                             
1     00007300  _I2caRegs                             
1     00007340  _I2cbRegs                             
0     00086345  _IDLE                                 
0     000837a8  _ILLEGAL_ISR                          
1     00009f56  _IMU_READY                            
0     00086548  _IMU_REG_SET                          
1     00019000  _IMU_TIME                             
1     0000a208  _IMUpacket                            
0     00086ab7  _INTCH5_ISR                           
0     00086acf  _INTCH6_ISR                           
0     00083b7c  _IPC0_ISR                             
0     00083b86  _IPC1_ISR                             
0     00083b90  _IPC2_ISR                             
0     00083b9a  _IPC3_ISR                             
0     0008621c  _InitAuxPll                           
0     00084eac  _InitCommands_NEO_8N                  
0     00086dcd  _InitCpuTimers                        
0     00008000  _InitFlash                            
0     00083cf1  _InitGpio                             
0     0008607f  _InitPeripheralClocks                 
0     00087694  _InitPieCtrl                          
0     000876bc  _InitPieVectTable                     
0     00085aa6  _InitScia                             
0     00085aef  _InitSciaQueue                        
0     00085b30  _InitScib                             
0     00085b75  _InitScibQueue                        
0     00085bfe  _InitScic                             
0     00085c43  _InitScicQueue                        
0     00085c88  _InitScid                             
0     00085cbb  _InitScidQueue                        
0     000873a1  _InitSpia                             
0     000873ce  _InitSpic                             
0     0008603c  _InitSysCtrl                          
0     00086156  _InitSysPll                           
1     00007900  _InputXbarRegs                        
1     00050000  _IpcRegs                              
0     000867ad  _Log_EnQueue                          
0     000867e5  _Log_EnQueue2                         
0     0008681d  _Log_EnQueue3                         
0     00086729  _Log_Init                             
1     00009ec0  _MAX_FIFO_size                        
1     00009f84  _MCBSP                                
0     0008399c  _MCBSPA_RX_ISR                        
0     000839a6  _MCBSPA_TX_ISR                        
0     000839b0  _MCBSPB_RX_ISR                        
0     000839ba  _MCBSPB_TX_ISR                        
1     00009ed2  _MCU_TIME                             
0     000878b7  _MakeCheckSum                         
0     000851f6  _Make_UBLOX_CheckSumBit               
1     00006000  _McbspaRegs                           
1     00006040  _McbspbRegs                           
1     0005f400  _MemCfgRegs                           
1     0005f500  _MemoryErrorRegs                      
0     00084f54  _NAV_PVT_Decode                       
0     000851a0  _NAV_SAT_Decode                       
0     00084d6f  _NEO_Init                             
0     0008379e  _NMI_ISR                              
0     00083ce7  _NOTUSED_ISR                          
1     00007060  _NmiIntruptRegs                       
1     00007a80  _OutputXbarRegs                       
0     00083cd0  _PIE_RESERVED_ISR                     
1     00009f52  _PVT_READY                            
1     00009d08  _PVTpacket                            
1     00000ce0  _PieCtrlRegs                          
1     00000d00  _PieVectTable                         
0     00090000  _PieVectTableInit                     
1     00009f55  _Q_data_write                         
0     000867ff  _Queue2Write                          
0     00086837  _Queue3Write                          
0     000867c7  _QueueWrite                           
0     00083c9e  _RAM_ACCESS_VIOLATION_ISR             
0     00083c8a  _RAM_CORRECTABLE_ERROR_ISR            
0     0008378a  _RTOS_ISR                             
0     0008603b  _RamfuncsLoadEnd                      
abs   0000003b  _RamfuncsLoadSize                     
0     00086000  _RamfuncsLoadStart                    
0     0000803b  _RamfuncsRunEnd                       
abs   0000003b  _RamfuncsRunSize                      
0     00008000  _RamfuncsRunStart                     
0     00086130  _ReleaseFlashPump                     
1     0005e608  _RomPrefetchRegs                      
1     0005f540  _RomWaitStateRegs                     
[...]
0     00085fd7  C$$EXIT                               
0     00085fd7  _abort                                
0     00085fd9  _exit                                 
0     00086000  _RamfuncsLoadStart                    
0     0008603b  _RamfuncsLoadEnd                      
0     0008603c  _InitSysCtrl                          
0     0008607f  _InitPeripheralClocks                 
0     00086109  _DisablePeripheralClocks              
0     00086121  _SeizeFlashPump                       
0     00086130  _ReleaseFlashPump                     
0     0008613a  _ServiceDog                           
0     00086148  _DisableDog                           
0     00086156  _InitSysPll                           
0     0008621c  _InitAuxPll                           
0     000862e4  _CsmUnlock                            
0     00086305  _SysIntOsc1Sel                        
0     0008630f  _SysIntOsc2Sel                        
0     00086319  _SysXtalOscSel                        
0     00086325  _AuxIntOsc2Sel                        
0     0008632f  _AuxXtalOscSel                        
0     0008633b  _AuxAuxClkSel                         
0     00086345  _IDLE                                 
0     0008634e  _STANDBY                              
0     00086359  _HALT                                 
0     00086372  _HIB                                  
0     0008638f  _main                                 
0     000864f3  _dma_init                             
0     0008653c  _GET_time0                            
0     00086548  _IMU_REG_SET                          
0     00086549  _scia_RX_ISR                          
0     00086556  _scia_TX_ISR                          
0     00086563  _scib_RX_ISR                          
0     000865be  _scib_TX_ISR                          
0     00086624  _scic_RX_ISR                          
0     00086631  _scic_TX_ISR                          
0     0008663e  _scid_RX_ISR                          
0     00086699  _scid_TX_ISR                          
0     00086729  _Log_Init                             
0     000867ad  _Log_EnQueue                          
0     000867c7  _QueueWrite                           
0     000867e5  _Log_EnQueue2                         
0     000867ff  _Queue2Write                          
0     0008681d  _Log_EnQueue3                         
0     00086837  _Queue3Write                          
0     00086855  LL$$DIV                               
0     00086891  LL$$MOD                               
0     000868cb  ULL$$DIV                              
0     000868fa  ULL$$MOD                              
0     000869d3  ___TI_cleanup                         
0     000869f0  _freopen                              
0     00086a0e  _fopen                                
0     00086a54  _cpu_timer0_isr                       
0     00086a6a  _cpu_timer1_isr                       
0     00086ab7  _INTCH5_ISR                           
0     00086acf  _INTCH6_ISR                           
0     00086b22  _CreateNewFile                        
0     00086b85  _SD_Initialize                        
0     00086bda  _SD_DataStorage                       
0     00086be9  _SD_Sync                              
0     00086bee  _ldexpl                               
0     00086bee  _scalbnl                              
0     00086c9c  FD$$ADD                               
0     00086d38  ___TI_writemsg                        
0     00086d8b  C$$IO$$                               
0     00086d90  ___TI_readmsg                         
0     00086dcd  _InitCpuTimers                        
0     00086e0e  _ConfigCpuTimer                       
0     00086e59  FD$$DIV                               
0     00086ee4  _setvbuf                              
0     00086f6d  FD$$MPY                               
0     00086ff0  ___TI_doflush                         
0     0008701f  _fflush                               
0     00087063  _open                                 
0     000870d4  ___TI_wrt_ok                          
0     0008710f  ___TI_rd_ok                           
0     0008713b  _HOSTlseek                            
0     0008719c  ___TI_closefile                       
0     000871e0  _fclose                               
0     000871fb  _frexpl                               
0     00087255  _c_int00                              
0     000872ab  _fputc                                
0     000872ab  _putc                                 
0     000872f9  _putchar                              
0     000872fe  _TX_BufferAddress_ADIS16448           
0     00087326  _UpdateIMUPacket                      
0     00087350  _finddevice                           
0     0008736b  _getdevice                            
0     000873a1  _InitSpia                             
0     000873ce  _InitSpic                             
0     000873eb  _HOSTopen                             
0     0008742b  _HOSTread                             
0     0008746a  _HOSTrename                           
0     000874a8  _fseek                                
0     000874e5  _HOSTwrite                            
0     00087523  _printf                               
0     00087551  _close                                
0     00087584  _sprintf                              
0     000875b6  _atoi                                 
0     000875e7  _ltoa                                 
0     00087617  FD$$CMP                               
0     00087641  L$$DIV                                
0     00087650  L$$MOD                                
0     0008765e  UL$$DIV                               
0     00087665  UL$$MOD                               
0     0008766b  _HOSTclose                            
0     00087694  _InitPieCtrl                          
0     000876b3  _EnableInterrupts                     
0     000876bc  _InitPieVectTable                     
0     000876e2  _copysignl                            
0     00087707  _copy_in                              
0     0008772b  _HOSTunlink                           
0     0008774f  FD$$TOI                               
0     00087770  FD$$TOL                               
0     0008778f  LL$$CMP                               
0     000877a1  ULL$$CMP                              
0     000877ad  _strncpy                              
0     000877cb  I$$TOFD                               
0     000877e8  _memcpy                               
0     00087805  FS$$TOFD                              
0     00087821  L$$TOFD                               
0     0008783d  _unlink                               
0     00087856  _write                                
0     0008786f  LL$$AND                               
0     00087877  LL$$OR                                
0     0008787f  LL$$XOR                               
0     00087887  _lseek                                
0     0008789f  _strncmp                              
0     000878b7  _MakeCheckSum                         
0     000878cd  _memchr                               
0     000878dd  FD$$SUB                               
0     000878eb  _memccpy                              
0     000878f8  _memset                               
0     00087904  _strchr                               
0     00087910  U$$DIV                                
0     00087915  U$$MOD                                
0     0008791b  _strcmp                               
0     00087925  __register_unlock                     
0     00087929  __register_lock                       
0     0008792d  __nop                                 
0     0008792e  FD$$NEG                               
0     00087937  _strcat                               
0     00087940  _wcslen                               
0     00087949  _strlen                               
0     00087951  _strcpy                               
0     00087956  _SetDBGIER                            
0     00087959  _remove                               
0     0008795c  __system_post_cinit                   
0     00090000  _PieVectTableInit                     
0     000901c0  __ctypes_                             
1     00000b00  _AdcaResultRegs                       
1     00000b20  _AdcbResultRegs                       
1     00000b40  _AdccResultRegs                       
1     00000b60  _AdcdResultRegs                       
1     00000c00  _CpuTimer0Regs                        
1     00000c08  _CpuTimer1Regs                        
1     00000c10  _CpuTimer2Regs                        
1     00000ce0  _PieCtrlRegs                          
1     00000d00  _EmuKey                               
1     00000d00  _PieVectTable                         
1     00000d01  _EmuBMode                             
1     00001000  _DmaRegs                              
1     00001400  _Cla1Regs                             
1     00004000  _EPwm1Regs                            
1     00004100  _EPwm2Regs                            
1     00004200  _EPwm3Regs                            
1     00004300  _EPwm4Regs                            
1     00004400  _EPwm5Regs                            
1     00004500  _EPwm6Regs                            
1     00004600  _EPwm7Regs                            
1     00004700  _EPwm8Regs                            
1     00004800  _EPwm9Regs                            
1     00004900  _EPwm10Regs                           
1     00004a00  _EPwm11Regs                           
1     00004b00  _EPwm12Regs                           
1     00005000  _ECap1Regs                            
1     00005020  _ECap2Regs                            
1     00005040  _ECap3Regs                            
1     00005060  _ECap4Regs                            
1     00005080  _ECap5Regs                            
1     000050a0  _ECap6Regs                            
1     00005100  _EQep1Regs                            
1     00005140  _EQep2Regs                            
1     00005180  _EQep3Regs                            
1     00005c00  _DacaRegs                             
1     00005c10  _DacbRegs                             
1     00005c20  _DaccRegs                             
1     00005c80  _Cmpss1Regs                           
1     00005ca0  _Cmpss2Regs                           
1     00005cc0  _Cmpss3Regs                           
1     00005ce0  _Cmpss4Regs                           
1     00005d00  _Cmpss5Regs                           
1     00005d20  _Cmpss6Regs                           
1     00005d40  _Cmpss7Regs                           
1     00005d60  _Cmpss8Regs                           
1     00005e00  _Sdfm1Regs                            
1     00005e80  _Sdfm2Regs                            
1     00006000  _McbspaRegs                           
1     00006040  _McbspbRegs                           
1     00006100  _SpiaRegs                             
1     00006110  _SpibRegs                             
1     00006120  _SpicRegs                             
1     00006200  _UppRegs                              
1     00007000  _WdRegs                               
1     00007060  _NmiIntruptRegs                       
1     00007070  _XintRegs                             
1     00007200  _SciaRegs                             
1     00007210  _ScibRegs                             
1     00007220  _ScicRegs                             
1     00007230  _ScidRegs                             
1     00007300  _I2caRegs                             
1     00007340  _I2cbRegs                             
1     00007400  _AdcaRegs                             
1     00007480  _AdcbRegs                             
1     00007500  _AdccRegs                             
1     00007580  _AdcdRegs                             
1     00007900  _InputXbarRegs                        
1     00007920  _XbarRegs                             
1     00007940  _SyncSocRegs                          
1     00007980  _DmaClaSrcSelRegs                     
1     00007a00  _EPwmXbarRegs                         
1     00007a80  _OutputXbarRegs                       
1     00007c00  _GpioCtrlRegs                         
1     00007f00  _GpioDataRegs                         
1     00008800  __stack                               
1     00009800  __STACK_END                           
1     00009800  _resOp                                
1     00009802  _dirs                                 
1     00009810  _finfo                                
1     00009840  _path                                 
1     00009880  _fsrc                                 
1     00009ac0  _fs                                   
1     00009cda  _CpuTimer1                            
1     00009ce2  _CpuTimer2                            
1     00009cea  _CpuTimer0                            
1     00009cf2  _parmbuf                              
1     00009cfa  _tempSensor_tempOffset                
1     00009cfc  _tempSensor_scaleFactor               
1     00009cfe  _tempSensor_tempSlope                 
1     00009d00  _pstSAT                               
1     00009d02  _pstPVT                               
1     00009d04  _stSAT                                
1     00009d08  _PVTpacket                            
1     00009d40  _stPVT                                
1     00009d80  _TranCommPack                         
1     00009dc0  _SATpacket                            
1     00009eba  ___TI_enable_exit_profile_output      
1     00009ebc  ___TI_cleanup_ptr                     
1     00009ebe  ___TI_dtors_ptr                       
1     00009ec0  _MAX_FIFO_size                        
1     00009ec2  _pSCIBRXqueue                         
1     00009ec4  _pSCIBTXqueue                         
1     00009ec6  _pSCIDRXqueue                         
1     00009ec8  _pSCICRXqueue                         
1     00009eca  _pSCICTXqueue                         
1     00009ecc  _pSCIATXqueue                         
1     00009ece  _pSCIARXqueue                         
1     00009ed0  _pSCIDTXqueue                         
1     00009ed2  _MCU_TIME                             
1     00009ed4  _SCIBTXqueue                          
1     00009ee2  _SCIBRXqueue                          
1     00009ef0  _SCIATXqueue                          
1     00009f00  _SCIARXqueue                          
1     00009f0e  _SCIDTXqueue                          
1     00009f1c  _SCIDRXqueue                          
1     00009f2a  _SCICTXqueue                          
1     00009f40  _SCICRXqueue                          
1     00009f4e  _DMA_RX_DONE                          
1     00009f4f  _F_FileOpen                           
1     00009f50  _DMA_TX_DONE                          
1     00009f51  _TIMER1_FLAG                          
1     00009f52  _PVT_READY                            
1     00009f53  _i                                    
1     00009f54  _System_Start                         
1     00009f55  _Q_data_write                         
1     00009f56  _IMU_READY                            
1     00009f58  _T1CNT1                               
1     00009f5a  _T1CNT0                               
1     00009f5c  _DMASource                            
1     00009f5e  _DMADest                              
1     00009f60  _Small_scale_timer1                   
1     00009f62  _Small_scale_timer0                   
1     00009f64  _T0CNT1                               
1     00009f66  _T0CNT0                               
1     00009f68  _Time_Check3                          
1     00009f6a  _Time_Check2                          
1     00009f6c  _j                                    
1     00009f6e  _Time_Check                           
1     00009f70  _pch                                  
1     00009f7d  _deviceOpen                           
1     00009f7e  __lock                                
1     00009f80  _SCI                                  
1     00009f84  _MCBSP                                
1     00009f88  _I2C                                  
1     00009f8c  _SDFM                                 
1     00009f92  _EQEP                                 
1     00009f9a  _SPI                                  
1     00009fa2  _ADC                                  
1     00009fac  _ECAP                                 
1     00009fc0  _EPWM                                 
1     00009fda  _TRIP_SEL                             
1     0000a000  ___TI_ft_end                          
1     0000a040  __ftable                              
1     0000a0c0  ___TI_tmpnams                         
1     0000a160  _pstLogQueue3                         
1     0000a162  _pstLogQueue2                         
1     0000a164  _pstLogQueue                          
1     0000a166  _stLogQueue2                          
1     0000a16c  _stLogQueue3                          
1     0000a172  _stLogQueue                           
1     0000a17d  _errno                                
1     0000a17e  __unlock                              
1     0000a180  __stream                              
1     0000a1c0  __device                              
1     0000a208  _IMUpacket                            
1     0000a21b  _boundary_flag                        
1     0000e000  __sys_memory                          
1     00019000  _IMU_TIME                             
1     00019002  _rdata                                
1     0001900f  _sdata                                
1     0001b000  __CIOBUF_                             
1     0003fc00  _g_asIPCCPU1toCPU2Buffers             
1     0003fc80  _g_usPutWriteIndexes                  
1     0003fc84  _g_usGetReadIndexes                   
1     00047000  _Emif1Regs                            
1     00047800  _Emif2Regs                            
1     00048000  _CanaRegs                             
1     0004a000  _CanbRegs                             
1     00050000  _IpcRegs                              
1     00050024  _FlashPumpSemaphoreRegs               
1     0005d000  _DevCfgRegs                           
1     0005d180  _AnalogSubsysRegs                     
1     0005d200  _ClkCfgRegs                           
1     0005d300  _CpuSysRegs                           
1     0005e608  _RomPrefetchRegs                      
1     0005f000  _DcsmZ1Regs                           
1     0005f040  _DcsmZ2Regs                           
1     0005f070  _DcsmCommonRegs                       
1     0005f400  _MemCfgRegs                           
1     0005f480  _Emif1ConfigRegs                      
1     0005f4a0  _Emif2ConfigRegs                      
1     0005f4c0  _AccessProtectionRegs                 
1     0005f500  _MemoryErrorRegs                      
1     0005f540  _RomWaitStateRegs                     
1     0005f800  _Flash0CtrlRegs                       
1     0005fb00  _Flash0EccRegs                        
1     00078000  _DcsmZ1Otp                            
1     00078200  _DcsmZ2Otp                            
abs   0000003b  _RamfuncsLoadSize                     
abs   0000003b  _RamfuncsRunSize                      
abs   00001000  __STACK_SIZE                          
abs   00006000  __SYSMEM_SIZE                         
abs   ffffffff  .text                                 
abs   ffffffff  ___TI_pprof_out_hndl                  
abs   ffffffff  ___TI_prof_data_size                  
abs   ffffffff  ___TI_prof_data_start                 
abs   ffffffff  ___binit__                            
abs   ffffffff  ___c_args__                           
abs   ffffffff  ___etext__                            
abs   ffffffff  ___pinit__                            
abs   ffffffff  ___text__                             
abs   ffffffff  binit                                 
abs   ffffffff  etext                                 
abs   ffffffff  pinit                                 

[637 symbols]
