<?xml version="1.0" encoding="ISO-8859-1" ?>
<link_info>
   <banner>TMS320C2000 Linker PC v18.1.4.LTS</banner>
   <copyright>Copyright (c) 1996-2018 Texas Instruments Incorporated</copyright>
   <link_time>0x5c921604</link_time>
   <link_errors>0x0</link_errors>
   <output_file>CPU1.out</output_file>
   <entry_point>
      <name>_c_int00</name>
      <address>0x87255</address>
   </entry_point>
   <input_file_list>
      <input_file id="fl-3">
         <path>.\</path>
         <kind>object</kind>
         <file>CPU1.obj</file>
         <name>CPU1.obj</name>
      </input_file>
      <input_file id="fl-4">
         <path>.\F2837xD_common\source\</path>
         <kind>object</kind>
         <file>F2837xD_Adc.obj</file>
         <name>F2837xD_Adc.obj</name>
      </input_file>
      <input_file id="fl-5">
         <path>.\F2837xD_common\source\</path>
         <kind>object</kind>
         <file>F2837xD_CodeStartBranch.obj</file>
         <name>F2837xD_CodeStartBranch.obj</name>
      </input_file>
      <input_file id="fl-6">
         <path>.\F2837xD_common\source\</path>
         <kind>object</kind>
         <file>F2837xD_CpuTimers.obj</file>
         <name>F2837xD_CpuTimers.obj</name>
      </input_file>
      <input_file id="fl-7">
         <path>.\F2837xD_common\source\</path>
         <kind>object</kind>
         <file>F2837xD_DBGIER.obj</file>
         <name>F2837xD_DBGIER.obj</name>
      </input_file>
      <input_file id="fl-8">
         <path>.\F2837xD_common\source\</path>
         <kind>object</kind>
         <file>F2837xD_DefaultISR.obj</file>
         <name>F2837xD_DefaultISR.obj</name>
      </input_file>
      <input_file id="fl-9">
         <path>.\F2837xD_common\source\</path>
         <kind>object</kind>
         <file>F2837xD_Dma.obj</file>
         <name>F2837xD_Dma.obj</name>
      </input_file>
      <input_file id="fl-a">
         <path>.\F2837xD_common\source\</path>
         <kind>object</kind>
         <file>F2837xD_ECap.obj</file>
         <name>F2837xD_ECap.obj</name>
      </input_file>
      <input_file id="fl-b">
         <path>.\F2837xD_common\source\</path>
         <kind>object</kind>
         <file>F2837xD_EPwm.obj</file>
         <name>F2837xD_EPwm.obj</name>
      </input_file>
      <input_file id="fl-c">
         <path>.\F2837xD_common\source\</path>
         <kind>object</kind>
         <file>F2837xD_EQep.obj</file>
         <name>F2837xD_EQep.obj</name>
      </input_file>
      <input_file id="fl-d">
         <path>.\F2837xD_common\source\</path>
         <kind>object</kind>
         <file>F2837xD_Emif.obj</file>
         <name>F2837xD_Emif.obj</name>
      </input_file>
      <input_file id="fl-e">
         <path>.\F2837xD_common\source\</path>
         <kind>object</kind>
         <file>F2837xD_Gpio.obj</file>
         <name>F2837xD_Gpio.obj</name>
      </input_file>
      <input_file id="fl-f">
         <path>.\F2837xD_common\source\</path>
         <kind>object</kind>
         <file>F2837xD_I2C.obj</file>
         <name>F2837xD_I2C.obj</name>
      </input_file>
      <input_file id="fl-10">
         <path>.\F2837xD_common\source\</path>
         <kind>object</kind>
         <file>F2837xD_Ipc.obj</file>
         <name>F2837xD_Ipc.obj</name>
      </input_file>
      <input_file id="fl-11">
         <path>.\F2837xD_common\source\</path>
         <kind>object</kind>
         <file>F2837xD_Ipc_Driver.obj</file>
         <name>F2837xD_Ipc_Driver.obj</name>
      </input_file>
      <input_file id="fl-12">
         <path>.\F2837xD_common\source\</path>
         <kind>object</kind>
         <file>F2837xD_Ipc_Driver_Lite.obj</file>
         <name>F2837xD_Ipc_Driver_Lite.obj</name>
      </input_file>
      <input_file id="fl-13">
         <path>.\F2837xD_common\source\</path>
         <kind>object</kind>
         <file>F2837xD_Ipc_Driver_Util.obj</file>
         <name>F2837xD_Ipc_Driver_Util.obj</name>
      </input_file>
      <input_file id="fl-14">
         <path>.\F2837xD_common\source\</path>
         <kind>object</kind>
         <file>F2837xD_Mcbsp.obj</file>
         <name>F2837xD_Mcbsp.obj</name>
      </input_file>
      <input_file id="fl-15">
         <path>.\F2837xD_common\source\</path>
         <kind>object</kind>
         <file>F2837xD_PieCtrl.obj</file>
         <name>F2837xD_PieCtrl.obj</name>
      </input_file>
      <input_file id="fl-16">
         <path>.\F2837xD_common\source\</path>
         <kind>object</kind>
         <file>F2837xD_PieVect.obj</file>
         <name>F2837xD_PieVect.obj</name>
      </input_file>
      <input_file id="fl-17">
         <path>.\F2837xD_common\source\</path>
         <kind>object</kind>
         <file>F2837xD_Sci.obj</file>
         <name>F2837xD_Sci.obj</name>
      </input_file>
      <input_file id="fl-18">
         <path>.\F2837xD_common\source\</path>
         <kind>object</kind>
         <file>F2837xD_Spi.obj</file>
         <name>F2837xD_Spi.obj</name>
      </input_file>
      <input_file id="fl-19">
         <path>.\F2837xD_common\source\</path>
         <kind>object</kind>
         <file>F2837xD_SysCtrl.obj</file>
         <name>F2837xD_SysCtrl.obj</name>
      </input_file>
      <input_file id="fl-1a">
         <path>.\F2837xD_common\source\</path>
         <kind>object</kind>
         <file>F2837xD_TempSensorConv.obj</file>
         <name>F2837xD_TempSensorConv.obj</name>
      </input_file>
      <input_file id="fl-1b">
         <path>.\F2837xD_common\source\</path>
         <kind>object</kind>
         <file>F2837xD_Upp.obj</file>
         <name>F2837xD_Upp.obj</name>
      </input_file>
      <input_file id="fl-1c">
         <path>.\F2837xD_common\source\</path>
         <kind>object</kind>
         <file>F2837xD_can.obj</file>
         <name>F2837xD_can.obj</name>
      </input_file>
      <input_file id="fl-1d">
         <path>.\F2837xD_common\source\</path>
         <kind>object</kind>
         <file>F2837xD_sci_io.obj</file>
         <name>F2837xD_sci_io.obj</name>
      </input_file>
      <input_file id="fl-1e">
         <path>.\F2837xD_common\source\</path>
         <kind>object</kind>
         <file>F2837xD_sdfm_drivers.obj</file>
         <name>F2837xD_sdfm_drivers.obj</name>
      </input_file>
      <input_file id="fl-1f">
         <path>.\F2837xD_common\source\</path>
         <kind>object</kind>
         <file>F2837xD_struct.obj</file>
         <name>F2837xD_struct.obj</name>
      </input_file>
      <input_file id="fl-20">
         <path>.\F2837xD_common\source\</path>
         <kind>object</kind>
         <file>F2837xD_usDelay.obj</file>
         <name>F2837xD_usDelay.obj</name>
      </input_file>
      <input_file id="fl-21">
         <path>.\F2837xD_headers\source\</path>
         <kind>object</kind>
         <file>F2837xD_GlobalVariableDefs.obj</file>
         <name>F2837xD_GlobalVariableDefs.obj</name>
      </input_file>
      <input_file id="fl-22">
         <path>.\sd_card\</path>
         <kind>object</kind>
         <file>SDCARD_driver.obj</file>
         <name>SDCARD_driver.obj</name>
      </input_file>
      <input_file id="fl-23">
         <path>.\sd_card\</path>
         <kind>object</kind>
         <file>SD_Queue.obj</file>
         <name>SD_Queue.obj</name>
      </input_file>
      <input_file id="fl-24">
         <path>.\sd_card\</path>
         <kind>object</kind>
         <file>ff.obj</file>
         <name>ff.obj</name>
      </input_file>
      <input_file id="fl-25">
         <path>.\sd_card\</path>
         <kind>object</kind>
         <file>mmc-F2837x.obj</file>
         <name>mmc-F2837x.obj</name>
      </input_file>
      <input_file id="fl-26">
         <path>.\src\</path>
         <kind>object</kind>
         <file>Decode.obj</file>
         <name>Decode.obj</name>
      </input_file>
      <input_file id="fl-27">
         <path>.\src\</path>
         <kind>object</kind>
         <file>SCI_driver.obj</file>
         <name>SCI_driver.obj</name>
      </input_file>
      <input_file id="fl-28">
         <path>.\src\</path>
         <kind>object</kind>
         <file>SPI_driver.obj</file>
         <name>SPI_driver.obj</name>
      </input_file>
      <input_file id="fl-29">
         <path>.\src\</path>
         <kind>object</kind>
         <file>Ublox_8_Receiver.obj</file>
         <name>Ublox_8_Receiver.obj</name>
      </input_file>
      <input_file id="fl-32">
         <kind>object</kind>
         <file>&lt;internal&gt;</file>
         <name>&lt;internal&gt;</name>
      </input_file>
      <input_file id="fl-3e">
         <path>C:\ti\ccsv8\tools\compiler\ti-cgt-c2000_18.1.4.LTS\lib\</path>
         <kind>archive</kind>
         <file>rts2800_fpu32.lib</file>
         <name>ll_aox28.asm.obj</name>
      </input_file>
      <input_file id="fl-3f">
         <path>C:\ti\ccsv8\tools\compiler\ti-cgt-c2000_18.1.4.LTS\lib\</path>
         <kind>archive</kind>
         <file>rts2800_fpu32.lib</file>
         <name>u_div28.asm.obj</name>
      </input_file>
      <input_file id="fl-40">
         <path>C:\ti\ccsv8\tools\compiler\ti-cgt-c2000_18.1.4.LTS\lib\</path>
         <kind>archive</kind>
         <file>rts2800_fpu32.lib</file>
         <name>atoi.c.obj</name>
      </input_file>
      <input_file id="fl-41">
         <path>C:\ti\ccsv8\tools\compiler\ti-cgt-c2000_18.1.4.LTS\lib\</path>
         <kind>archive</kind>
         <file>rts2800_fpu32.lib</file>
         <name>ctype.c.obj</name>
      </input_file>
      <input_file id="fl-42">
         <path>C:\ti\ccsv8\tools\compiler\ti-cgt-c2000_18.1.4.LTS\lib\</path>
         <kind>archive</kind>
         <file>rts2800_fpu32.lib</file>
         <name>boot28.asm.obj</name>
      </input_file>
      <input_file id="fl-43">
         <path>C:\ti\ccsv8\tools\compiler\ti-cgt-c2000_18.1.4.LTS\lib\</path>
         <kind>archive</kind>
         <file>rts2800_fpu32.lib</file>
         <name>args_main.c.obj</name>
      </input_file>
      <input_file id="fl-44">
         <path>C:\ti\ccsv8\tools\compiler\ti-cgt-c2000_18.1.4.LTS\lib\</path>
         <kind>archive</kind>
         <file>rts2800_fpu32.lib</file>
         <name>startup.c.obj</name>
      </input_file>
      <input_file id="fl-45">
         <path>C:\ti\ccsv8\tools\compiler\ti-cgt-c2000_18.1.4.LTS\lib\</path>
         <kind>archive</kind>
         <file>rts2800_fpu32.lib</file>
         <name>pre_init.c.obj</name>
      </input_file>
      <input_file id="fl-46">
         <path>C:\ti\ccsv8\tools\compiler\ti-cgt-c2000_18.1.4.LTS\lib\</path>
         <kind>archive</kind>
         <file>rts2800_fpu32.lib</file>
         <name>cpy_tbl.c.obj</name>
      </input_file>
      <input_file id="fl-47">
         <path>C:\ti\ccsv8\tools\compiler\ti-cgt-c2000_18.1.4.LTS\lib\</path>
         <kind>archive</kind>
         <file>rts2800_fpu32.lib</file>
         <name>exit.c.obj</name>
      </input_file>
      <input_file id="fl-48">
         <path>C:\ti\ccsv8\tools\compiler\ti-cgt-c2000_18.1.4.LTS\lib\</path>
         <kind>archive</kind>
         <file>rts2800_fpu32.lib</file>
         <name>_lock.c.obj</name>
      </input_file>
      <input_file id="fl-49">
         <path>C:\ti\ccsv8\tools\compiler\ti-cgt-c2000_18.1.4.LTS\lib\</path>
         <kind>archive</kind>
         <file>rts2800_fpu32.lib</file>
         <name>memory.c.obj</name>
      </input_file>
      <input_file id="fl-4a">
         <path>C:\ti\ccsv8\tools\compiler\ti-cgt-c2000_18.1.4.LTS\lib\</path>
         <kind>archive</kind>
         <file>rts2800_fpu32.lib</file>
         <name>memcpy.c.obj</name>
      </input_file>
      <input_file id="fl-4b">
         <path>C:\ti\ccsv8\tools\compiler\ti-cgt-c2000_18.1.4.LTS\lib\</path>
         <kind>archive</kind>
         <file>rts2800_fpu32.lib</file>
         <name>memset.c.obj</name>
      </input_file>
      <input_file id="fl-4c">
         <path>C:\ti\ccsv8\tools\compiler\ti-cgt-c2000_18.1.4.LTS\lib\</path>
         <kind>archive</kind>
         <file>rts2800_fpu32.lib</file>
         <name>printf.c.obj</name>
      </input_file>
      <input_file id="fl-4d">
         <path>C:\ti\ccsv8\tools\compiler\ti-cgt-c2000_18.1.4.LTS\lib\</path>
         <kind>archive</kind>
         <file>rts2800_fpu32.lib</file>
         <name>_printfi.c.obj</name>
      </input_file>
      <input_file id="fl-4e">
         <path>C:\ti\ccsv8\tools\compiler\ti-cgt-c2000_18.1.4.LTS\lib\</path>
         <kind>archive</kind>
         <file>rts2800_fpu32.lib</file>
         <name>fd_cmp28.asm.obj</name>
      </input_file>
      <input_file id="fl-4f">
         <path>C:\ti\ccsv8\tools\compiler\ti-cgt-c2000_18.1.4.LTS\lib\</path>
         <kind>archive</kind>
         <file>rts2800_fpu32.lib</file>
         <name>fd_div28.asm.obj</name>
      </input_file>
      <input_file id="fl-50">
         <path>C:\ti\ccsv8\tools\compiler\ti-cgt-c2000_18.1.4.LTS\lib\</path>
         <kind>archive</kind>
         <file>rts2800_fpu32.lib</file>
         <name>fd_mpy28.asm.obj</name>
      </input_file>
      <input_file id="fl-51">
         <path>C:\ti\ccsv8\tools\compiler\ti-cgt-c2000_18.1.4.LTS\lib\</path>
         <kind>archive</kind>
         <file>rts2800_fpu32.lib</file>
         <name>fd_neg28.asm.obj</name>
      </input_file>
      <input_file id="fl-52">
         <path>C:\ti\ccsv8\tools\compiler\ti-cgt-c2000_18.1.4.LTS\lib\</path>
         <kind>archive</kind>
         <file>rts2800_fpu32.lib</file>
         <name>fd_sub28.asm.obj</name>
      </input_file>
      <input_file id="fl-53">
         <path>C:\ti\ccsv8\tools\compiler\ti-cgt-c2000_18.1.4.LTS\lib\</path>
         <kind>archive</kind>
         <file>rts2800_fpu32.lib</file>
         <name>fd_add28.asm.obj</name>
      </input_file>
      <input_file id="fl-54">
         <path>C:\ti\ccsv8\tools\compiler\ti-cgt-c2000_18.1.4.LTS\lib\</path>
         <kind>archive</kind>
         <file>rts2800_fpu32.lib</file>
         <name>fd_toi28.asm.obj</name>
      </input_file>
      <input_file id="fl-55">
         <path>C:\ti\ccsv8\tools\compiler\ti-cgt-c2000_18.1.4.LTS\lib\</path>
         <kind>archive</kind>
         <file>rts2800_fpu32.lib</file>
         <name>fd_tol28.asm.obj</name>
      </input_file>
      <input_file id="fl-56">
         <path>C:\ti\ccsv8\tools\compiler\ti-cgt-c2000_18.1.4.LTS\lib\</path>
         <kind>archive</kind>
         <file>rts2800_fpu32.lib</file>
         <name>fs_tofdfpu32.asm.obj</name>
      </input_file>
      <input_file id="fl-57">
         <path>C:\ti\ccsv8\tools\compiler\ti-cgt-c2000_18.1.4.LTS\lib\</path>
         <kind>archive</kind>
         <file>rts2800_fpu32.lib</file>
         <name>i_tofd28.asm.obj</name>
      </input_file>
      <input_file id="fl-58">
         <path>C:\ti\ccsv8\tools\compiler\ti-cgt-c2000_18.1.4.LTS\lib\</path>
         <kind>archive</kind>
         <file>rts2800_fpu32.lib</file>
         <name>l_tofd28.asm.obj</name>
      </input_file>
      <input_file id="fl-59">
         <path>C:\ti\ccsv8\tools\compiler\ti-cgt-c2000_18.1.4.LTS\lib\</path>
         <kind>archive</kind>
         <file>rts2800_fpu32.lib</file>
         <name>ll_cmp28.asm.obj</name>
      </input_file>
      <input_file id="fl-5a">
         <path>C:\ti\ccsv8\tools\compiler\ti-cgt-c2000_18.1.4.LTS\lib\</path>
         <kind>archive</kind>
         <file>rts2800_fpu32.lib</file>
         <name>ll_div28.asm.obj</name>
      </input_file>
      <input_file id="fl-5b">
         <path>C:\ti\ccsv8\tools\compiler\ti-cgt-c2000_18.1.4.LTS\lib\</path>
         <kind>archive</kind>
         <file>rts2800_fpu32.lib</file>
         <name>defs.c.obj</name>
      </input_file>
      <input_file id="fl-5c">
         <path>C:\ti\ccsv8\tools\compiler\ti-cgt-c2000_18.1.4.LTS\lib\</path>
         <kind>archive</kind>
         <file>rts2800_fpu32.lib</file>
         <name>fputc.c.obj</name>
      </input_file>
      <input_file id="fl-5d">
         <path>C:\ti\ccsv8\tools\compiler\ti-cgt-c2000_18.1.4.LTS\lib\</path>
         <kind>archive</kind>
         <file>rts2800_fpu32.lib</file>
         <name>fflush.c.obj</name>
      </input_file>
      <input_file id="fl-5e">
         <path>C:\ti\ccsv8\tools\compiler\ti-cgt-c2000_18.1.4.LTS\lib\</path>
         <kind>archive</kind>
         <file>rts2800_fpu32.lib</file>
         <name>_io_perm.c.obj</name>
      </input_file>
      <input_file id="fl-5f">
         <path>C:\ti\ccsv8\tools\compiler\ti-cgt-c2000_18.1.4.LTS\lib\</path>
         <kind>archive</kind>
         <file>rts2800_fpu32.lib</file>
         <name>fputs.c.obj</name>
      </input_file>
      <input_file id="fl-60">
         <path>C:\ti\ccsv8\tools\compiler\ti-cgt-c2000_18.1.4.LTS\lib\</path>
         <kind>archive</kind>
         <file>rts2800_fpu32.lib</file>
         <name>s_frexp.c.obj</name>
      </input_file>
      <input_file id="fl-61">
         <path>C:\ti\ccsv8\tools\compiler\ti-cgt-c2000_18.1.4.LTS\lib\</path>
         <kind>archive</kind>
         <file>rts2800_fpu32.lib</file>
         <name>fseek.c.obj</name>
      </input_file>
      <input_file id="fl-62">
         <path>C:\ti\ccsv8\tools\compiler\ti-cgt-c2000_18.1.4.LTS\lib\</path>
         <kind>archive</kind>
         <file>rts2800_fpu32.lib</file>
         <name>s_scalbn.c.obj</name>
      </input_file>
      <input_file id="fl-63">
         <path>C:\ti\ccsv8\tools\compiler\ti-cgt-c2000_18.1.4.LTS\lib\</path>
         <kind>archive</kind>
         <file>rts2800_fpu32.lib</file>
         <name>s_copysign.c.obj</name>
      </input_file>
      <input_file id="fl-64">
         <path>C:\ti\ccsv8\tools\compiler\ti-cgt-c2000_18.1.4.LTS\lib\</path>
         <kind>archive</kind>
         <file>rts2800_fpu32.lib</file>
         <name>errno.c.obj</name>
      </input_file>
      <input_file id="fl-65">
         <path>C:\ti\ccsv8\tools\compiler\ti-cgt-c2000_18.1.4.LTS\lib\</path>
         <kind>archive</kind>
         <file>rts2800_fpu32.lib</file>
         <name>lseek.c.obj</name>
      </input_file>
      <input_file id="fl-66">
         <path>C:\ti\ccsv8\tools\compiler\ti-cgt-c2000_18.1.4.LTS\lib\</path>
         <kind>archive</kind>
         <file>rts2800_fpu32.lib</file>
         <name>write.c.obj</name>
      </input_file>
      <input_file id="fl-67">
         <path>C:\ti\ccsv8\tools\compiler\ti-cgt-c2000_18.1.4.LTS\lib\</path>
         <kind>archive</kind>
         <file>rts2800_fpu32.lib</file>
         <name>hostclose.c.obj</name>
      </input_file>
      <input_file id="fl-68">
         <path>C:\ti\ccsv8\tools\compiler\ti-cgt-c2000_18.1.4.LTS\lib\</path>
         <kind>archive</kind>
         <file>rts2800_fpu32.lib</file>
         <name>hostlseek.c.obj</name>
      </input_file>
      <input_file id="fl-69">
         <path>C:\ti\ccsv8\tools\compiler\ti-cgt-c2000_18.1.4.LTS\lib\</path>
         <kind>archive</kind>
         <file>rts2800_fpu32.lib</file>
         <name>hostopen.c.obj</name>
      </input_file>
      <input_file id="fl-6a">
         <path>C:\ti\ccsv8\tools\compiler\ti-cgt-c2000_18.1.4.LTS\lib\</path>
         <kind>archive</kind>
         <file>rts2800_fpu32.lib</file>
         <name>hostread.c.obj</name>
      </input_file>
      <input_file id="fl-6b">
         <path>C:\ti\ccsv8\tools\compiler\ti-cgt-c2000_18.1.4.LTS\lib\</path>
         <kind>archive</kind>
         <file>rts2800_fpu32.lib</file>
         <name>hostrename.c.obj</name>
      </input_file>
      <input_file id="fl-6c">
         <path>C:\ti\ccsv8\tools\compiler\ti-cgt-c2000_18.1.4.LTS\lib\</path>
         <kind>archive</kind>
         <file>rts2800_fpu32.lib</file>
         <name>hostunlink.c.obj</name>
      </input_file>
      <input_file id="fl-6d">
         <path>C:\ti\ccsv8\tools\compiler\ti-cgt-c2000_18.1.4.LTS\lib\</path>
         <kind>archive</kind>
         <file>rts2800_fpu32.lib</file>
         <name>hostwrite.c.obj</name>
      </input_file>
      <input_file id="fl-6e">
         <path>C:\ti\ccsv8\tools\compiler\ti-cgt-c2000_18.1.4.LTS\lib\</path>
         <kind>archive</kind>
         <file>rts2800_fpu32.lib</file>
         <name>trgmsg.c.obj</name>
      </input_file>
      <input_file id="fl-6f">
         <path>C:\ti\ccsv8\tools\compiler\ti-cgt-c2000_18.1.4.LTS\lib\</path>
         <kind>archive</kind>
         <file>rts2800_fpu32.lib</file>
         <name>ltoa.c.obj</name>
      </input_file>
      <input_file id="fl-70">
         <path>C:\ti\ccsv8\tools\compiler\ti-cgt-c2000_18.1.4.LTS\lib\</path>
         <kind>archive</kind>
         <file>rts2800_fpu32.lib</file>
         <name>l_div28.asm.obj</name>
      </input_file>
      <input_file id="fl-71">
         <path>C:\ti\ccsv8\tools\compiler\ti-cgt-c2000_18.1.4.LTS\lib\</path>
         <kind>archive</kind>
         <file>rts2800_fpu32.lib</file>
         <name>memccpy.c.obj</name>
      </input_file>
      <input_file id="fl-72">
         <path>C:\ti\ccsv8\tools\compiler\ti-cgt-c2000_18.1.4.LTS\lib\</path>
         <kind>archive</kind>
         <file>rts2800_fpu32.lib</file>
         <name>memchr.c.obj</name>
      </input_file>
      <input_file id="fl-73">
         <path>C:\ti\ccsv8\tools\compiler\ti-cgt-c2000_18.1.4.LTS\lib\</path>
         <kind>archive</kind>
         <file>rts2800_fpu32.lib</file>
         <name>setvbuf.c.obj</name>
      </input_file>
      <input_file id="fl-74">
         <path>C:\ti\ccsv8\tools\compiler\ti-cgt-c2000_18.1.4.LTS\lib\</path>
         <kind>archive</kind>
         <file>rts2800_fpu32.lib</file>
         <name>fopen.c.obj</name>
      </input_file>
      <input_file id="fl-75">
         <path>C:\ti\ccsv8\tools\compiler\ti-cgt-c2000_18.1.4.LTS\lib\</path>
         <kind>archive</kind>
         <file>rts2800_fpu32.lib</file>
         <name>fclose.c.obj</name>
      </input_file>
      <input_file id="fl-76">
         <path>C:\ti\ccsv8\tools\compiler\ti-cgt-c2000_18.1.4.LTS\lib\</path>
         <kind>archive</kind>
         <file>rts2800_fpu32.lib</file>
         <name>close.c.obj</name>
      </input_file>
      <input_file id="fl-77">
         <path>C:\ti\ccsv8\tools\compiler\ti-cgt-c2000_18.1.4.LTS\lib\</path>
         <kind>archive</kind>
         <file>rts2800_fpu32.lib</file>
         <name>open.c.obj</name>
      </input_file>
      <input_file id="fl-78">
         <path>C:\ti\ccsv8\tools\compiler\ti-cgt-c2000_18.1.4.LTS\lib\</path>
         <kind>archive</kind>
         <file>rts2800_fpu32.lib</file>
         <name>getdevice.c.obj</name>
      </input_file>
      <input_file id="fl-79">
         <path>C:\ti\ccsv8\tools\compiler\ti-cgt-c2000_18.1.4.LTS\lib\</path>
         <kind>archive</kind>
         <file>rts2800_fpu32.lib</file>
         <name>remove.c.obj</name>
      </input_file>
      <input_file id="fl-7a">
         <path>C:\ti\ccsv8\tools\compiler\ti-cgt-c2000_18.1.4.LTS\lib\</path>
         <kind>archive</kind>
         <file>rts2800_fpu32.lib</file>
         <name>sprintf.c.obj</name>
      </input_file>
      <input_file id="fl-7b">
         <path>C:\ti\ccsv8\tools\compiler\ti-cgt-c2000_18.1.4.LTS\lib\</path>
         <kind>archive</kind>
         <file>rts2800_fpu32.lib</file>
         <name>strcat.c.obj</name>
      </input_file>
      <input_file id="fl-7c">
         <path>C:\ti\ccsv8\tools\compiler\ti-cgt-c2000_18.1.4.LTS\lib\</path>
         <kind>archive</kind>
         <file>rts2800_fpu32.lib</file>
         <name>strchr.c.obj</name>
      </input_file>
      <input_file id="fl-7d">
         <path>C:\ti\ccsv8\tools\compiler\ti-cgt-c2000_18.1.4.LTS\lib\</path>
         <kind>archive</kind>
         <file>rts2800_fpu32.lib</file>
         <name>strcmp.c.obj</name>
      </input_file>
      <input_file id="fl-7e">
         <path>C:\ti\ccsv8\tools\compiler\ti-cgt-c2000_18.1.4.LTS\lib\</path>
         <kind>archive</kind>
         <file>rts2800_fpu32.lib</file>
         <name>strcpy.c.obj</name>
      </input_file>
      <input_file id="fl-7f">
         <path>C:\ti\ccsv8\tools\compiler\ti-cgt-c2000_18.1.4.LTS\lib\</path>
         <kind>archive</kind>
         <file>rts2800_fpu32.lib</file>
         <name>strlen.c.obj</name>
      </input_file>
      <input_file id="fl-80">
         <path>C:\ti\ccsv8\tools\compiler\ti-cgt-c2000_18.1.4.LTS\lib\</path>
         <kind>archive</kind>
         <file>rts2800_fpu32.lib</file>
         <name>strncmp.c.obj</name>
      </input_file>
      <input_file id="fl-81">
         <path>C:\ti\ccsv8\tools\compiler\ti-cgt-c2000_18.1.4.LTS\lib\</path>
         <kind>archive</kind>
         <file>rts2800_fpu32.lib</file>
         <name>strncpy.c.obj</name>
      </input_file>
      <input_file id="fl-82">
         <path>C:\ti\ccsv8\tools\compiler\ti-cgt-c2000_18.1.4.LTS\lib\</path>
         <kind>archive</kind>
         <file>rts2800_fpu32.lib</file>
         <name>unlink.c.obj</name>
      </input_file>
      <input_file id="fl-83">
         <path>C:\ti\ccsv8\tools\compiler\ti-cgt-c2000_18.1.4.LTS\lib\</path>
         <kind>archive</kind>
         <file>rts2800_fpu32.lib</file>
         <name>wcslen.c.obj</name>
      </input_file>
   </input_file_list>
   <object_component_list>
      <object_component id="oc-11f">
         <name>.cinit</name>
         <load_address>0x82000</load_address>
         <run_address>0x82000</run_address>
         <size>0x90</size>
         <input_file_ref idref="fl-1f"/>
      </object_component>
      <object_component id="oc-87">
         <name>.cinit</name>
         <load_address>0x82090</load_address>
         <run_address>0x82090</run_address>
         <size>0x5f</size>
         <input_file_ref idref="fl-3"/>
      </object_component>
      <object_component id="oc-25b">
         <name>.cinit</name>
         <load_address>0x820ef</load_address>
         <run_address>0x820ef</run_address>
         <size>0x2a</size>
         <input_file_ref idref="fl-5b"/>
      </object_component>
      <object_component id="oc-293">
         <name>.cinit</name>
         <load_address>0x82119</load_address>
         <run_address>0x82119</run_address>
         <size>0x29</size>
         <input_file_ref idref="fl-66"/>
      </object_component>
      <object_component id="oc-1be">
         <name>.cinit</name>
         <load_address>0x82142</load_address>
         <run_address>0x82142</run_address>
         <size>0x10</size>
         <input_file_ref idref="fl-29"/>
      </object_component>
      <object_component id="oc-1f0">
         <name>.cinit</name>
         <load_address>0x82152</load_address>
         <run_address>0x82152</run_address>
         <size>0xe</size>
         <input_file_ref idref="fl-47"/>
      </object_component>
      <object_component id="oc-1af">
         <name>.cinit</name>
         <load_address>0x82160</load_address>
         <run_address>0x82160</run_address>
         <size>0x9</size>
         <input_file_ref idref="fl-27"/>
      </object_component>
      <object_component id="oc-1a3">
         <name>.cinit</name>
         <load_address>0x82169</load_address>
         <run_address>0x82169</run_address>
         <size>0x8</size>
         <input_file_ref idref="fl-25"/>
      </object_component>
      <object_component id="oc-1b7">
         <name>.cinit</name>
         <load_address>0x82171</load_address>
         <run_address>0x82171</run_address>
         <size>0x6</size>
         <input_file_ref idref="fl-28"/>
      </object_component>
      <object_component id="oc-341">
         <name>.cinit:__lock</name>
         <load_address>0x82177</load_address>
         <run_address>0x82177</run_address>
         <size>0x5</size>
         <input_file_ref idref="fl-48"/>
      </object_component>
      <object_component id="oc-351">
         <name>.cinit:__unlock</name>
         <load_address>0x8217c</load_address>
         <run_address>0x8217c</run_address>
         <size>0x5</size>
         <input_file_ref idref="fl-48"/>
      </object_component>
      <object_component id="oc-113">
         <name>.cinit</name>
         <load_address>0x82181</load_address>
         <run_address>0x82181</run_address>
         <size>0x4</size>
         <input_file_ref idref="fl-1d"/>
      </object_component>
      <object_component id="oc-18d">
         <name>.cinit</name>
         <load_address>0x82185</load_address>
         <run_address>0x82185</run_address>
         <size>0x4</size>
         <input_file_ref idref="fl-22"/>
      </object_component>
      <object_component id="oc-19b">
         <name>.cinit</name>
         <load_address>0x82189</load_address>
         <run_address>0x82189</run_address>
         <size>0x4</size>
         <input_file_ref idref="fl-24"/>
      </object_component>
      <object_component id="oc-28a">
         <name>.cinit</name>
         <load_address>0x8218d</load_address>
         <run_address>0x8218d</run_address>
         <size>0x4</size>
         <input_file_ref idref="fl-64"/>
      </object_component>
      <object_component id="oc-2dd">
         <name>.cinit</name>
         <load_address>0x82191</load_address>
         <run_address>0x82191</run_address>
         <size>0x4</size>
         <input_file_ref idref="fl-74"/>
      </object_component>
      <object_component id="oc-1fc">
         <name>.cinit</name>
         <load_address>0x82195</load_address>
         <run_address>0x82195</run_address>
         <size>0x4</size>
         <input_file_ref idref="fl-49"/>
      </object_component>
      <object_component id="oc-2ee">
         <name>.cinit</name>
         <load_address>0x82199</load_address>
         <run_address>0x82199</run_address>
         <size>0x4</size>
         <input_file_ref idref="fl-77"/>
      </object_component>
      <object_component id="oc-35e">
         <name>.text</name>
         <load_address>0x821a0</load_address>
         <run_address>0x821a0</run_address>
         <size>0x15cc</size>
         <input_file_ref idref="fl-24"/>
      </object_component>
      <object_component id="oc-a5">
         <name>.text:retain</name>
         <load_address>0x8376c</load_address>
         <run_address>0x8376c</run_address>
         <size>0x585</size>
         <input_file_ref idref="fl-8"/>
      </object_component>
      <object_component id="oc-344">
         <name>.text</name>
         <load_address>0x83cf1</load_address>
         <run_address>0x83cf1</run_address>
         <size>0x244</size>
         <input_file_ref idref="fl-e"/>
      </object_component>
      <object_component id="oc-365">
         <name>.text</name>
         <load_address>0x83f35</load_address>
         <run_address>0x83f35</run_address>
         <size>0xb0</size>
         <input_file_ref idref="fl-5f"/>
      </object_component>
      <object_component id="oc-333">
         <name>.text</name>
         <load_address>0x83fe5</load_address>
         <run_address>0x83fe5</run_address>
         <size>0x19</size>
         <input_file_ref idref="fl-43"/>
      </object_component>
      <object_component id="oc-330">
         <name>.text</name>
         <load_address>0x83ffe</load_address>
         <run_address>0x83ffe</run_address>
         <size>0x2</size>
         <input_file_ref idref="fl-45"/>
      </object_component>
      <object_component id="oc-366">
         <name>.text</name>
         <load_address>0x84000</load_address>
         <run_address>0x84000</run_address>
         <size>0xd6f</size>
         <input_file_ref idref="fl-4d"/>
      </object_component>
      <object_component id="oc-34c">
         <name>.text</name>
         <load_address>0x84d6f</load_address>
         <run_address>0x84d6f</run_address>
         <size>0x4ef</size>
         <input_file_ref idref="fl-29"/>
      </object_component>
      <object_component id="oc-368">
         <name>.text</name>
         <load_address>0x8525e</load_address>
         <run_address>0x8525e</run_address>
         <size>0x44c</size>
         <input_file_ref idref="fl-25"/>
      </object_component>
      <object_component id="oc-335">
         <name>.text</name>
         <load_address>0x856aa</load_address>
         <run_address>0x856aa</run_address>
         <size>0x3fc</size>
         <input_file_ref idref="fl-9"/>
      </object_component>
      <object_component id="oc-346">
         <name>.text</name>
         <load_address>0x85aa6</load_address>
         <run_address>0x85aa6</run_address>
         <size>0x35d</size>
         <input_file_ref idref="fl-27"/>
      </object_component>
      <object_component id="oc-354">
         <name>.text</name>
         <load_address>0x85e03</load_address>
         <run_address>0x85e03</run_address>
         <size>0x1d4</size>
         <input_file_ref idref="fl-49"/>
      </object_component>
      <object_component id="oc-334">
         <name>.text</name>
         <load_address>0x85fd7</load_address>
         <run_address>0x85fd7</run_address>
         <size>0x29</size>
         <input_file_ref idref="fl-47"/>
      </object_component>
      <object_component id="oc-342">
         <name>.text</name>
         <load_address>0x8603c</load_address>
         <run_address>0x8603c</run_address>
         <size>0x353</size>
         <input_file_ref idref="fl-19"/>
      </object_component>
      <object_component id="oc-336">
         <name>.text</name>
         <load_address>0x8638f</load_address>
         <run_address>0x8638f</run_address>
         <size>0x1ba</size>
         <input_file_ref idref="fl-3"/>
      </object_component>
      <object_component id="oc-1b1">
         <name>.text:retain</name>
         <load_address>0x86549</load_address>
         <run_address>0x86549</run_address>
         <size>0x1b6</size>
         <input_file_ref idref="fl-27"/>
      </object_component>
      <object_component id="oc-34b">
         <name>.text</name>
         <load_address>0x866ff</load_address>
         <run_address>0x866ff</run_address>
         <size>0x156</size>
         <input_file_ref idref="fl-23"/>
      </object_component>
      <object_component id="oc-255">
         <name>.text</name>
         <load_address>0x86855</load_address>
         <run_address>0x86855</run_address>
         <size>0x107</size>
         <input_file_ref idref="fl-5a"/>
      </object_component>
      <object_component id="oc-379">
         <name>.text</name>
         <load_address>0x8695c</load_address>
         <run_address>0x8695c</run_address>
         <size>0xf8</size>
         <input_file_ref idref="fl-74"/>
      </object_component>
      <object_component id="oc-8a">
         <name>.text:retain</name>
         <load_address>0x86a54</load_address>
         <run_address>0x86a54</run_address>
         <size>0xce</size>
         <input_file_ref idref="fl-3"/>
      </object_component>
      <object_component id="oc-34a">
         <name>.text</name>
         <load_address>0x86b22</load_address>
         <run_address>0x86b22</run_address>
         <size>0xcc</size>
         <input_file_ref idref="fl-22"/>
      </object_component>
      <object_component id="oc-370">
         <name>.text</name>
         <load_address>0x86bee</load_address>
         <run_address>0x86bee</run_address>
         <size>0xae</size>
         <input_file_ref idref="fl-62"/>
      </object_component>
      <object_component id="oc-232">
         <name>.text</name>
         <load_address>0x86c9c</load_address>
         <run_address>0x86c9c</run_address>
         <size>0x9c</size>
         <input_file_ref idref="fl-53"/>
      </object_component>
      <object_component id="oc-34f">
         <name>.text</name>
         <load_address>0x86d38</load_address>
         <run_address>0x86d38</run_address>
         <size>0x95</size>
         <input_file_ref idref="fl-6e"/>
      </object_component>
      <object_component id="oc-349">
         <name>.text</name>
         <load_address>0x86dcd</load_address>
         <run_address>0x86dcd</run_address>
         <size>0x8c</size>
         <input_file_ref idref="fl-6"/>
      </object_component>
      <object_component id="oc-21e">
         <name>.text</name>
         <load_address>0x86e59</load_address>
         <run_address>0x86e59</run_address>
         <size>0x8b</size>
         <input_file_ref idref="fl-4f"/>
      </object_component>
      <object_component id="oc-376">
         <name>.text</name>
         <load_address>0x86ee4</load_address>
         <run_address>0x86ee4</run_address>
         <size>0x89</size>
         <input_file_ref idref="fl-73"/>
      </object_component>
      <object_component id="oc-223">
         <name>.text</name>
         <load_address>0x86f6d</load_address>
         <run_address>0x86f6d</run_address>
         <size>0x83</size>
         <input_file_ref idref="fl-50"/>
      </object_component>
      <object_component id="oc-36b">
         <name>.text</name>
         <load_address>0x86ff0</load_address>
         <run_address>0x86ff0</run_address>
         <size>0x73</size>
         <input_file_ref idref="fl-5d"/>
      </object_component>
      <object_component id="oc-37a">
         <name>.text</name>
         <load_address>0x87063</load_address>
         <run_address>0x87063</run_address>
         <size>0x71</size>
         <input_file_ref idref="fl-77"/>
      </object_component>
      <object_component id="oc-36a">
         <name>.text</name>
         <load_address>0x870d4</load_address>
         <run_address>0x870d4</run_address>
         <size>0x67</size>
         <input_file_ref idref="fl-5e"/>
      </object_component>
      <object_component id="oc-33c">
         <name>.text</name>
         <load_address>0x8713b</load_address>
         <run_address>0x8713b</run_address>
         <size>0x61</size>
         <input_file_ref idref="fl-68"/>
      </object_component>
      <object_component id="oc-37b">
         <name>.text</name>
         <load_address>0x8719c</load_address>
         <run_address>0x8719c</run_address>
         <size>0x5f</size>
         <input_file_ref idref="fl-75"/>
      </object_component>
      <object_component id="oc-36f">
         <name>.text</name>
         <load_address>0x871fb</load_address>
         <run_address>0x871fb</run_address>
         <size>0x5a</size>
         <input_file_ref idref="fl-60"/>
      </object_component>
      <object_component id="oc-85">
         <name>.text</name>
         <load_address>0x87255</load_address>
         <run_address>0x87255</run_address>
         <size>0x56</size>
         <input_file_ref idref="fl-42"/>
      </object_component>
      <object_component id="oc-364">
         <name>.text</name>
         <load_address>0x872ab</load_address>
         <run_address>0x872ab</run_address>
         <size>0x53</size>
         <input_file_ref idref="fl-5c"/>
      </object_component>
      <object_component id="oc-337">
         <name>.text</name>
         <load_address>0x872fe</load_address>
         <run_address>0x872fe</run_address>
         <size>0x52</size>
         <input_file_ref idref="fl-28"/>
      </object_component>
      <object_component id="oc-37c">
         <name>.text</name>
         <load_address>0x87350</load_address>
         <run_address>0x87350</run_address>
         <size>0x51</size>
         <input_file_ref idref="fl-78"/>
      </object_component>
      <object_component id="oc-345">
         <name>.text</name>
         <load_address>0x873a1</load_address>
         <run_address>0x873a1</run_address>
         <size>0x4a</size>
         <input_file_ref idref="fl-18"/>
      </object_component>
      <object_component id="oc-338">
         <name>.text</name>
         <load_address>0x873eb</load_address>
         <run_address>0x873eb</run_address>
         <size>0x40</size>
         <input_file_ref idref="fl-69"/>
      </object_component>
      <object_component id="oc-33a">
         <name>.text</name>
         <load_address>0x8742b</load_address>
         <run_address>0x8742b</run_address>
         <size>0x3f</size>
         <input_file_ref idref="fl-6a"/>
      </object_component>
      <object_component id="oc-33e">
         <name>.text</name>
         <load_address>0x8746a</load_address>
         <run_address>0x8746a</run_address>
         <size>0x3e</size>
         <input_file_ref idref="fl-6b"/>
      </object_component>
      <object_component id="oc-375">
         <name>.text</name>
         <load_address>0x874a8</load_address>
         <run_address>0x874a8</run_address>
         <size>0x3d</size>
         <input_file_ref idref="fl-61"/>
      </object_component>
      <object_component id="oc-33b">
         <name>.text</name>
         <load_address>0x874e5</load_address>
         <run_address>0x874e5</run_address>
         <size>0x38</size>
         <input_file_ref idref="fl-6d"/>
      </object_component>
      <object_component id="oc-35a">
         <name>.text</name>
         <load_address>0x8751d</load_address>
         <run_address>0x8751d</run_address>
         <size>0x34</size>
         <input_file_ref idref="fl-4c"/>
      </object_component>
      <object_component id="oc-37d">
         <name>.text</name>
         <load_address>0x87551</load_address>
         <run_address>0x87551</run_address>
         <size>0x33</size>
         <input_file_ref idref="fl-76"/>
      </object_component>
      <object_component id="oc-35c">
         <name>.text</name>
         <load_address>0x87584</load_address>
         <run_address>0x87584</run_address>
         <size>0x32</size>
         <input_file_ref idref="fl-7a"/>
      </object_component>
      <object_component id="oc-35b">
         <name>.text</name>
         <load_address>0x875b6</load_address>
         <run_address>0x875b6</run_address>
         <size>0x31</size>
         <input_file_ref idref="fl-40"/>
      </object_component>
      <object_component id="oc-36e">
         <name>.text</name>
         <load_address>0x875e7</load_address>
         <run_address>0x875e7</run_address>
         <size>0x30</size>
         <input_file_ref idref="fl-6f"/>
      </object_component>
      <object_component id="oc-219">
         <name>.text</name>
         <load_address>0x87617</load_address>
         <run_address>0x87617</run_address>
         <size>0x2a</size>
         <input_file_ref idref="fl-4e"/>
      </object_component>
      <object_component id="oc-2c8">
         <name>.text</name>
         <load_address>0x87641</load_address>
         <run_address>0x87641</run_address>
         <size>0x2a</size>
         <input_file_ref idref="fl-70"/>
      </object_component>
      <object_component id="oc-339">
         <name>.text</name>
         <load_address>0x8766b</load_address>
         <run_address>0x8766b</run_address>
         <size>0x29</size>
         <input_file_ref idref="fl-67"/>
      </object_component>
      <object_component id="oc-347">
         <name>.text</name>
         <load_address>0x87694</load_address>
         <run_address>0x87694</run_address>
         <size>0x28</size>
         <input_file_ref idref="fl-15"/>
      </object_component>
      <object_component id="oc-348">
         <name>.text</name>
         <load_address>0x876bc</load_address>
         <run_address>0x876bc</run_address>
         <size>0x26</size>
         <input_file_ref idref="fl-16"/>
      </object_component>
      <object_component id="oc-377">
         <name>.text</name>
         <load_address>0x876e2</load_address>
         <run_address>0x876e2</run_address>
         <size>0x25</size>
         <input_file_ref idref="fl-63"/>
      </object_component>
      <object_component id="oc-331">
         <name>.text</name>
         <load_address>0x87707</load_address>
         <run_address>0x87707</run_address>
         <size>0x24</size>
         <input_file_ref idref="fl-46"/>
      </object_component>
      <object_component id="oc-33d">
         <name>.text</name>
         <load_address>0x8772b</load_address>
         <run_address>0x8772b</run_address>
         <size>0x24</size>
         <input_file_ref idref="fl-6c"/>
      </object_component>
      <object_component id="oc-237">
         <name>.text</name>
         <load_address>0x8774f</load_address>
         <run_address>0x8774f</run_address>
         <size>0x21</size>
         <input_file_ref idref="fl-54"/>
      </object_component>
      <object_component id="oc-23c">
         <name>.text</name>
         <load_address>0x87770</load_address>
         <run_address>0x87770</run_address>
         <size>0x1f</size>
         <input_file_ref idref="fl-55"/>
      </object_component>
      <object_component id="oc-250">
         <name>.text</name>
         <load_address>0x8778f</load_address>
         <run_address>0x8778f</run_address>
         <size>0x1e</size>
         <input_file_ref idref="fl-59"/>
      </object_component>
      <object_component id="oc-380">
         <name>.text</name>
         <load_address>0x877ad</load_address>
         <run_address>0x877ad</run_address>
         <size>0x1e</size>
         <input_file_ref idref="fl-81"/>
      </object_component>
      <object_component id="oc-246">
         <name>.text</name>
         <load_address>0x877cb</load_address>
         <run_address>0x877cb</run_address>
         <size>0x1d</size>
         <input_file_ref idref="fl-57"/>
      </object_component>
      <object_component id="oc-33f">
         <name>.text</name>
         <load_address>0x877e8</load_address>
         <run_address>0x877e8</run_address>
         <size>0x1d</size>
         <input_file_ref idref="fl-4a"/>
      </object_component>
      <object_component id="oc-241">
         <name>.text</name>
         <load_address>0x87805</load_address>
         <run_address>0x87805</run_address>
         <size>0x1c</size>
         <input_file_ref idref="fl-56"/>
      </object_component>
      <object_component id="oc-24b">
         <name>.text</name>
         <load_address>0x87821</load_address>
         <run_address>0x87821</run_address>
         <size>0x1c</size>
         <input_file_ref idref="fl-58"/>
      </object_component>
      <object_component id="oc-381">
         <name>.text</name>
         <load_address>0x8783d</load_address>
         <run_address>0x8783d</run_address>
         <size>0x19</size>
         <input_file_ref idref="fl-82"/>
      </object_component>
      <object_component id="oc-36c">
         <name>.text</name>
         <load_address>0x87856</load_address>
         <run_address>0x87856</run_address>
         <size>0x19</size>
         <input_file_ref idref="fl-66"/>
      </object_component>
      <object_component id="oc-1c4">
         <name>.text</name>
         <load_address>0x8786f</load_address>
         <run_address>0x8786f</run_address>
         <size>0x18</size>
         <input_file_ref idref="fl-3e"/>
      </object_component>
      <object_component id="oc-378">
         <name>.text</name>
         <load_address>0x87887</load_address>
         <run_address>0x87887</run_address>
         <size>0x18</size>
         <input_file_ref idref="fl-65"/>
      </object_component>
      <object_component id="oc-358">
         <name>.text</name>
         <load_address>0x8789f</load_address>
         <run_address>0x8789f</run_address>
         <size>0x18</size>
         <input_file_ref idref="fl-80"/>
      </object_component>
      <object_component id="oc-34d">
         <name>.text</name>
         <load_address>0x878b7</load_address>
         <run_address>0x878b7</run_address>
         <size>0x16</size>
         <input_file_ref idref="fl-26"/>
      </object_component>
      <object_component id="oc-36d">
         <name>.text</name>
         <load_address>0x878cd</load_address>
         <run_address>0x878cd</run_address>
         <size>0x10</size>
         <input_file_ref idref="fl-72"/>
      </object_component>
      <object_component id="oc-22d">
         <name>.text</name>
         <load_address>0x878dd</load_address>
         <run_address>0x878dd</run_address>
         <size>0xe</size>
         <input_file_ref idref="fl-52"/>
      </object_component>
      <object_component id="oc-373">
         <name>.text</name>
         <load_address>0x878eb</load_address>
         <run_address>0x878eb</run_address>
         <size>0xd</size>
         <input_file_ref idref="fl-71"/>
      </object_component>
      <object_component id="oc-372">
         <name>.text</name>
         <load_address>0x878f8</load_address>
         <run_address>0x878f8</run_address>
         <size>0xc</size>
         <input_file_ref idref="fl-4b"/>
      </object_component>
      <object_component id="oc-371">
         <name>.text</name>
         <load_address>0x87904</load_address>
         <run_address>0x87904</run_address>
         <size>0xc</size>
         <input_file_ref idref="fl-7c"/>
      </object_component>
      <object_component id="oc-1c9">
         <name>.text</name>
         <load_address>0x87910</load_address>
         <run_address>0x87910</run_address>
         <size>0xb</size>
         <input_file_ref idref="fl-3f"/>
      </object_component>
      <object_component id="oc-37f">
         <name>.text</name>
         <load_address>0x8791b</load_address>
         <run_address>0x8791b</run_address>
         <size>0xa</size>
         <input_file_ref idref="fl-7d"/>
      </object_component>
      <object_component id="oc-353">
         <name>.text</name>
         <load_address>0x87925</load_address>
         <run_address>0x87925</run_address>
         <size>0x9</size>
         <input_file_ref idref="fl-48"/>
      </object_component>
      <object_component id="oc-228">
         <name>.text</name>
         <load_address>0x8792e</load_address>
         <run_address>0x8792e</run_address>
         <size>0x9</size>
         <input_file_ref idref="fl-51"/>
      </object_component>
      <object_component id="oc-35d">
         <name>.text</name>
         <load_address>0x87937</load_address>
         <run_address>0x87937</run_address>
         <size>0x9</size>
         <input_file_ref idref="fl-7b"/>
      </object_component>
      <object_component id="oc-374">
         <name>.text</name>
         <load_address>0x87940</load_address>
         <run_address>0x87940</run_address>
         <size>0x9</size>
         <input_file_ref idref="fl-83"/>
      </object_component>
      <object_component id="oc-34e">
         <name>.text</name>
         <load_address>0x87949</load_address>
         <run_address>0x87949</run_address>
         <size>0x8</size>
         <input_file_ref idref="fl-7f"/>
      </object_component>
      <object_component id="oc-352">
         <name>.text</name>
         <load_address>0x87951</load_address>
         <run_address>0x87951</run_address>
         <size>0x5</size>
         <input_file_ref idref="fl-7e"/>
      </object_component>
      <object_component id="oc-9f">
         <name>.text</name>
         <load_address>0x87956</load_address>
         <run_address>0x87956</run_address>
         <size>0x3</size>
         <input_file_ref idref="fl-7"/>
      </object_component>
      <object_component id="oc-37e">
         <name>.text</name>
         <load_address>0x87959</load_address>
         <run_address>0x87959</run_address>
         <size>0x3</size>
         <input_file_ref idref="fl-79"/>
      </object_component>
      <object_component id="oc-332">
         <name>.text</name>
         <load_address>0x8795c</load_address>
         <run_address>0x8795c</run_address>
         <size>0x1</size>
         <input_file_ref idref="fl-44"/>
      </object_component>
      <object_component id="oc-94">
         <name>codestart</name>
         <load_address>0x80000</load_address>
         <run_address>0x80000</run_address>
         <size>0x2</size>
         <input_file_ref idref="fl-5"/>
      </object_component>
      <object_component id="oc-1d5">
         <name>.stack</name>
         <uninitialized>true</uninitialized>
         <run_address>0x8800</run_address>
         <size>0x0</size>
         <input_file_ref idref="fl-42"/>
      </object_component>
      <object_component id="oc-40c">
         <name>.stack</name>
         <uninitialized>true</uninitialized>
         <run_address>0x8800</run_address>
         <size>0x0</size>
      </object_component>
      <object_component id="oc-18e">
         <name>.ebss</name>
         <uninitialized>true</uninitialized>
         <run_address>0x9800</run_address>
         <size>0x4da</size>
         <input_file_ref idref="fl-22"/>
      </object_component>
      <object_component id="oc-9a">
         <name>.ebss</name>
         <uninitialized>true</uninitialized>
         <run_address>0x9cda</run_address>
         <size>0x18</size>
         <input_file_ref idref="fl-6"/>
      </object_component>
      <object_component id="oc-2a4">
         <name>.ebss</name>
         <uninitialized>true</uninitialized>
         <run_address>0x9cf2</run_address>
         <size>0x8</size>
         <input_file_ref idref="fl-69"/>
      </object_component>
      <object_component id="oc-103">
         <name>.ebss</name>
         <uninitialized>true</uninitialized>
         <run_address>0x9cfa</run_address>
         <size>0x6</size>
         <input_file_ref idref="fl-1a"/>
      </object_component>
      <object_component id="oc-1bf">
         <name>.ebss</name>
         <uninitialized>true</uninitialized>
         <run_address>0x9d00</run_address>
         <size>0x1ba</size>
         <input_file_ref idref="fl-29"/>
      </object_component>
      <object_component id="oc-1f1">
         <name>.ebss</name>
         <uninitialized>true</uninitialized>
         <run_address>0x9eba</run_address>
         <size>0x6</size>
         <input_file_ref idref="fl-47"/>
      </object_component>
      <object_component id="oc-1b0">
         <name>.ebss</name>
         <uninitialized>true</uninitialized>
         <run_address>0x9ec0</run_address>
         <size>0x8e</size>
         <input_file_ref idref="fl-27"/>
      </object_component>
      <object_component id="oc-88">
         <name>.ebss</name>
         <uninitialized>true</uninitialized>
         <run_address>0x9f4e</run_address>
         <size>0x2f</size>
         <input_file_ref idref="fl-3"/>
      </object_component>
      <object_component id="oc-114">
         <name>.ebss</name>
         <uninitialized>true</uninitialized>
         <run_address>0x9f7d</run_address>
         <size>0x1</size>
         <input_file_ref idref="fl-1d"/>
      </object_component>
      <object_component id="oc-340">
         <name>.ebss:__lock</name>
         <uninitialized>true</uninitialized>
         <run_address>0x9f7e</run_address>
         <size>0x2</size>
         <input_file_ref idref="fl-48"/>
      </object_component>
      <object_component id="oc-120">
         <name>.ebss</name>
         <uninitialized>true</uninitialized>
         <run_address>0x9f80</run_address>
         <size>0x78</size>
         <input_file_ref idref="fl-1f"/>
      </object_component>
      <object_component id="oc-1fd">
         <name>.ebss</name>
         <uninitialized>true</uninitialized>
         <run_address>0x9ff8</run_address>
         <size>0x8</size>
         <input_file_ref idref="fl-49"/>
      </object_component>
      <object_component id="oc-25c">
         <name>.ebss</name>
         <uninitialized>true</uninitialized>
         <run_address>0xa000</run_address>
         <size>0x160</size>
         <input_file_ref idref="fl-5b"/>
      </object_component>
      <object_component id="oc-195">
         <name>.ebss</name>
         <uninitialized>true</uninitialized>
         <run_address>0xa160</run_address>
         <size>0x18</size>
         <input_file_ref idref="fl-23"/>
      </object_component>
      <object_component id="oc-1a4">
         <name>.ebss</name>
         <uninitialized>true</uninitialized>
         <run_address>0xa178</run_address>
         <size>0x5</size>
         <input_file_ref idref="fl-25"/>
      </object_component>
      <object_component id="oc-28b">
         <name>.ebss</name>
         <uninitialized>true</uninitialized>
         <run_address>0xa17d</run_address>
         <size>0x1</size>
         <input_file_ref idref="fl-64"/>
      </object_component>
      <object_component id="oc-350">
         <name>.ebss:__unlock</name>
         <uninitialized>true</uninitialized>
         <run_address>0xa17e</run_address>
         <size>0x2</size>
         <input_file_ref idref="fl-48"/>
      </object_component>
      <object_component id="oc-294">
         <name>.ebss</name>
         <uninitialized>true</uninitialized>
         <run_address>0xa180</run_address>
         <size>0x88</size>
         <input_file_ref idref="fl-66"/>
      </object_component>
      <object_component id="oc-1b8">
         <name>.ebss</name>
         <uninitialized>true</uninitialized>
         <run_address>0xa208</run_address>
         <size>0x11</size>
         <input_file_ref idref="fl-28"/>
      </object_component>
      <object_component id="oc-2de">
         <name>.ebss</name>
         <uninitialized>true</uninitialized>
         <run_address>0xa219</run_address>
         <size>0x1</size>
         <input_file_ref idref="fl-74"/>
      </object_component>
      <object_component id="oc-19c">
         <name>.ebss</name>
         <uninitialized>true</uninitialized>
         <run_address>0xa21a</run_address>
         <size>0x4</size>
         <input_file_ref idref="fl-24"/>
      </object_component>
      <object_component id="oc-2ef">
         <name>.ebss</name>
         <uninitialized>true</uninitialized>
         <run_address>0xa21e</run_address>
         <size>0x1</size>
         <input_file_ref idref="fl-77"/>
      </object_component>
      <object_component id="oc-1fe">
         <name>.esysmem</name>
         <uninitialized>true</uninitialized>
         <run_address>0xe000</run_address>
         <size>0x1</size>
         <input_file_ref idref="fl-49"/>
      </object_component>
      <object_component id="oc-40d">
         <name>.esysmem</name>
         <uninitialized>true</uninitialized>
         <run_address>0xe000</run_address>
         <size>0x0</size>
      </object_component>
      <object_component id="oc-2be">
         <name>.cio</name>
         <uninitialized>true</uninitialized>
         <run_address>0x1b000</run_address>
         <size>0x120</size>
         <input_file_ref idref="fl-6e"/>
      </object_component>
      <object_component id="oc-355">
         <name>.econst:_PieVectTableInit</name>
         <load_address>0x90000</load_address>
         <run_address>0x90000</run_address>
         <size>0x1c0</size>
         <input_file_ref idref="fl-16"/>
      </object_component>
      <object_component id="oc-367">
         <name>.econst:.string:__ctypes_</name>
         <load_address>0x901c0</load_address>
         <run_address>0x901c0</run_address>
         <size>0x101</size>
         <input_file_ref idref="fl-41"/>
      </object_component>
      <object_component id="oc-18f">
         <name>.econst:.string</name>
         <load_address>0x902c2</load_address>
         <run_address>0x902c2</run_address>
         <size>0x64</size>
         <input_file_ref idref="fl-22"/>
      </object_component>
      <object_component id="oc-214">
         <name>.econst:.string</name>
         <load_address>0x90326</load_address>
         <run_address>0x90326</run_address>
         <size>0x26</size>
         <input_file_ref idref="fl-4d"/>
      </object_component>
      <object_component id="oc-213">
         <name>.econst</name>
         <load_address>0x9034c</load_address>
         <run_address>0x9034c</run_address>
         <size>0x1c</size>
         <input_file_ref idref="fl-4d"/>
      </object_component>
      <object_component id="oc-27f">
         <name>.econst</name>
         <load_address>0x90368</load_address>
         <run_address>0x90368</run_address>
         <size>0x1c</size>
         <input_file_ref idref="fl-62"/>
      </object_component>
      <object_component id="oc-359">
         <name>.econst:.string:_$P$T2$3</name>
         <load_address>0x90384</load_address>
         <run_address>0x90384</run_address>
         <size>0xc</size>
         <input_file_ref idref="fl-22"/>
      </object_component>
      <object_component id="oc-19d">
         <name>.econst:.string</name>
         <load_address>0x90390</load_address>
         <run_address>0x90390</run_address>
         <size>0xb</size>
         <input_file_ref idref="fl-24"/>
      </object_component>
      <object_component id="oc-274">
         <name>.econst</name>
         <load_address>0x9039c</load_address>
         <run_address>0x9039c</run_address>
         <size>0x8</size>
         <input_file_ref idref="fl-60"/>
      </object_component>
      <object_component id="oc-369">
         <name>.econst:.string:_fatstr$1</name>
         <load_address>0x903a4</load_address>
         <run_address>0x903a4</run_address>
         <size>0x4</size>
         <input_file_ref idref="fl-24"/>
      </object_component>
      <object_component id="oc-356">
         <name>.econst:.string:_$P$T0$1</name>
         <load_address>0x903a8</load_address>
         <run_address>0x903a8</run_address>
         <size>0x3</size>
         <input_file_ref idref="fl-22"/>
      </object_component>
      <object_component id="oc-357">
         <name>.econst:.string:_$P$T1$2</name>
         <load_address>0x903ab</load_address>
         <run_address>0x903ab</run_address>
         <size>0x3</size>
         <input_file_ref idref="fl-22"/>
      </object_component>
      <object_component id="oc-26e">
         <name>.econst:.string</name>
         <load_address>0x903ae</load_address>
         <run_address>0x903ae</run_address>
         <size>0x2</size>
         <input_file_ref idref="fl-5f"/>
      </object_component>
      <object_component id="oc-35f">
         <name>.econst:_$P$T0$1</name>
         <load_address>0x903b0</load_address>
         <run_address>0x903b0</run_address>
         <size>0x2</size>
         <input_file_ref idref="fl-29"/>
      </object_component>
      <object_component id="oc-360">
         <name>.econst:_$P$T1$2</name>
         <load_address>0x903b2</load_address>
         <run_address>0x903b2</run_address>
         <size>0x2</size>
         <input_file_ref idref="fl-29"/>
      </object_component>
      <object_component id="oc-361">
         <name>.econst:_$P$T2$3</name>
         <load_address>0x903b4</load_address>
         <run_address>0x903b4</run_address>
         <size>0x2</size>
         <input_file_ref idref="fl-29"/>
      </object_component>
      <object_component id="oc-362">
         <name>.econst:_$P$T3$4</name>
         <load_address>0x903b6</load_address>
         <run_address>0x903b6</run_address>
         <size>0x2</size>
         <input_file_ref idref="fl-29"/>
      </object_component>
      <object_component id="oc-363">
         <name>.econst:_$P$T4$5</name>
         <load_address>0x903b8</load_address>
         <run_address>0x903b8</run_address>
         <size>0x2</size>
         <input_file_ref idref="fl-29"/>
      </object_component>
      <object_component id="oc-1d6">
         <name>.reset</name>
         <load_address>0x3fffc0</load_address>
         <run_address>0x3fffc0</run_address>
         <size>0x2</size>
         <input_file_ref idref="fl-42"/>
      </object_component>
      <object_component id="oc-89">
         <name>ramgs13</name>
         <uninitialized>true</uninitialized>
         <run_address>0x19000</run_address>
         <size>0x1c</size>
         <input_file_ref idref="fl-3"/>
      </object_component>
      <object_component id="oc-343">
         <name>.TI.ramfunc</name>
         <load_address>0x86000</load_address>
         <run_address>0x8000</run_address>
         <size>0x37</size>
         <input_file_ref idref="fl-19"/>
      </object_component>
      <object_component id="oc-122">
         <name>.TI.ramfunc</name>
         <load_address>0x86037</load_address>
         <run_address>0x8037</run_address>
         <size>0x4</size>
         <input_file_ref idref="fl-20"/>
      </object_component>
      <object_component id="oc-d7">
         <name>PUTBUFFER</name>
         <uninitialized>true</uninitialized>
         <run_address>0x3fc00</run_address>
         <size>0x80</size>
         <input_file_ref idref="fl-11"/>
      </object_component>
      <object_component id="oc-d4">
         <name>PUTWRITEIDX</name>
         <uninitialized>true</uninitialized>
         <run_address>0x3fc80</run_address>
         <size>0x4</size>
         <input_file_ref idref="fl-11"/>
      </object_component>
      <object_component id="oc-d6">
         <name>GETREADIDX</name>
         <uninitialized>true</uninitialized>
         <run_address>0x3fc84</run_address>
         <size>0x4</size>
         <input_file_ref idref="fl-11"/>
      </object_component>
      <object_component id="oc-d8">
         <name>GETBUFFER</name>
         <uninitialized>true</uninitialized>
         <run_address>0x3f800</run_address>
         <size>0x80</size>
         <input_file_ref idref="fl-11"/>
      </object_component>
      <object_component id="oc-d3">
         <name>GETWRITEIDX</name>
         <uninitialized>true</uninitialized>
         <run_address>0x3f880</run_address>
         <size>0x4</size>
         <input_file_ref idref="fl-11"/>
      </object_component>
      <object_component id="oc-d5">
         <name>PUTREADIDX</name>
         <uninitialized>true</uninitialized>
         <run_address>0x3f884</run_address>
         <size>0x4</size>
         <input_file_ref idref="fl-11"/>
      </object_component>
      <object_component id="oc-18a">
         <name>PieVectTableFile</name>
         <uninitialized>true</uninitialized>
         <run_address>0xd00</run_address>
         <size>0x1c0</size>
         <input_file_ref idref="fl-21"/>
      </object_component>
      <object_component id="oc-129">
         <name>EmuKeyVar</name>
         <uninitialized>true</uninitialized>
         <run_address>0xd00</run_address>
         <size>0x1</size>
         <input_file_ref idref="fl-21"/>
      </object_component>
      <object_component id="oc-128">
         <name>EmuBModeVar</name>
         <uninitialized>true</uninitialized>
         <run_address>0xd01</run_address>
         <size>0x1</size>
         <input_file_ref idref="fl-21"/>
      </object_component>
      <object_component id="oc-140">
         <name>AdcaResultFile</name>
         <uninitialized>true</uninitialized>
         <run_address>0xb00</run_address>
         <size>0x18</size>
         <input_file_ref idref="fl-21"/>
      </object_component>
      <object_component id="oc-141">
         <name>AdcbResultFile</name>
         <uninitialized>true</uninitialized>
         <run_address>0xb20</run_address>
         <size>0x18</size>
         <input_file_ref idref="fl-21"/>
      </object_component>
      <object_component id="oc-13f">
         <name>AdccResultFile</name>
         <uninitialized>true</uninitialized>
         <run_address>0xb40</run_address>
         <size>0x18</size>
         <input_file_ref idref="fl-21"/>
      </object_component>
      <object_component id="oc-142">
         <name>AdcdResultFile</name>
         <uninitialized>true</uninitialized>
         <run_address>0xb60</run_address>
         <size>0x18</size>
         <input_file_ref idref="fl-21"/>
      </object_component>
      <object_component id="oc-175">
         <name>AdcaRegsFile</name>
         <uninitialized>true</uninitialized>
         <run_address>0x7400</run_address>
         <size>0x80</size>
         <input_file_ref idref="fl-21"/>
      </object_component>
      <object_component id="oc-172">
         <name>AdcbRegsFile</name>
         <uninitialized>true</uninitialized>
         <run_address>0x7480</run_address>
         <size>0x80</size>
         <input_file_ref idref="fl-21"/>
      </object_component>
      <object_component id="oc-171">
         <name>AdccRegsFile</name>
         <uninitialized>true</uninitialized>
         <run_address>0x7500</run_address>
         <size>0x80</size>
         <input_file_ref idref="fl-21"/>
      </object_component>
      <object_component id="oc-176">
         <name>AdcdRegsFile</name>
         <uninitialized>true</uninitialized>
         <run_address>0x7580</run_address>
         <size>0x80</size>
         <input_file_ref idref="fl-21"/>
      </object_component>
      <object_component id="oc-16c">
         <name>AnalogSubsysRegsFile</name>
         <uninitialized>true</uninitialized>
         <run_address>0x5d180</run_address>
         <size>0x48</size>
         <input_file_ref idref="fl-21"/>
      </object_component>
      <object_component id="oc-186">
         <name>CanaRegsFile</name>
         <uninitialized>true</uninitialized>
         <run_address>0x48000</run_address>
         <size>0x164</size>
         <input_file_ref idref="fl-21"/>
      </object_component>
      <object_component id="oc-187">
         <name>CanbRegsFile</name>
         <uninitialized>true</uninitialized>
         <run_address>0x4a000</run_address>
         <size>0x164</size>
         <input_file_ref idref="fl-21"/>
      </object_component>
      <object_component id="oc-167">
         <name>Cla1RegsFile</name>
         <uninitialized>true</uninitialized>
         <run_address>0x1400</run_address>
         <size>0x3e</size>
         <input_file_ref idref="fl-21"/>
      </object_component>
      <object_component id="oc-12d">
         <name>Cla1SoftIntRegsFile</name>
         <uninitialized>true</uninitialized>
         <run_address>0xce0</run_address>
         <size>0x4</size>
         <input_file_ref idref="fl-21"/>
      </object_component>
      <object_component id="oc-153">
         <name>Cmpss1RegsFile</name>
         <uninitialized>true</uninitialized>
         <run_address>0x5c80</run_address>
         <size>0x20</size>
         <input_file_ref idref="fl-21"/>
      </object_component>
      <object_component id="oc-152">
         <name>Cmpss2RegsFile</name>
         <uninitialized>true</uninitialized>
         <run_address>0x5ca0</run_address>
         <size>0x20</size>
         <input_file_ref idref="fl-21"/>
      </object_component>
      <object_component id="oc-155">
         <name>Cmpss3RegsFile</name>
         <uninitialized>true</uninitialized>
         <run_address>0x5cc0</run_address>
         <size>0x20</size>
         <input_file_ref idref="fl-21"/>
      </object_component>
      <object_component id="oc-154">
         <name>Cmpss4RegsFile</name>
         <uninitialized>true</uninitialized>
         <run_address>0x5ce0</run_address>
         <size>0x20</size>
         <input_file_ref idref="fl-21"/>
      </object_component>
      <object_component id="oc-14f">
         <name>Cmpss5RegsFile</name>
         <uninitialized>true</uninitialized>
         <run_address>0x5d00</run_address>
         <size>0x20</size>
         <input_file_ref idref="fl-21"/>
      </object_component>
      <object_component id="oc-14e">
         <name>Cmpss6RegsFile</name>
         <uninitialized>true</uninitialized>
         <run_address>0x5d20</run_address>
         <size>0x20</size>
         <input_file_ref idref="fl-21"/>
      </object_component>
      <object_component id="oc-151">
         <name>Cmpss7RegsFile</name>
         <uninitialized>true</uninitialized>
         <run_address>0x5d40</run_address>
         <size>0x20</size>
         <input_file_ref idref="fl-21"/>
      </object_component>
      <object_component id="oc-150">
         <name>Cmpss8RegsFile</name>
         <uninitialized>true</uninitialized>
         <run_address>0x5d60</run_address>
         <size>0x20</size>
         <input_file_ref idref="fl-21"/>
      </object_component>
      <object_component id="oc-131">
         <name>CpuTimer0RegsFile</name>
         <uninitialized>true</uninitialized>
         <run_address>0xc00</run_address>
         <size>0x8</size>
         <input_file_ref idref="fl-21"/>
      </object_component>
      <object_component id="oc-134">
         <name>CpuTimer1RegsFile</name>
         <uninitialized>true</uninitialized>
         <run_address>0xc08</run_address>
         <size>0x8</size>
         <input_file_ref idref="fl-21"/>
      </object_component>
      <object_component id="oc-133">
         <name>CpuTimer2RegsFile</name>
         <uninitialized>true</uninitialized>
         <run_address>0xc10</run_address>
         <size>0x8</size>
         <input_file_ref idref="fl-21"/>
      </object_component>
      <object_component id="oc-132">
         <name>DacaRegsFile</name>
         <uninitialized>true</uninitialized>
         <run_address>0x5c00</run_address>
         <size>0x8</size>
         <input_file_ref idref="fl-21"/>
      </object_component>
      <object_component id="oc-135">
         <name>DacbRegsFile</name>
         <uninitialized>true</uninitialized>
         <run_address>0x5c10</run_address>
         <size>0x8</size>
         <input_file_ref idref="fl-21"/>
      </object_component>
      <object_component id="oc-130">
         <name>DaccRegsFile</name>
         <uninitialized>true</uninitialized>
         <run_address>0x5c20</run_address>
         <size>0x8</size>
         <input_file_ref idref="fl-21"/>
      </object_component>
      <object_component id="oc-160">
         <name>DcsmZ1RegsFile</name>
         <uninitialized>true</uninitialized>
         <run_address>0x5f000</run_address>
         <size>0x24</size>
         <input_file_ref idref="fl-21"/>
      </object_component>
      <object_component id="oc-15f">
         <name>DcsmZ2RegsFile</name>
         <uninitialized>true</uninitialized>
         <run_address>0x5f040</run_address>
         <size>0x24</size>
         <input_file_ref idref="fl-21"/>
      </object_component>
      <object_component id="oc-136">
         <name>DcsmCommonRegsFile</name>
         <uninitialized>true</uninitialized>
         <run_address>0x5f070</run_address>
         <size>0x8</size>
         <input_file_ref idref="fl-21"/>
      </object_component>
      <object_component id="oc-158">
         <name>DcsmZ1OtpFile</name>
         <uninitialized>true</uninitialized>
         <run_address>0x78000</run_address>
         <size>0x20</size>
         <input_file_ref idref="fl-21"/>
      </object_component>
      <object_component id="oc-156">
         <name>DcsmZ2OtpFile</name>
         <uninitialized>true</uninitialized>
         <run_address>0x78200</run_address>
         <size>0x20</size>
         <input_file_ref idref="fl-21"/>
      </object_component>
      <object_component id="oc-178">
         <name>DmaRegsFile</name>
         <uninitialized>true</uninitialized>
         <run_address>0x1000</run_address>
         <size>0xe0</size>
         <input_file_ref idref="fl-21"/>
      </object_component>
      <object_component id="oc-144">
         <name>DmaClaSrcSelRegsFile</name>
         <uninitialized>true</uninitialized>
         <run_address>0x7980</run_address>
         <size>0x1a</size>
         <input_file_ref idref="fl-21"/>
      </object_component>
      <object_component id="oc-157">
         <name>ECap1RegsFile</name>
         <uninitialized>true</uninitialized>
         <run_address>0x5000</run_address>
         <size>0x20</size>
         <input_file_ref idref="fl-21"/>
      </object_component>
      <object_component id="oc-147">
         <name>ECap2RegsFile</name>
         <uninitialized>true</uninitialized>
         <run_address>0x5020</run_address>
         <size>0x20</size>
         <input_file_ref idref="fl-21"/>
      </object_component>
      <object_component id="oc-14d">
         <name>ECap3RegsFile</name>
         <uninitialized>true</uninitialized>
         <run_address>0x5040</run_address>
         <size>0x20</size>
         <input_file_ref idref="fl-21"/>
      </object_component>
      <object_component id="oc-145">
         <name>ECap4RegsFile</name>
         <uninitialized>true</uninitialized>
         <run_address>0x5060</run_address>
         <size>0x20</size>
         <input_file_ref idref="fl-21"/>
      </object_component>
      <object_component id="oc-146">
         <name>ECap5RegsFile</name>
         <uninitialized>true</uninitialized>
         <run_address>0x5080</run_address>
         <size>0x20</size>
         <input_file_ref idref="fl-21"/>
      </object_component>
      <object_component id="oc-14c">
         <name>ECap6RegsFile</name>
         <uninitialized>true</uninitialized>
         <run_address>0x50a0</run_address>
         <size>0x20</size>
         <input_file_ref idref="fl-21"/>
      </object_component>
      <object_component id="oc-16e">
         <name>Emif1RegsFile</name>
         <uninitialized>true</uninitialized>
         <run_address>0x47000</run_address>
         <size>0x70</size>
         <input_file_ref idref="fl-21"/>
      </object_component>
      <object_component id="oc-16f">
         <name>Emif2RegsFile</name>
         <uninitialized>true</uninitialized>
         <run_address>0x47800</run_address>
         <size>0x70</size>
         <input_file_ref idref="fl-21"/>
      </object_component>
      <object_component id="oc-17d">
         <name>EPwm1RegsFile</name>
         <uninitialized>true</uninitialized>
         <run_address>0x4000</run_address>
         <size>0x100</size>
         <input_file_ref idref="fl-21"/>
      </object_component>
      <object_component id="oc-17c">
         <name>EPwm2RegsFile</name>
         <uninitialized>true</uninitialized>
         <run_address>0x4100</run_address>
         <size>0x100</size>
         <input_file_ref idref="fl-21"/>
      </object_component>
      <object_component id="oc-17f">
         <name>EPwm3RegsFile</name>
         <uninitialized>true</uninitialized>
         <run_address>0x4200</run_address>
         <size>0x100</size>
         <input_file_ref idref="fl-21"/>
      </object_component>
      <object_component id="oc-17a">
         <name>EPwm4RegsFile</name>
         <uninitialized>true</uninitialized>
         <run_address>0x4300</run_address>
         <size>0x100</size>
         <input_file_ref idref="fl-21"/>
      </object_component>
      <object_component id="oc-179">
         <name>EPwm5RegsFile</name>
         <uninitialized>true</uninitialized>
         <run_address>0x4400</run_address>
         <size>0x100</size>
         <input_file_ref idref="fl-21"/>
      </object_component>
      <object_component id="oc-17e">
         <name>EPwm6RegsFile</name>
         <uninitialized>true</uninitialized>
         <run_address>0x4500</run_address>
         <size>0x100</size>
         <input_file_ref idref="fl-21"/>
      </object_component>
      <object_component id="oc-17b">
         <name>EPwm7RegsFile</name>
         <uninitialized>true</uninitialized>
         <run_address>0x4600</run_address>
         <size>0x100</size>
         <input_file_ref idref="fl-21"/>
      </object_component>
      <object_component id="oc-184">
         <name>EPwm8RegsFile</name>
         <uninitialized>true</uninitialized>
         <run_address>0x4700</run_address>
         <size>0x100</size>
         <input_file_ref idref="fl-21"/>
      </object_component>
      <object_component id="oc-182">
         <name>EPwm9RegsFile</name>
         <uninitialized>true</uninitialized>
         <run_address>0x4800</run_address>
         <size>0x100</size>
         <input_file_ref idref="fl-21"/>
      </object_component>
      <object_component id="oc-183">
         <name>EPwm10RegsFile</name>
         <uninitialized>true</uninitialized>
         <run_address>0x4900</run_address>
         <size>0x100</size>
         <input_file_ref idref="fl-21"/>
      </object_component>
      <object_component id="oc-180">
         <name>EPwm11RegsFile</name>
         <uninitialized>true</uninitialized>
         <run_address>0x4a00</run_address>
         <size>0x100</size>
         <input_file_ref idref="fl-21"/>
      </object_component>
      <object_component id="oc-181">
         <name>EPwm12RegsFile</name>
         <uninitialized>true</uninitialized>
         <run_address>0x4b00</run_address>
         <size>0x100</size>
         <input_file_ref idref="fl-21"/>
      </object_component>
      <object_component id="oc-16a">
         <name>EPwmXbarRegsFile</name>
         <uninitialized>true</uninitialized>
         <run_address>0x7a00</run_address>
         <size>0x40</size>
         <input_file_ref idref="fl-21"/>
[...]
         <value>0x84f23</value>
         <object_component_ref idref="oc-34c"/>
      </symbol>
      <symbol id="sm-8c5">
         <name>_stSAT</name>
         <value>0x9d04</value>
         <object_component_ref idref="oc-1bf"/>
      </symbol>
      <symbol id="sm-8c6">
         <name>_NAV_SAT_Decode</name>
         <value>0x851a0</value>
         <object_component_ref idref="oc-34c"/>
      </symbol>
      <symbol id="sm-8c7">
         <name>_BuadRateSet_NEO_8N</name>
         <value>0x84dca</value>
         <object_component_ref idref="oc-34c"/>
      </symbol>
      <symbol id="sm-8c8">
         <name>_pstPVT</name>
         <value>0x9d02</value>
         <object_component_ref idref="oc-1bf"/>
      </symbol>
      <symbol id="sm-8c9">
         <name>_NAV_PVT_Decode</name>
         <value>0x84f54</value>
         <object_component_ref idref="oc-34c"/>
      </symbol>
      <symbol id="sm-8ca">
         <name>_UBLOXDataCheckSum</name>
         <value>0x85215</value>
         <object_component_ref idref="oc-34c"/>
      </symbol>
      <symbol id="sm-8cb">
         <name>_pstSAT</name>
         <value>0x9d00</value>
         <object_component_ref idref="oc-1bf"/>
      </symbol>
      <symbol id="sm-8cc">
         <name>_PVTpacket</name>
         <value>0x9d08</value>
         <object_component_ref idref="oc-1bf"/>
      </symbol>
      <symbol id="sm-8cd">
         <name>_stPVT</name>
         <value>0x9d40</value>
         <object_component_ref idref="oc-1bf"/>
      </symbol>
      <symbol id="sm-8ce">
         <name>_TranLogoff_NEO_8N</name>
         <value>0x84d8a</value>
         <object_component_ref idref="oc-34c"/>
      </symbol>
      <symbol id="sm-8cf">
         <name>_InitCommands_NEO_8N</name>
         <value>0x84eac</value>
         <object_component_ref idref="oc-34c"/>
      </symbol>
      <symbol id="sm-8d0">
         <name>_NEO_Init</name>
         <value>0x84d6f</value>
         <object_component_ref idref="oc-34c"/>
      </symbol>
      <symbol id="sm-8dc">
         <name>LL$$AND</name>
         <value>0x8786f</value>
         <object_component_ref idref="oc-1c4"/>
      </symbol>
      <symbol id="sm-8dd">
         <name>LL$$OR</name>
         <value>0x87877</value>
         <object_component_ref idref="oc-1c4"/>
      </symbol>
      <symbol id="sm-8de">
         <name>LL$$XOR</name>
         <value>0x8787f</value>
         <object_component_ref idref="oc-1c4"/>
      </symbol>
      <symbol id="sm-8ea">
         <name>U$$MOD</name>
         <value>0x87915</value>
         <object_component_ref idref="oc-1c9"/>
      </symbol>
      <symbol id="sm-8eb">
         <name>U$$DIV</name>
         <value>0x87910</value>
         <object_component_ref idref="oc-1c9"/>
      </symbol>
      <symbol id="sm-8ff">
         <name>_atoi</name>
         <value>0x875b6</value>
         <object_component_ref idref="oc-35b"/>
      </symbol>
      <symbol id="sm-907">
         <name>__ctypes_</name>
         <value>0x901c0</value>
         <object_component_ref idref="oc-367"/>
      </symbol>
      <symbol id="sm-922">
         <name>_c_int00</name>
         <value>0x87255</value>
         <object_component_ref idref="oc-85"/>
      </symbol>
      <symbol id="sm-923">
         <name>__stack</name>
         <value>0x8800</value>
         <object_component_ref idref="oc-1d5"/>
      </symbol>
      <symbol id="sm-932">
         <name>__args_main</name>
         <value>0x83fe5</value>
         <object_component_ref idref="oc-333"/>
      </symbol>
      <symbol id="sm-93f">
         <name>__system_post_cinit</name>
         <value>0x8795c</value>
         <object_component_ref idref="oc-332"/>
      </symbol>
      <symbol id="sm-94b">
         <name>__system_pre_init</name>
         <value>0x83ffe</value>
         <object_component_ref idref="oc-330"/>
      </symbol>
      <symbol id="sm-95a">
         <name>_copy_in</name>
         <value>0x87707</value>
         <object_component_ref idref="oc-331"/>
      </symbol>
      <symbol id="sm-96e">
         <name>C$$EXIT</name>
         <value>0x85fd7</value>
         <object_component_ref idref="oc-334"/>
      </symbol>
      <symbol id="sm-96f">
         <name>_exit</name>
         <value>0x85fd9</value>
         <object_component_ref idref="oc-334"/>
      </symbol>
      <symbol id="sm-970">
         <name>___TI_cleanup_ptr</name>
         <value>0x9ebc</value>
         <object_component_ref idref="oc-1f1"/>
      </symbol>
      <symbol id="sm-971">
         <name>___TI_enable_exit_profile_output</name>
         <value>0x9eba</value>
         <object_component_ref idref="oc-1f1"/>
      </symbol>
      <symbol id="sm-972">
         <name>_abort</name>
         <value>0x85fd7</value>
         <object_component_ref idref="oc-334"/>
      </symbol>
      <symbol id="sm-973">
         <name>___TI_dtors_ptr</name>
         <value>0x9ebe</value>
         <object_component_ref idref="oc-1f1"/>
      </symbol>
      <symbol id="sm-987">
         <name>__unlock</name>
         <value>0xa17e</value>
         <object_component_ref idref="oc-350"/>
      </symbol>
      <symbol id="sm-988">
         <name>__lock</name>
         <value>0x9f7e</value>
         <object_component_ref idref="oc-340"/>
      </symbol>
      <symbol id="sm-989">
         <name>__register_lock</name>
         <value>0x87929</value>
         <object_component_ref idref="oc-353"/>
      </symbol>
      <symbol id="sm-98a">
         <name>__nop</name>
         <value>0x8792d</value>
         <object_component_ref idref="oc-353"/>
      </symbol>
      <symbol id="sm-98b">
         <name>__register_unlock</name>
         <value>0x87925</value>
         <object_component_ref idref="oc-353"/>
      </symbol>
      <symbol id="sm-9d2">
         <name>__sys_memory</name>
         <value>0xe000</value>
         <object_component_ref idref="oc-1fe"/>
      </symbol>
      <symbol id="sm-9d3">
         <name>_chkheap</name>
         <value>0x85fbe</value>
         <object_component_ref idref="oc-354"/>
      </symbol>
      <symbol id="sm-9d4">
         <name>_realloc</name>
         <value>0x85eca</value>
         <object_component_ref idref="oc-354"/>
      </symbol>
      <symbol id="sm-9d5">
         <name>_free_memory</name>
         <value>0x85fa0</value>
         <object_component_ref idref="oc-354"/>
      </symbol>
      <symbol id="sm-9d6">
         <name>_max_free</name>
         <value>0x85f7e</value>
         <object_component_ref idref="oc-354"/>
      </symbol>
      <symbol id="sm-9d7">
         <name>_free</name>
         <value>0x85e03</value>
         <object_component_ref idref="oc-354"/>
      </symbol>
      <symbol id="sm-9d8">
         <name>_calloc</name>
         <value>0x85fc0</value>
         <object_component_ref idref="oc-354"/>
      </symbol>
      <symbol id="sm-9d9">
         <name>_malloc</name>
         <value>0x85e6c</value>
         <object_component_ref idref="oc-354"/>
      </symbol>
      <symbol id="sm-9da">
         <name>_minit</name>
         <value>0x85e47</value>
         <object_component_ref idref="oc-354"/>
      </symbol>
      <symbol id="sm-9eb">
         <name>_memcpy</name>
         <value>0x877e8</value>
         <object_component_ref idref="oc-33f"/>
      </symbol>
      <symbol id="sm-9f9">
         <name>_memset</name>
         <value>0x878f8</value>
         <object_component_ref idref="oc-372"/>
      </symbol>
      <symbol id="sm-a09">
         <name>_printf</name>
         <value>0x87523</value>
         <object_component_ref idref="oc-35a"/>
      </symbol>
      <symbol id="sm-b68">
         <name>___TI_printfi</name>
         <value>0x84bd0</value>
         <object_component_ref idref="oc-366"/>
      </symbol>
      <symbol id="sm-b78">
         <name>FD$$CMP</name>
         <value>0x87617</value>
         <object_component_ref idref="oc-219"/>
      </symbol>
      <symbol id="sm-b8f">
         <name>FD$$DIV</name>
         <value>0x86e59</value>
         <object_component_ref idref="oc-21e"/>
      </symbol>
      <symbol id="sm-ba1">
         <name>FD$$MPY</name>
         <value>0x86f6d</value>
         <object_component_ref idref="oc-223"/>
      </symbol>
      <symbol id="sm-bae">
         <name>FD$$NEG</name>
         <value>0x8792e</value>
         <object_component_ref idref="oc-228"/>
      </symbol>
      <symbol id="sm-bba">
         <name>FD$$SUB</name>
         <value>0x878dd</value>
         <object_component_ref idref="oc-22d"/>
      </symbol>
      <symbol id="sm-bd5">
         <name>FD$$ADD</name>
         <value>0x86c9c</value>
         <object_component_ref idref="oc-232"/>
      </symbol>
      <symbol id="sm-be4">
         <name>FD$$TOI</name>
         <value>0x8774f</value>
         <object_component_ref idref="oc-237"/>
      </symbol>
      <symbol id="sm-bf3">
         <name>FD$$TOL</name>
         <value>0x87770</value>
         <object_component_ref idref="oc-23c"/>
      </symbol>
      <symbol id="sm-c03">
         <name>FS$$TOFD</name>
         <value>0x87805</value>
         <object_component_ref idref="oc-241"/>
      </symbol>
      <symbol id="sm-c13">
         <name>I$$TOFD</name>
         <value>0x877cb</value>
         <object_component_ref idref="oc-246"/>
      </symbol>
      <symbol id="sm-c23">
         <name>L$$TOFD</name>
         <value>0x87821</value>
         <object_component_ref idref="oc-24b"/>
      </symbol>
      <symbol id="sm-c31">
         <name>ULL$$CMP</name>
         <value>0x877a1</value>
         <object_component_ref idref="oc-250"/>
      </symbol>
      <symbol id="sm-c32">
         <name>LL$$CMP</name>
         <value>0x8778f</value>
         <object_component_ref idref="oc-250"/>
      </symbol>
      <symbol id="sm-c5e">
         <name>ULL$$MOD</name>
         <value>0x868fa</value>
         <object_component_ref idref="oc-255"/>
      </symbol>
      <symbol id="sm-c5f">
         <name>ULL$$DIV</name>
         <value>0x868cb</value>
         <object_component_ref idref="oc-255"/>
      </symbol>
      <symbol id="sm-c60">
         <name>LL$$MOD</name>
         <value>0x86891</value>
         <object_component_ref idref="oc-255"/>
      </symbol>
      <symbol id="sm-c61">
         <name>LL$$DIV</name>
         <value>0x86855</value>
         <object_component_ref idref="oc-255"/>
      </symbol>
      <symbol id="sm-c6c">
         <name>___TI_ft_end</name>
         <value>0xa000</value>
         <object_component_ref idref="oc-25c"/>
      </symbol>
      <symbol id="sm-c6d">
         <name>___TI_tmpnams</name>
         <value>0xa0c0</value>
         <object_component_ref idref="oc-25c"/>
      </symbol>
      <symbol id="sm-c6e">
         <name>__ftable</name>
         <value>0xa040</value>
         <object_component_ref idref="oc-25c"/>
      </symbol>
      <symbol id="sm-c81">
         <name>_putchar</name>
         <value>0x872f9</value>
         <object_component_ref idref="oc-364"/>
      </symbol>
      <symbol id="sm-c82">
         <name>_putc</name>
         <value>0x872ab</value>
         <object_component_ref idref="oc-364"/>
      </symbol>
      <symbol id="sm-c83">
         <name>_fputc</name>
         <value>0x872ab</value>
         <object_component_ref idref="oc-364"/>
      </symbol>
      <symbol id="sm-c99">
         <name>___TI_doflush</name>
         <value>0x86ff0</value>
         <object_component_ref idref="oc-36b"/>
      </symbol>
      <symbol id="sm-c9a">
         <name>_fflush</name>
         <value>0x8701f</value>
         <object_component_ref idref="oc-36b"/>
      </symbol>
      <symbol id="sm-cb1">
         <name>___TI_rd_ok</name>
         <value>0x8710f</value>
         <object_component_ref idref="oc-36a"/>
      </symbol>
      <symbol id="sm-cb2">
         <name>___TI_wrt_ok</name>
         <value>0x870d4</value>
         <object_component_ref idref="oc-36a"/>
      </symbol>
      <symbol id="sm-ccf">
         <name>_puts</name>
         <value>0x83fd2</value>
         <object_component_ref idref="oc-365"/>
      </symbol>
      <symbol id="sm-cd0">
         <name>_fputs</name>
         <value>0x83f35</value>
         <object_component_ref idref="oc-365"/>
      </symbol>
      <symbol id="sm-ce3">
         <name>_frexpl</name>
         <value>0x871fb</value>
         <object_component_ref idref="oc-36f"/>
      </symbol>
      <symbol id="sm-cf3">
         <name>_fseek</name>
         <value>0x874a8</value>
         <object_component_ref idref="oc-375"/>
      </symbol>
      <symbol id="sm-d11">
         <name>_scalbnl</name>
         <value>0x86bee</value>
         <object_component_ref idref="oc-370"/>
      </symbol>
      <symbol id="sm-d12">
         <name>_ldexpl</name>
         <value>0x86bee</value>
         <object_component_ref idref="oc-370"/>
      </symbol>
      <symbol id="sm-d1f">
         <name>_copysignl</name>
         <value>0x876e2</value>
         <object_component_ref idref="oc-377"/>
      </symbol>
      <symbol id="sm-d29">
         <name>_errno</name>
         <value>0xa17d</value>
         <object_component_ref idref="oc-28b"/>
      </symbol>
      <symbol id="sm-d36">
         <name>_lseek</name>
         <value>0x87887</value>
         <object_component_ref idref="oc-378"/>
      </symbol>
      <symbol id="sm-d49">
         <name>__device</name>
         <value>0xa1c0</value>
         <object_component_ref idref="oc-294"/>
      </symbol>
      <symbol id="sm-d4a">
         <name>__stream</name>
         <value>0xa180</value>
         <object_component_ref idref="oc-294"/>
      </symbol>
      <symbol id="sm-d4b">
         <name>_write</name>
         <value>0x87856</value>
         <object_component_ref idref="oc-36c"/>
      </symbol>
      <symbol id="sm-d57">
         <name>_HOSTclose</name>
         <value>0x8766b</value>
         <object_component_ref idref="oc-339"/>
      </symbol>
      <symbol id="sm-d63">
         <name>_HOSTlseek</name>
         <value>0x8713b</value>
         <object_component_ref idref="oc-33c"/>
      </symbol>
      <symbol id="sm-d72">
         <name>_parmbuf</name>
         <value>0x9cf2</value>
         <object_component_ref idref="oc-2a4"/>
      </symbol>
      <symbol id="sm-d73">
         <name>_HOSTopen</name>
         <value>0x873eb</value>
         <object_component_ref idref="oc-338"/>
      </symbol>
      <symbol id="sm-d80">
         <name>_HOSTread</name>
         <value>0x8742b</value>
         <object_component_ref idref="oc-33a"/>
      </symbol>
      <symbol id="sm-d8c">
         <name>_HOSTrename</name>
         <value>0x8746a</value>
         <object_component_ref idref="oc-33e"/>
      </symbol>
      <symbol id="sm-d98">
         <name>_HOSTunlink</name>
         <value>0x8772b</value>
         <object_component_ref idref="oc-33d"/>
      </symbol>
      <symbol id="sm-da5">
         <name>_HOSTwrite</name>
         <value>0x874e5</value>
         <object_component_ref idref="oc-33b"/>
      </symbol>
      <symbol id="sm-dbe">
         <name>___TI_readmsg</name>
         <value>0x86d90</value>
         <object_component_ref idref="oc-34f"/>
      </symbol>
      <symbol id="sm-dbf">
         <name>C$$IO$$</name>
         <value>0x86d8b</value>
         <object_component_ref idref="oc-34f"/>
      </symbol>
      <symbol id="sm-dc0">
         <name>__CIOBUF_</name>
         <value>0x1b000</value>
         <object_component_ref idref="oc-2be"/>
      </symbol>
      <symbol id="sm-dc1">
         <name>___TI_writemsg</name>
         <value>0x86d38</value>
         <object_component_ref idref="oc-34f"/>
      </symbol>
      <symbol id="sm-dcf">
         <name>_ltoa</name>
         <value>0x875e7</value>
         <object_component_ref idref="oc-36e"/>
      </symbol>
      <symbol id="sm-ddb">
         <name>UL$$MOD</name>
         <value>0x87665</value>
         <object_component_ref idref="oc-2c8"/>
      </symbol>
      <symbol id="sm-ddc">
         <name>L$$MOD</name>
         <value>0x87650</value>
         <object_component_ref idref="oc-2c8"/>
      </symbol>
      <symbol id="sm-ddd">
         <name>L$$DIV</name>
         <value>0x87641</value>
         <object_component_ref idref="oc-2c8"/>
      </symbol>
      <symbol id="sm-dde">
         <name>UL$$DIV</name>
         <value>0x8765e</value>
         <object_component_ref idref="oc-2c8"/>
      </symbol>
      <symbol id="sm-ded">
         <name>_memccpy</name>
         <value>0x878eb</value>
         <object_component_ref idref="oc-373"/>
      </symbol>
      <symbol id="sm-dfc">
         <name>_memchr</name>
         <value>0x878cd</value>
         <object_component_ref idref="oc-36d"/>
      </symbol>
      <symbol id="sm-e12">
         <name>_setvbuf</name>
         <value>0x86ee4</value>
         <object_component_ref idref="oc-376"/>
      </symbol>
      <symbol id="sm-e48">
         <name>_fopen</name>
         <value>0x86a0e</value>
         <object_component_ref idref="oc-379"/>
      </symbol>
      <symbol id="sm-e49">
         <name>___TI_cleanup</name>
         <value>0x869d3</value>
         <object_component_ref idref="oc-379"/>
      </symbol>
      <symbol id="sm-e4a">
         <name>_freopen</name>
         <value>0x869f0</value>
         <object_component_ref idref="oc-379"/>
      </symbol>
      <symbol id="sm-e5b">
         <name>___TI_closefile</name>
         <value>0x8719c</value>
         <object_component_ref idref="oc-37b"/>
      </symbol>
      <symbol id="sm-e5c">
         <name>_fclose</name>
         <value>0x871e0</value>
         <object_component_ref idref="oc-37b"/>
      </symbol>
      <symbol id="sm-e6c">
         <name>_close</name>
         <value>0x87551</value>
         <object_component_ref idref="oc-37d"/>
      </symbol>
      <symbol id="sm-e87">
         <name>_open</name>
         <value>0x87063</value>
         <object_component_ref idref="oc-37a"/>
      </symbol>
      <symbol id="sm-e98">
         <name>_finddevice</name>
         <value>0x87350</value>
         <object_component_ref idref="oc-37c"/>
      </symbol>
      <symbol id="sm-e99">
         <name>_getdevice</name>
         <value>0x8736b</value>
         <object_component_ref idref="oc-37c"/>
      </symbol>
      <symbol id="sm-ea5">
         <name>_remove</name>
         <value>0x87959</value>
         <object_component_ref idref="oc-37e"/>
      </symbol>
      <symbol id="sm-eb3">
         <name>_sprintf</name>
         <value>0x87584</value>
         <object_component_ref idref="oc-35c"/>
      </symbol>
      <symbol id="sm-ec2">
         <name>_strcat</name>
         <value>0x87937</value>
         <object_component_ref idref="oc-35d"/>
      </symbol>
      <symbol id="sm-ed1">
         <name>_strchr</name>
         <value>0x87904</value>
         <object_component_ref idref="oc-371"/>
      </symbol>
      <symbol id="sm-edf">
         <name>_strcmp</name>
         <value>0x8791b</value>
         <object_component_ref idref="oc-37f"/>
      </symbol>
      <symbol id="sm-eec">
         <name>_strcpy</name>
         <value>0x87951</value>
         <object_component_ref idref="oc-352"/>
      </symbol>
      <symbol id="sm-ef9">
         <name>_strlen</name>
         <value>0x87949</value>
         <object_component_ref idref="oc-34e"/>
      </symbol>
      <symbol id="sm-f08">
         <name>_strncmp</name>
         <value>0x8789f</value>
         <object_component_ref idref="oc-358"/>
      </symbol>
      <symbol id="sm-f18">
         <name>_strncpy</name>
         <value>0x877ad</value>
         <object_component_ref idref="oc-380"/>
      </symbol>
      <symbol id="sm-f24">
         <name>_unlink</name>
         <value>0x8783d</value>
         <object_component_ref idref="oc-381"/>
      </symbol>
      <symbol id="sm-f32">
         <name>_wcslen</name>
         <value>0x87940</value>
         <object_component_ref idref="oc-374"/>
      </symbol>
   </symbol_table>
   <title>Link successful</title>
</link_info>
