<?xml version="1.0" encoding="ISO-8859-1" ?>
<link_info>
   <banner>TMS320C2000 Linker PC v18.12.1.LTS</banner>
   <copyright>Copyright (c) 1996-2018 Texas Instruments Incorporated</copyright>
   <link_time>0x619f1fdf</link_time>
   <link_errors>0x0</link_errors>
   <output_file>CPU1.out</output_file>
   <entry_point>
      <name>_c_int00</name>
      <address>0x874a0</address>
   </entry_point>
   <input_file_list>
      <input_file id="fl-2">
         <path>.\</path>
         <kind>object</kind>
         <file>CPU1.obj</file>
         <name>CPU1.obj</name>
      </input_file>
      <input_file id="fl-3">
         <path>.\F2837xD_common\source\</path>
         <kind>object</kind>
         <file>F2837xD_Adc.obj</file>
         <name>F2837xD_Adc.obj</name>
      </input_file>
      <input_file id="fl-4">
         <path>.\F2837xD_common\source\</path>
         <kind>object</kind>
         <file>F2837xD_CodeStartBranch.obj</file>
         <name>F2837xD_CodeStartBranch.obj</name>
      </input_file>
      <input_file id="fl-5">
         <path>.\F2837xD_common\source\</path>
         <kind>object</kind>
         <file>F2837xD_CpuTimers.obj</file>
         <name>F2837xD_CpuTimers.obj</name>
      </input_file>
      <input_file id="fl-6">
         <path>.\F2837xD_common\source\</path>
         <kind>object</kind>
         <file>F2837xD_DBGIER.obj</file>
         <name>F2837xD_DBGIER.obj</name>
      </input_file>
      <input_file id="fl-7">
         <path>.\F2837xD_common\source\</path>
         <kind>object</kind>
         <file>F2837xD_DefaultISR.obj</file>
         <name>F2837xD_DefaultISR.obj</name>
      </input_file>
      <input_file id="fl-8">
         <path>.\F2837xD_common\source\</path>
         <kind>object</kind>
         <file>F2837xD_Dma.obj</file>
         <name>F2837xD_Dma.obj</name>
      </input_file>
      <input_file id="fl-9">
         <path>.\F2837xD_common\source\</path>
         <kind>object</kind>
         <file>F2837xD_ECap.obj</file>
         <name>F2837xD_ECap.obj</name>
      </input_file>
      <input_file id="fl-a">
         <path>.\F2837xD_common\source\</path>
         <kind>object</kind>
         <file>F2837xD_EPwm.obj</file>
         <name>F2837xD_EPwm.obj</name>
      </input_file>
      <input_file id="fl-b">
         <path>.\F2837xD_common\source\</path>
         <kind>object</kind>
         <file>F2837xD_EQep.obj</file>
         <name>F2837xD_EQep.obj</name>
      </input_file>
      <input_file id="fl-c">
         <path>.\F2837xD_common\source\</path>
         <kind>object</kind>
         <file>F2837xD_Emif.obj</file>
         <name>F2837xD_Emif.obj</name>
      </input_file>
      <input_file id="fl-d">
         <path>.\F2837xD_common\source\</path>
         <kind>object</kind>
         <file>F2837xD_Gpio.obj</file>
         <name>F2837xD_Gpio.obj</name>
      </input_file>
      <input_file id="fl-e">
         <path>.\F2837xD_common\source\</path>
         <kind>object</kind>
         <file>F2837xD_I2C.obj</file>
         <name>F2837xD_I2C.obj</name>
      </input_file>
      <input_file id="fl-f">
         <path>.\F2837xD_common\source\</path>
         <kind>object</kind>
         <file>F2837xD_Ipc.obj</file>
         <name>F2837xD_Ipc.obj</name>
      </input_file>
      <input_file id="fl-10">
         <path>.\F2837xD_common\source\</path>
         <kind>object</kind>
         <file>F2837xD_Ipc_Driver.obj</file>
         <name>F2837xD_Ipc_Driver.obj</name>
      </input_file>
      <input_file id="fl-11">
         <path>.\F2837xD_common\source\</path>
         <kind>object</kind>
         <file>F2837xD_Ipc_Driver_Lite.obj</file>
         <name>F2837xD_Ipc_Driver_Lite.obj</name>
      </input_file>
      <input_file id="fl-12">
         <path>.\F2837xD_common\source\</path>
         <kind>object</kind>
         <file>F2837xD_Ipc_Driver_Util.obj</file>
         <name>F2837xD_Ipc_Driver_Util.obj</name>
      </input_file>
      <input_file id="fl-13">
         <path>.\F2837xD_common\source\</path>
         <kind>object</kind>
         <file>F2837xD_Mcbsp.obj</file>
         <name>F2837xD_Mcbsp.obj</name>
      </input_file>
      <input_file id="fl-14">
         <path>.\F2837xD_common\source\</path>
         <kind>object</kind>
         <file>F2837xD_PieCtrl.obj</file>
         <name>F2837xD_PieCtrl.obj</name>
      </input_file>
      <input_file id="fl-15">
         <path>.\F2837xD_common\source\</path>
         <kind>object</kind>
         <file>F2837xD_PieVect.obj</file>
         <name>F2837xD_PieVect.obj</name>
      </input_file>
      <input_file id="fl-16">
         <path>.\F2837xD_common\source\</path>
         <kind>object</kind>
         <file>F2837xD_Sci.obj</file>
         <name>F2837xD_Sci.obj</name>
      </input_file>
      <input_file id="fl-17">
         <path>.\F2837xD_common\source\</path>
         <kind>object</kind>
         <file>F2837xD_Spi.obj</file>
         <name>F2837xD_Spi.obj</name>
      </input_file>
      <input_file id="fl-18">
         <path>.\F2837xD_common\source\</path>
         <kind>object</kind>
         <file>F2837xD_SysCtrl.obj</file>
         <name>F2837xD_SysCtrl.obj</name>
      </input_file>
      <input_file id="fl-19">
         <path>.\F2837xD_common\source\</path>
         <kind>object</kind>
         <file>F2837xD_TempSensorConv.obj</file>
         <name>F2837xD_TempSensorConv.obj</name>
      </input_file>
      <input_file id="fl-1a">
         <path>.\F2837xD_common\source\</path>
         <kind>object</kind>
         <file>F2837xD_Upp.obj</file>
         <name>F2837xD_Upp.obj</name>
      </input_file>
      <input_file id="fl-1b">
         <path>.\F2837xD_common\source\</path>
         <kind>object</kind>
         <file>F2837xD_can.obj</file>
         <name>F2837xD_can.obj</name>
      </input_file>
      <input_file id="fl-1c">
         <path>.\F2837xD_common\source\</path>
         <kind>object</kind>
         <file>F2837xD_sci_io.obj</file>
         <name>F2837xD_sci_io.obj</name>
      </input_file>
      <input_file id="fl-1d">
         <path>.\F2837xD_common\source\</path>
         <kind>object</kind>
         <file>F2837xD_sdfm_drivers.obj</file>
         <name>F2837xD_sdfm_drivers.obj</name>
      </input_file>
      <input_file id="fl-1e">
         <path>.\F2837xD_common\source\</path>
         <kind>object</kind>
         <file>F2837xD_struct.obj</file>
         <name>F2837xD_struct.obj</name>
      </input_file>
      <input_file id="fl-1f">
         <path>.\F2837xD_common\source\</path>
         <kind>object</kind>
         <file>F2837xD_usDelay.obj</file>
         <name>F2837xD_usDelay.obj</name>
      </input_file>
      <input_file id="fl-20">
         <path>.\F2837xD_headers\source\</path>
         <kind>object</kind>
         <file>F2837xD_GlobalVariableDefs.obj</file>
         <name>F2837xD_GlobalVariableDefs.obj</name>
      </input_file>
      <input_file id="fl-21">
         <path>.\sd_card\</path>
         <kind>object</kind>
         <file>SDCARD_driver.obj</file>
         <name>SDCARD_driver.obj</name>
      </input_file>
      <input_file id="fl-22">
         <path>.\sd_card\</path>
         <kind>object</kind>
         <file>SD_Queue.obj</file>
         <name>SD_Queue.obj</name>
      </input_file>
      <input_file id="fl-23">
         <path>.\sd_card\</path>
         <kind>object</kind>
         <file>ff.obj</file>
         <name>ff.obj</name>
      </input_file>
      <input_file id="fl-24">
         <path>.\sd_card\</path>
         <kind>object</kind>
         <file>mmc-F2837x.obj</file>
         <name>mmc-F2837x.obj</name>
      </input_file>
      <input_file id="fl-25">
         <path>.\src\</path>
         <kind>object</kind>
         <file>Decode.obj</file>
         <name>Decode.obj</name>
      </input_file>
      <input_file id="fl-26">
         <path>.\src\</path>
         <kind>object</kind>
         <file>Novatel_OEM719.obj</file>
         <name>Novatel_OEM719.obj</name>
      </input_file>
      <input_file id="fl-27">
         <path>.\src\</path>
         <kind>object</kind>
         <file>SCI_driver.obj</file>
         <name>SCI_driver.obj</name>
      </input_file>
      <input_file id="fl-28">
         <path>.\src\</path>
         <kind>object</kind>
         <file>SPI_driver.obj</file>
         <name>SPI_driver.obj</name>
      </input_file>
      <input_file id="fl-29">
         <path>.\src\</path>
         <kind>object</kind>
         <file>Ublox_8_Receiver.obj</file>
         <name>Ublox_8_Receiver.obj</name>
      </input_file>
      <input_file id="fl-33">
         <kind>object</kind>
         <file>&lt;internal&gt;</file>
         <name>&lt;internal&gt;</name>
      </input_file>
      <input_file id="fl-34">
         <path>C:\ti\ccs901\ccs\tools\compiler\ti-cgt-c2000_20.2.2.LTS\lib\</path>
         <kind>archive</kind>
         <file>rts2800_fpu32.lib</file>
         <name>printf.c.obj</name>
      </input_file>
      <input_file id="fl-35">
         <path>C:\ti\ccs901\ccs\tools\compiler\ti-cgt-c2000_20.2.2.LTS\lib\</path>
         <kind>archive</kind>
         <file>rts2800_fpu32.lib</file>
         <name>_printfi.c.obj</name>
      </input_file>
      <input_file id="fl-36">
         <path>C:\ti\ccs901\ccs\tools\compiler\ti-cgt-c2000_20.2.2.LTS\lib\</path>
         <kind>archive</kind>
         <file>rts2800_fpu32.lib</file>
         <name>sprintf.c.obj</name>
      </input_file>
      <input_file id="fl-37">
         <path>C:\ti\ccs901\ccs\tools\compiler\ti-cgt-c2000_20.2.2.LTS\lib\</path>
         <kind>archive</kind>
         <file>rts2800_fpu32.lib</file>
         <name>fputc.c.obj</name>
      </input_file>
      <input_file id="fl-38">
         <path>C:\ti\ccs901\ccs\tools\compiler\ti-cgt-c2000_20.2.2.LTS\lib\</path>
         <kind>archive</kind>
         <file>rts2800_fpu32.lib</file>
         <name>fputs.c.obj</name>
      </input_file>
      <input_file id="fl-39">
         <path>C:\ti\ccs901\ccs\tools\compiler\ti-cgt-c2000_20.2.2.LTS\lib\</path>
         <kind>archive</kind>
         <file>rts2800_fpu32.lib</file>
         <name>_io_perm.c.obj</name>
      </input_file>
      <input_file id="fl-3a">
         <path>C:\ti\ccs901\ccs\tools\compiler\ti-cgt-c2000_20.2.2.LTS\lib\</path>
         <kind>archive</kind>
         <file>rts2800_fpu32.lib</file>
         <name>setvbuf.c.obj</name>
      </input_file>
      <input_file id="fl-3b">
         <path>C:\ti\ccs901\ccs\tools\compiler\ti-cgt-c2000_20.2.2.LTS\lib\</path>
         <kind>archive</kind>
         <file>rts2800_fpu32.lib</file>
         <name>boot28.asm.obj</name>
      </input_file>
      <input_file id="fl-3c">
         <path>C:\ti\ccs901\ccs\tools\compiler\ti-cgt-c2000_20.2.2.LTS\lib\</path>
         <kind>archive</kind>
         <file>rts2800_fpu32.lib</file>
         <name>fd_cmp28.asm.obj</name>
      </input_file>
      <input_file id="fl-3d">
         <path>C:\ti\ccs901\ccs\tools\compiler\ti-cgt-c2000_20.2.2.LTS\lib\</path>
         <kind>archive</kind>
         <file>rts2800_fpu32.lib</file>
         <name>fd_mpy28.asm.obj</name>
      </input_file>
      <input_file id="fl-3e">
         <path>C:\ti\ccs901\ccs\tools\compiler\ti-cgt-c2000_20.2.2.LTS\lib\</path>
         <kind>archive</kind>
         <file>rts2800_fpu32.lib</file>
         <name>fd_neg28.asm.obj</name>
      </input_file>
      <input_file id="fl-3f">
         <path>C:\ti\ccs901\ccs\tools\compiler\ti-cgt-c2000_20.2.2.LTS\lib\</path>
         <kind>archive</kind>
         <file>rts2800_fpu32.lib</file>
         <name>fd_sub28.asm.obj</name>
      </input_file>
      <input_file id="fl-40">
         <path>C:\ti\ccs901\ccs\tools\compiler\ti-cgt-c2000_20.2.2.LTS\lib\</path>
         <kind>archive</kind>
         <file>rts2800_fpu32.lib</file>
         <name>fd_toi28.asm.obj</name>
      </input_file>
      <input_file id="fl-41">
         <path>C:\ti\ccs901\ccs\tools\compiler\ti-cgt-c2000_20.2.2.LTS\lib\</path>
         <kind>archive</kind>
         <file>rts2800_fpu32.lib</file>
         <name>fd_tol28.asm.obj</name>
      </input_file>
      <input_file id="fl-42">
         <path>C:\ti\ccs901\ccs\tools\compiler\ti-cgt-c2000_20.2.2.LTS\lib\</path>
         <kind>archive</kind>
         <file>rts2800_fpu32.lib</file>
         <name>ll_aox28.asm.obj</name>
      </input_file>
      <input_file id="fl-43">
         <path>C:\ti\ccs901\ccs\tools\compiler\ti-cgt-c2000_20.2.2.LTS\lib\</path>
         <kind>archive</kind>
         <file>rts2800_fpu32.lib</file>
         <name>ll_cmp28.asm.obj</name>
      </input_file>
      <input_file id="fl-44">
         <path>C:\ti\ccs901\ccs\tools\compiler\ti-cgt-c2000_20.2.2.LTS\lib\</path>
         <kind>archive</kind>
         <file>rts2800_fpu32.lib</file>
         <name>ll_div28.asm.obj</name>
      </input_file>
      <input_file id="fl-45">
         <path>C:\ti\ccs901\ccs\tools\compiler\ti-cgt-c2000_20.2.2.LTS\lib\</path>
         <kind>archive</kind>
         <file>rts2800_fpu32.lib</file>
         <name>i_tofd28.asm.obj</name>
      </input_file>
      <input_file id="fl-46">
         <path>C:\ti\ccs901\ccs\tools\compiler\ti-cgt-c2000_20.2.2.LTS\lib\</path>
         <kind>archive</kind>
         <file>rts2800_fpu32.lib</file>
         <name>u_div28.asm.obj</name>
      </input_file>
      <input_file id="fl-47">
         <path>C:\ti\ccs901\ccs\tools\compiler\ti-cgt-c2000_20.2.2.LTS\lib\</path>
         <kind>archive</kind>
         <file>rts2800_fpu32.lib</file>
         <name>l_tofd28.asm.obj</name>
      </input_file>
      <input_file id="fl-48">
         <path>C:\ti\ccs901\ccs\tools\compiler\ti-cgt-c2000_20.2.2.LTS\lib\</path>
         <kind>archive</kind>
         <file>rts2800_fpu32.lib</file>
         <name>fs_tofdfpu32.asm.obj</name>
      </input_file>
      <input_file id="fl-49">
         <path>C:\ti\ccs901\ccs\tools\compiler\ti-cgt-c2000_20.2.2.LTS\lib\</path>
         <kind>archive</kind>
         <file>rts2800_fpu32.lib</file>
         <name>fd_div28.asm.obj</name>
      </input_file>
      <input_file id="fl-4a">
         <path>C:\ti\ccs901\ccs\tools\compiler\ti-cgt-c2000_20.2.2.LTS\lib\</path>
         <kind>archive</kind>
         <file>rts2800_fpu32.lib</file>
         <name>cpy_tbl.c.obj</name>
      </input_file>
      <input_file id="fl-4b">
         <path>C:\ti\ccs901\ccs\tools\compiler\ti-cgt-c2000_20.2.2.LTS\lib\</path>
         <kind>archive</kind>
         <file>rts2800_fpu32.lib</file>
         <name>memcpy.c.obj</name>
      </input_file>
      <input_file id="fl-4c">
         <path>C:\ti\ccs901\ccs\tools\compiler\ti-cgt-c2000_20.2.2.LTS\lib\</path>
         <kind>archive</kind>
         <file>rts2800_fpu32.lib</file>
         <name>pre_init.c.obj</name>
      </input_file>
      <input_file id="fl-4d">
         <path>C:\ti\ccs901\ccs\tools\compiler\ti-cgt-c2000_20.2.2.LTS\lib\</path>
         <kind>archive</kind>
         <file>rts2800_fpu32.lib</file>
         <name>startup.c.obj</name>
      </input_file>
      <input_file id="fl-4e">
         <path>C:\ti\ccs901\ccs\tools\compiler\ti-cgt-c2000_20.2.2.LTS\lib\</path>
         <kind>archive</kind>
         <file>rts2800_fpu32.lib</file>
         <name>exit.c.obj</name>
      </input_file>
      <input_file id="fl-4f">
         <path>C:\ti\ccs901\ccs\tools\compiler\ti-cgt-c2000_20.2.2.LTS\lib\</path>
         <kind>archive</kind>
         <file>rts2800_fpu32.lib</file>
         <name>_lock.c.obj</name>
      </input_file>
      <input_file id="fl-50">
         <path>C:\ti\ccs901\ccs\tools\compiler\ti-cgt-c2000_20.2.2.LTS\lib\</path>
         <kind>archive</kind>
         <file>rts2800_fpu32.lib</file>
         <name>_ltoa.c.obj</name>
      </input_file>
      <input_file id="fl-51">
         <path>C:\ti\ccs901\ccs\tools\compiler\ti-cgt-c2000_20.2.2.LTS\lib\</path>
         <kind>archive</kind>
         <file>rts2800_fpu32.lib</file>
         <name>args_main.c.obj</name>
      </input_file>
      <input_file id="fl-52">
         <path>C:\ti\ccs901\ccs\tools\compiler\ti-cgt-c2000_20.2.2.LTS\lib\</path>
         <kind>archive</kind>
         <file>rts2800_fpu32.lib</file>
         <name>atoi.c.obj</name>
      </input_file>
      <input_file id="fl-53">
         <path>C:\ti\ccs901\ccs\tools\compiler\ti-cgt-c2000_20.2.2.LTS\lib\</path>
         <kind>archive</kind>
         <file>rts2800_fpu32.lib</file>
         <name>ctype.c.obj</name>
      </input_file>
      <input_file id="fl-54">
         <path>C:\ti\ccs901\ccs\tools\compiler\ti-cgt-c2000_20.2.2.LTS\lib\</path>
         <kind>archive</kind>
         <file>rts2800_fpu32.lib</file>
         <name>defs.c.obj</name>
      </input_file>
      <input_file id="fl-55">
         <path>C:\ti\ccs901\ccs\tools\compiler\ti-cgt-c2000_20.2.2.LTS\lib\</path>
         <kind>archive</kind>
         <file>rts2800_fpu32.lib</file>
         <name>memccpy.c.obj</name>
      </input_file>
      <input_file id="fl-56">
         <path>C:\ti\ccs901\ccs\tools\compiler\ti-cgt-c2000_20.2.2.LTS\lib\</path>
         <kind>archive</kind>
         <file>rts2800_fpu32.lib</file>
         <name>memchr.c.obj</name>
      </input_file>
      <input_file id="fl-57">
         <path>C:\ti\ccs901\ccs\tools\compiler\ti-cgt-c2000_20.2.2.LTS\lib\</path>
         <kind>archive</kind>
         <file>rts2800_fpu32.lib</file>
         <name>memory.c.obj</name>
      </input_file>
      <input_file id="fl-58">
         <path>C:\ti\ccs901\ccs\tools\compiler\ti-cgt-c2000_20.2.2.LTS\lib\</path>
         <kind>archive</kind>
         <file>rts2800_fpu32.lib</file>
         <name>memset.c.obj</name>
      </input_file>
      <input_file id="fl-59">
         <path>C:\ti\ccs901\ccs\tools\compiler\ti-cgt-c2000_20.2.2.LTS\lib\</path>
         <kind>archive</kind>
         <file>rts2800_fpu32.lib</file>
         <name>strcat.c.obj</name>
      </input_file>
      <input_file id="fl-5a">
         <path>C:\ti\ccs901\ccs\tools\compiler\ti-cgt-c2000_20.2.2.LTS\lib\</path>
         <kind>archive</kind>
         <file>rts2800_fpu32.lib</file>
         <name>strchr.c.obj</name>
      </input_file>
      <input_file id="fl-5b">
         <path>C:\ti\ccs901\ccs\tools\compiler\ti-cgt-c2000_20.2.2.LTS\lib\</path>
         <kind>archive</kind>
         <file>rts2800_fpu32.lib</file>
         <name>strcpy.c.obj</name>
      </input_file>
      <input_file id="fl-5c">
         <path>C:\ti\ccs901\ccs\tools\compiler\ti-cgt-c2000_20.2.2.LTS\lib\</path>
         <kind>archive</kind>
         <file>rts2800_fpu32.lib</file>
         <name>strlen.c.obj</name>
      </input_file>
      <input_file id="fl-5d">
         <path>C:\ti\ccs901\ccs\tools\compiler\ti-cgt-c2000_20.2.2.LTS\lib\</path>
         <kind>archive</kind>
         <file>rts2800_fpu32.lib</file>
         <name>strncmp.c.obj</name>
      </input_file>
      <input_file id="fl-5e">
         <path>C:\ti\ccs901\ccs\tools\compiler\ti-cgt-c2000_20.2.2.LTS\lib\</path>
         <kind>archive</kind>
         <file>rts2800_fpu32.lib</file>
         <name>write.c.obj</name>
      </input_file>
      <input_file id="fl-5f">
         <path>C:\ti\ccs901\ccs\tools\compiler\ti-cgt-c2000_20.2.2.LTS\lib\</path>
         <kind>archive</kind>
         <file>rts2800_fpu32.lib</file>
         <name>host_device.c.obj</name>
      </input_file>
      <input_file id="fl-60">
         <path>C:\ti\ccs901\ccs\tools\compiler\ti-cgt-c2000_20.2.2.LTS\lib\</path>
         <kind>archive</kind>
         <file>rts2800_fpu32.lib</file>
         <name>s_frexp.c.obj</name>
      </input_file>
      <input_file id="fl-61">
         <path>C:\ti\ccs901\ccs\tools\compiler\ti-cgt-c2000_20.2.2.LTS\lib\</path>
         <kind>archive</kind>
         <file>rts2800_fpu32.lib</file>
         <name>s_scalbn.c.obj</name>
      </input_file>
      <input_file id="fl-62">
         <path>C:\ti\ccs901\ccs\tools\compiler\ti-cgt-c2000_20.2.2.LTS\lib\</path>
         <kind>archive</kind>
         <file>rts2800_fpu32.lib</file>
         <name>wcslen.c.obj</name>
      </input_file>
      <input_file id="fl-63">
         <path>C:\ti\ccs901\ccs\tools\compiler\ti-cgt-c2000_20.2.2.LTS\lib\</path>
         <kind>archive</kind>
         <file>rts2800_fpu32.lib</file>
         <name>s_copysign.c.obj</name>
      </input_file>
      <input_file id="fl-64">
         <path>C:\ti\ccs901\ccs\tools\compiler\ti-cgt-c2000_20.2.2.LTS\lib\</path>
         <kind>archive</kind>
         <file>rts2800_fpu32.lib</file>
         <name>fflush.c.obj</name>
      </input_file>
      <input_file id="fl-65">
         <path>C:\ti\ccs901\ccs\tools\compiler\ti-cgt-c2000_20.2.2.LTS\lib\</path>
         <kind>archive</kind>
         <file>rts2800_fpu32.lib</file>
         <name>fopen.c.obj</name>
      </input_file>
      <input_file id="fl-66">
         <path>C:\ti\ccs901\ccs\tools\compiler\ti-cgt-c2000_20.2.2.LTS\lib\</path>
         <kind>archive</kind>
         <file>rts2800_fpu32.lib</file>
         <name>fseek.c.obj</name>
      </input_file>
      <input_file id="fl-67">
         <path>C:\ti\ccs901\ccs\tools\compiler\ti-cgt-c2000_20.2.2.LTS\lib\</path>
         <kind>archive</kind>
         <file>rts2800_fpu32.lib</file>
         <name>fd_add28.asm.obj</name>
      </input_file>
      <input_file id="fl-68">
         <path>C:\ti\ccs901\ccs\tools\compiler\ti-cgt-c2000_20.2.2.LTS\lib\</path>
         <kind>archive</kind>
         <file>rts2800_fpu32.lib</file>
         <name>l_div28.asm.obj</name>
      </input_file>
      <input_file id="fl-69">
         <path>C:\ti\ccs901\ccs\tools\compiler\ti-cgt-c2000_20.2.2.LTS\lib\</path>
         <kind>archive</kind>
         <file>rts2800_fpu32.lib</file>
         <name>hostclose.c.obj</name>
      </input_file>
      <input_file id="fl-6a">
         <path>C:\ti\ccs901\ccs\tools\compiler\ti-cgt-c2000_20.2.2.LTS\lib\</path>
         <kind>archive</kind>
         <file>rts2800_fpu32.lib</file>
         <name>hostlseek.c.obj</name>
      </input_file>
      <input_file id="fl-6b">
         <path>C:\ti\ccs901\ccs\tools\compiler\ti-cgt-c2000_20.2.2.LTS\lib\</path>
         <kind>archive</kind>
         <file>rts2800_fpu32.lib</file>
         <name>hostopen.c.obj</name>
      </input_file>
      <input_file id="fl-6c">
         <path>C:\ti\ccs901\ccs\tools\compiler\ti-cgt-c2000_20.2.2.LTS\lib\</path>
         <kind>archive</kind>
         <file>rts2800_fpu32.lib</file>
         <name>hostread.c.obj</name>
      </input_file>
      <input_file id="fl-6d">
         <path>C:\ti\ccs901\ccs\tools\compiler\ti-cgt-c2000_20.2.2.LTS\lib\</path>
         <kind>archive</kind>
         <file>rts2800_fpu32.lib</file>
         <name>hostrename.c.obj</name>
      </input_file>
      <input_file id="fl-6e">
         <path>C:\ti\ccs901\ccs\tools\compiler\ti-cgt-c2000_20.2.2.LTS\lib\</path>
         <kind>archive</kind>
         <file>rts2800_fpu32.lib</file>
         <name>hostunlink.c.obj</name>
      </input_file>
      <input_file id="fl-6f">
         <path>C:\ti\ccs901\ccs\tools\compiler\ti-cgt-c2000_20.2.2.LTS\lib\</path>
         <kind>archive</kind>
         <file>rts2800_fpu32.lib</file>
         <name>hostwrite.c.obj</name>
      </input_file>
      <input_file id="fl-70">
         <path>C:\ti\ccs901\ccs\tools\compiler\ti-cgt-c2000_20.2.2.LTS\lib\</path>
         <kind>archive</kind>
         <file>rts2800_fpu32.lib</file>
         <name>trgmsg.c.obj</name>
      </input_file>
      <input_file id="fl-71">
         <path>C:\ti\ccs901\ccs\tools\compiler\ti-cgt-c2000_20.2.2.LTS\lib\</path>
         <kind>archive</kind>
         <file>rts2800_fpu32.lib</file>
         <name>open.c.obj</name>
      </input_file>
      <input_file id="fl-72">
         <path>C:\ti\ccs901\ccs\tools\compiler\ti-cgt-c2000_20.2.2.LTS\lib\</path>
         <kind>archive</kind>
         <file>rts2800_fpu32.lib</file>
         <name>lseek.c.obj</name>
      </input_file>
      <input_file id="fl-73">
         <path>C:\ti\ccs901\ccs\tools\compiler\ti-cgt-c2000_20.2.2.LTS\lib\</path>
         <kind>archive</kind>
         <file>rts2800_fpu32.lib</file>
         <name>errno.c.obj</name>
      </input_file>
      <input_file id="fl-74">
         <path>C:\ti\ccs901\ccs\tools\compiler\ti-cgt-c2000_20.2.2.LTS\lib\</path>
         <kind>archive</kind>
         <file>rts2800_fpu32.lib</file>
         <name>fclose.c.obj</name>
      </input_file>
      <input_file id="fl-75">
         <path>C:\ti\ccs901\ccs\tools\compiler\ti-cgt-c2000_20.2.2.LTS\lib\</path>
         <kind>archive</kind>
         <file>rts2800_fpu32.lib</file>
         <name>getdevice.c.obj</name>
      </input_file>
      <input_file id="fl-76">
         <path>C:\ti\ccs901\ccs\tools\compiler\ti-cgt-c2000_20.2.2.LTS\lib\</path>
         <kind>archive</kind>
         <file>rts2800_fpu32.lib</file>
         <name>strcmp.c.obj</name>
      </input_file>
      <input_file id="fl-77">
         <path>C:\ti\ccs901\ccs\tools\compiler\ti-cgt-c2000_20.2.2.LTS\lib\</path>
         <kind>archive</kind>
         <file>rts2800_fpu32.lib</file>
         <name>strncpy.c.obj</name>
      </input_file>
      <input_file id="fl-78">
         <path>C:\ti\ccs901\ccs\tools\compiler\ti-cgt-c2000_20.2.2.LTS\lib\</path>
         <kind>archive</kind>
         <file>rts2800_fpu32.lib</file>
         <name>remove.c.obj</name>
      </input_file>
      <input_file id="fl-79">
         <path>C:\ti\ccs901\ccs\tools\compiler\ti-cgt-c2000_20.2.2.LTS\lib\</path>
         <kind>archive</kind>
         <file>rts2800_fpu32.lib</file>
         <name>close.c.obj</name>
      </input_file>
      <input_file id="fl-7a">
         <path>C:\ti\ccs901\ccs\tools\compiler\ti-cgt-c2000_20.2.2.LTS\lib\</path>
         <kind>archive</kind>
         <file>rts2800_fpu32.lib</file>
         <name>unlink.c.obj</name>
      </input_file>
   </input_file_list>
   <object_component_list>
      <object_component id="oc-87">
         <name>.cinit</name>
         <load_address>0x82000</load_address>
         <run_address>0x82000</run_address>
         <size>0x65</size>
         <input_file_ref idref="fl-2"/>
      </object_component>
      <object_component id="oc-37c">
         <name>.cinit:__ftable</name>
         <load_address>0x82065</load_address>
         <run_address>0x82065</run_address>
         <size>0x26</size>
         <input_file_ref idref="fl-54"/>
      </object_component>
      <object_component id="oc-157">
         <name>.cinit:_TRIP_SEL</name>
         <load_address>0x8208b</load_address>
         <run_address>0x8208b</run_address>
         <size>0x21</size>
         <input_file_ref idref="fl-1e"/>
      </object_component>
      <object_component id="oc-181">
         <name>.cinit:_EPWM</name>
         <load_address>0x820ac</load_address>
         <run_address>0x820ac</run_address>
         <size>0x1d</size>
         <input_file_ref idref="fl-1e"/>
      </object_component>
      <object_component id="oc-395">
         <name>.cinit:__device</name>
         <load_address>0x820c9</load_address>
         <run_address>0x820c9</run_address>
         <size>0x1b</size>
         <input_file_ref idref="fl-5f"/>
      </object_component>
      <object_component id="oc-150">
         <name>.cinit:_ECAP</name>
         <load_address>0x820e4</load_address>
         <run_address>0x820e4</run_address>
         <size>0x11</size>
         <input_file_ref idref="fl-1e"/>
      </object_component>
      <object_component id="oc-390">
         <name>.cinit:__stream</name>
         <load_address>0x820f5</load_address>
         <run_address>0x820f5</run_address>
         <size>0xe</size>
         <input_file_ref idref="fl-5f"/>
      </object_component>
      <object_component id="oc-251">
         <name>.cinit</name>
         <load_address>0x82103</load_address>
         <run_address>0x82103</run_address>
         <size>0xe</size>
         <input_file_ref idref="fl-4e"/>
      </object_component>
      <object_component id="oc-176">
         <name>.cinit:_ADC</name>
         <load_address>0x82111</load_address>
         <run_address>0x82111</run_address>
         <size>0xd</size>
         <input_file_ref idref="fl-1e"/>
      </object_component>
      <object_component id="oc-15c">
         <name>.cinit:_EQEP</name>
         <load_address>0x8211e</load_address>
         <run_address>0x8211e</run_address>
         <size>0xb</size>
         <input_file_ref idref="fl-1e"/>
      </object_component>
      <object_component id="oc-13c">
         <name>.cinit:_SPI</name>
         <load_address>0x82129</load_address>
         <run_address>0x82129</run_address>
         <size>0xb</size>
         <input_file_ref idref="fl-1e"/>
      </object_component>
      <object_component id="oc-1b8">
         <name>.cinit</name>
         <load_address>0x82134</load_address>
         <run_address>0x82134</run_address>
         <size>0x9</size>
         <input_file_ref idref="fl-27"/>
      </object_component>
      <object_component id="oc-17c">
         <name>.cinit:_SDFM</name>
         <load_address>0x8213d</load_address>
         <run_address>0x8213d</run_address>
         <size>0x9</size>
         <input_file_ref idref="fl-1e"/>
      </object_component>
      <object_component id="oc-1a2">
         <name>.cinit</name>
         <load_address>0x82146</load_address>
         <run_address>0x82146</run_address>
         <size>0x8</size>
         <input_file_ref idref="fl-23"/>
      </object_component>
      <object_component id="oc-1aa">
         <name>.cinit</name>
         <load_address>0x8214e</load_address>
         <run_address>0x8214e</run_address>
         <size>0x8</size>
         <input_file_ref idref="fl-24"/>
      </object_component>
      <object_component id="oc-160">
         <name>.cinit:_I2C</name>
         <load_address>0x82156</load_address>
         <run_address>0x82156</run_address>
         <size>0x7</size>
         <input_file_ref idref="fl-1e"/>
      </object_component>
      <object_component id="oc-166">
         <name>.cinit:_MCBSP</name>
         <load_address>0x8215d</load_address>
         <run_address>0x8215d</run_address>
         <size>0x7</size>
         <input_file_ref idref="fl-1e"/>
      </object_component>
      <object_component id="oc-137">
         <name>.cinit:_SCI</name>
         <load_address>0x82164</load_address>
         <run_address>0x82164</run_address>
         <size>0x7</size>
         <input_file_ref idref="fl-1e"/>
      </object_component>
      <object_component id="oc-359">
         <name>.cinit:_IMUpacket</name>
         <load_address>0x8216b</load_address>
         <run_address>0x8216b</run_address>
         <size>0x6</size>
         <input_file_ref idref="fl-28"/>
      </object_component>
      <object_component id="oc-374">
         <name>.cinit:_PVTpacket</name>
         <load_address>0x82171</load_address>
         <run_address>0x82171</run_address>
         <size>0x6</size>
         <input_file_ref idref="fl-29"/>
      </object_component>
      <object_component id="oc-376">
         <name>.cinit:_SATpacket</name>
         <load_address>0x82177</load_address>
         <run_address>0x82177</run_address>
         <size>0x6</size>
         <input_file_ref idref="fl-29"/>
      </object_component>
      <object_component id="oc-349">
         <name>.cinit:__lock</name>
         <load_address>0x8217d</load_address>
         <run_address>0x8217d</run_address>
         <size>0x5</size>
         <input_file_ref idref="fl-4f"/>
      </object_component>
      <object_component id="oc-35c">
         <name>.cinit:__unlock</name>
         <load_address>0x82182</load_address>
         <run_address>0x82182</run_address>
         <size>0x5</size>
         <input_file_ref idref="fl-4f"/>
      </object_component>
      <object_component id="oc-113">
         <name>.cinit</name>
         <load_address>0x82187</load_address>
         <run_address>0x82187</run_address>
         <size>0x4</size>
         <input_file_ref idref="fl-1c"/>
      </object_component>
      <object_component id="oc-36d">
         <name>.cinit:_TranCommPack</name>
         <load_address>0x8218b</load_address>
         <run_address>0x8218b</run_address>
         <size>0x4</size>
         <input_file_ref idref="fl-29"/>
      </object_component>
      <object_component id="oc-36a">
         <name>.cinit:_path</name>
         <load_address>0x8218f</load_address>
         <run_address>0x8218f</run_address>
         <size>0x4</size>
         <input_file_ref idref="fl-21"/>
      </object_component>
      <object_component id="oc-354">
         <name>.cinit:_pch</name>
         <load_address>0x82193</load_address>
         <run_address>0x82193</run_address>
         <size>0x4</size>
         <input_file_ref idref="fl-2"/>
      </object_component>
      <object_component id="oc-26e">
         <name>.cinit</name>
         <load_address>0x82197</load_address>
         <run_address>0x82197</run_address>
         <size>0x4</size>
         <input_file_ref idref="fl-54"/>
      </object_component>
      <object_component id="oc-30f">
         <name>.cinit</name>
         <load_address>0x8219b</load_address>
         <run_address>0x8219b</run_address>
         <size>0x4</size>
         <input_file_ref idref="fl-73"/>
      </object_component>
      <object_component id="oc-2c4">
         <name>.cinit</name>
         <load_address>0x8219f</load_address>
         <run_address>0x8219f</run_address>
         <size>0x4</size>
         <input_file_ref idref="fl-65"/>
      </object_component>
      <object_component id="oc-27c">
         <name>.cinit</name>
         <load_address>0x821a3</load_address>
         <run_address>0x821a3</run_address>
         <size>0x4</size>
         <input_file_ref idref="fl-57"/>
      </object_component>
      <object_component id="oc-303">
         <name>.cinit</name>
         <load_address>0x821a7</load_address>
         <run_address>0x821a7</run_address>
         <size>0x4</size>
         <input_file_ref idref="fl-71"/>
      </object_component>
      <object_component id="oc-368">
         <name>.text</name>
         <load_address>0x821b0</load_address>
         <run_address>0x821b0</run_address>
         <size>0x15d8</size>
         <input_file_ref idref="fl-23"/>
      </object_component>
      <object_component id="oc-a5">
         <name>.text:retain</name>
         <load_address>0x83788</load_address>
         <run_address>0x83788</run_address>
         <size>0x585</size>
         <input_file_ref idref="fl-7"/>
      </object_component>
      <object_component id="oc-35d">
         <name>.text</name>
         <load_address>0x83d0d</load_address>
         <run_address>0x83d0d</run_address>
         <size>0x28c</size>
         <input_file_ref idref="fl-57"/>
      </object_component>
      <object_component id="oc-382">
         <name>.text</name>
         <load_address>0x83f99</load_address>
         <run_address>0x83f99</run_address>
         <size>0x67</size>
         <input_file_ref idref="fl-39"/>
      </object_component>
      <object_component id="oc-37d">
         <name>.text</name>
         <load_address>0x84000</load_address>
         <run_address>0x84000</run_address>
         <size>0xce4</size>
         <input_file_ref idref="fl-35"/>
      </object_component>
      <object_component id="oc-357">
         <name>.text</name>
         <load_address>0x84ce4</load_address>
         <run_address>0x84ce4</run_address>
         <size>0x549</size>
         <input_file_ref idref="fl-29"/>
      </object_component>
      <object_component id="oc-37f">
         <name>.text</name>
         <load_address>0x8522d</load_address>
         <run_address>0x8522d</run_address>
         <size>0x44c</size>
         <input_file_ref idref="fl-24"/>
      </object_component>
      <object_component id="oc-33a">
         <name>.text</name>
         <load_address>0x85679</load_address>
         <run_address>0x85679</run_address>
         <size>0x3fc</size>
         <input_file_ref idref="fl-8"/>
      </object_component>
      <object_component id="oc-34f">
         <name>.text</name>
         <load_address>0x85a75</load_address>
         <run_address>0x85a75</run_address>
         <size>0x37c</size>
         <input_file_ref idref="fl-27"/>
      </object_component>
      <object_component id="oc-33b">
         <name>.text</name>
         <load_address>0x85df1</load_address>
         <run_address>0x85df1</run_address>
         <size>0x1ca</size>
         <input_file_ref idref="fl-2"/>
      </object_component>
      <object_component id="oc-39e">
         <name>.text</name>
         <load_address>0x85fbb</load_address>
         <run_address>0x85fbb</run_address>
         <size>0x3e</size>
         <input_file_ref idref="fl-6d"/>
      </object_component>
      <object_component id="oc-378">
         <name>.text</name>
         <load_address>0x85ff9</load_address>
         <run_address>0x85ff9</run_address>
         <size>0x7</size>
         <input_file_ref idref="fl-58"/>
      </object_component>
      <object_component id="oc-34a">
         <name>.text</name>
         <load_address>0x8603c</load_address>
         <run_address>0x8603c</run_address>
         <size>0x353</size>
         <input_file_ref idref="fl-18"/>
      </object_component>
      <object_component id="oc-34d">
         <name>.text</name>
         <load_address>0x8638f</load_address>
         <run_address>0x8638f</run_address>
         <size>0x244</size>
         <input_file_ref idref="fl-d"/>
      </object_component>
      <object_component id="oc-1ba">
         <name>.text:retain</name>
         <load_address>0x865d3</load_address>
         <run_address>0x865d3</run_address>
         <size>0x1b6</size>
         <input_file_ref idref="fl-27"/>
      </object_component>
      <object_component id="oc-34b">
         <name>.text</name>
         <load_address>0x86789</load_address>
         <run_address>0x86789</run_address>
         <size>0x166</size>
         <input_file_ref idref="fl-12"/>
      </object_component>
      <object_component id="oc-356">
         <name>.text</name>
         <load_address>0x868ef</load_address>
         <run_address>0x868ef</run_address>
         <size>0x158</size>
         <input_file_ref idref="fl-22"/>
      </object_component>
      <object_component id="oc-393">
         <name>.text</name>
         <load_address>0x86a47</load_address>
         <run_address>0x86a47</run_address>
         <size>0x121</size>
         <input_file_ref idref="fl-65"/>
      </object_component>
      <object_component id="oc-21e">
         <name>.text</name>
         <load_address>0x86b68</load_address>
         <run_address>0x86b68</run_address>
         <size>0x107</size>
         <input_file_ref idref="fl-44"/>
      </object_component>
      <object_component id="oc-8a">
         <name>.text:retain</name>
         <load_address>0x86c6f</load_address>
         <run_address>0x86c6f</run_address>
         <size>0xd1</size>
         <input_file_ref idref="fl-2"/>
      </object_component>
      <object_component id="oc-355">
         <name>.text</name>
         <load_address>0x86d40</load_address>
         <run_address>0x86d40</run_address>
         <size>0xcc</size>
         <input_file_ref idref="fl-21"/>
      </object_component>
      <object_component id="oc-389">
         <name>.text</name>
         <load_address>0x86e0c</load_address>
         <run_address>0x86e0c</run_address>
         <size>0xae</size>
         <input_file_ref idref="fl-61"/>
      </object_component>
      <object_component id="oc-37a">
         <name>.text</name>
         <load_address>0x86eba</load_address>
         <run_address>0x86eba</run_address>
         <size>0xa8</size>
         <input_file_ref idref="fl-38"/>
      </object_component>
      <object_component id="oc-2cf">
         <name>.text</name>
         <load_address>0x86f62</load_address>
         <run_address>0x86f62</run_address>
         <size>0x9c</size>
         <input_file_ref idref="fl-67"/>
      </object_component>
      <object_component id="oc-3a4">
         <name>.text</name>
         <load_address>0x86ffe</load_address>
         <run_address>0x86ffe</run_address>
         <size>0x95</size>
         <input_file_ref idref="fl-70"/>
      </object_component>
      <object_component id="oc-352">
         <name>.text</name>
         <load_address>0x87093</load_address>
         <run_address>0x87093</run_address>
         <size>0x8c</size>
         <input_file_ref idref="fl-5"/>
      </object_component>
      <object_component id="oc-237">
         <name>.text</name>
         <load_address>0x8711f</load_address>
         <run_address>0x8711f</run_address>
         <size>0x8b</size>
         <input_file_ref idref="fl-49"/>
      </object_component>
      <object_component id="oc-1fb">
         <name>.text</name>
         <load_address>0x871aa</load_address>
         <run_address>0x871aa</run_address>
         <size>0x83</size>
         <input_file_ref idref="fl-3d"/>
      </object_component>
      <object_component id="oc-38e">
         <name>.text</name>
         <load_address>0x8722d</load_address>
         <run_address>0x8722d</run_address>
         <size>0x7d</size>
         <input_file_ref idref="fl-3a"/>
      </object_component>
      <object_component id="oc-383">
         <name>.text</name>
         <load_address>0x872aa</load_address>
         <run_address>0x872aa</run_address>
         <size>0x73</size>
         <input_file_ref idref="fl-64"/>
      </object_component>
      <object_component id="oc-396">
         <name>.text</name>
         <load_address>0x8731d</load_address>
         <run_address>0x8731d</run_address>
         <size>0x71</size>
         <input_file_ref idref="fl-71"/>
      </object_component>
      <object_component id="oc-397">
         <name>.text</name>
         <load_address>0x8738e</load_address>
         <run_address>0x8738e</run_address>
         <size>0x5d</size>
         <input_file_ref idref="fl-74"/>
      </object_component>
      <object_component id="oc-39c">
         <name>.text</name>
         <load_address>0x873eb</load_address>
         <run_address>0x873eb</run_address>
         <size>0x5b</size>
         <input_file_ref idref="fl-6a"/>
      </object_component>
      <object_component id="oc-388">
         <name>.text</name>
         <load_address>0x87446</load_address>
         <run_address>0x87446</run_address>
         <size>0x5a</size>
         <input_file_ref idref="fl-60"/>
      </object_component>
      <object_component id="oc-85">
         <name>.text</name>
         <load_address>0x874a0</load_address>
         <run_address>0x874a0</run_address>
         <size>0x56</size>
         <input_file_ref idref="fl-3b"/>
      </object_component>
      <object_component id="oc-379">
         <name>.text</name>
         <load_address>0x874f6</load_address>
         <run_address>0x874f6</run_address>
         <size>0x53</size>
         <input_file_ref idref="fl-37"/>
      </object_component>
      <object_component id="oc-33c">
         <name>.text</name>
         <load_address>0x87549</load_address>
         <run_address>0x87549</run_address>
         <size>0x52</size>
         <input_file_ref idref="fl-28"/>
      </object_component>
      <object_component id="oc-39f">
         <name>.text</name>
         <load_address>0x8759b</load_address>
         <run_address>0x8759b</run_address>
         <size>0x51</size>
         <input_file_ref idref="fl-75"/>
      </object_component>
      <object_component id="oc-34e">
         <name>.text</name>
         <load_address>0x875ec</load_address>
         <run_address>0x875ec</run_address>
         <size>0x4a</size>
         <input_file_ref idref="fl-17"/>
      </object_component>
      <object_component id="oc-38d">
         <name>.text</name>
         <load_address>0x87636</load_address>
         <run_address>0x87636</run_address>
         <size>0x3d</size>
         <input_file_ref idref="fl-66"/>
      </object_component>
      <object_component id="oc-398">
         <name>.text</name>
         <load_address>0x87673</load_address>
         <run_address>0x87673</run_address>
         <size>0x3c</size>
         <input_file_ref idref="fl-6b"/>
      </object_component>
      <object_component id="oc-39b">
         <name>.text</name>
         <load_address>0x876af</load_address>
         <run_address>0x876af</run_address>
         <size>0x39</size>
         <input_file_ref idref="fl-6f"/>
      </object_component>
      <object_component id="oc-39a">
         <name>.text</name>
         <load_address>0x876e8</load_address>
         <run_address>0x876e8</run_address>
         <size>0x38</size>
         <input_file_ref idref="fl-6c"/>
      </object_component>
      <object_component id="oc-364">
         <name>.text</name>
         <load_address>0x87720</load_address>
         <run_address>0x87720</run_address>
         <size>0x34</size>
         <input_file_ref idref="fl-34"/>
      </object_component>
      <object_component id="oc-3a0">
         <name>.text</name>
         <load_address>0x87754</load_address>
         <run_address>0x87754</run_address>
         <size>0x33</size>
         <input_file_ref idref="fl-79"/>
      </object_component>
      <object_component id="oc-366">
         <name>.text</name>
         <load_address>0x87787</load_address>
         <run_address>0x87787</run_address>
         <size>0x32</size>
         <input_file_ref idref="fl-36"/>
      </object_component>
      <object_component id="oc-365">
         <name>.text</name>
         <load_address>0x877b9</load_address>
         <run_address>0x877b9</run_address>
         <size>0x31</size>
         <input_file_ref idref="fl-52"/>
      </object_component>
      <object_component id="oc-387">
         <name>.text</name>
         <load_address>0x877ea</load_address>
         <run_address>0x877ea</run_address>
         <size>0x30</size>
         <input_file_ref idref="fl-50"/>
      </object_component>
      <object_component id="oc-1f6">
         <name>.text</name>
         <load_address>0x8781a</load_address>
         <run_address>0x8781a</run_address>
         <size>0x2a</size>
         <input_file_ref idref="fl-3c"/>
      </object_component>
      <object_component id="oc-2d4">
         <name>.text</name>
         <load_address>0x87844</load_address>
         <run_address>0x87844</run_address>
         <size>0x2a</size>
         <input_file_ref idref="fl-68"/>
      </object_component>
      <object_component id="oc-339">
         <name>.text</name>
         <load_address>0x8786e</load_address>
         <run_address>0x8786e</run_address>
         <size>0x29</size>
         <input_file_ref idref="fl-4e"/>
      </object_component>
      <object_component id="oc-399">
         <name>.text</name>
         <load_address>0x87897</load_address>
         <run_address>0x87897</run_address>
         <size>0x29</size>
         <input_file_ref idref="fl-69"/>
      </object_component>
      <object_component id="oc-350">
         <name>.text</name>
         <load_address>0x878c0</load_address>
         <run_address>0x878c0</run_address>
         <size>0x28</size>
         <input_file_ref idref="fl-14"/>
      </object_component>
      <object_component id="oc-351">
         <name>.text</name>
         <load_address>0x878e8</load_address>
         <run_address>0x878e8</run_address>
         <size>0x26</size>
         <input_file_ref idref="fl-15"/>
      </object_component>
      <object_component id="oc-391">
         <name>.text</name>
         <load_address>0x8790e</load_address>
         <run_address>0x8790e</run_address>
         <size>0x25</size>
         <input_file_ref idref="fl-63"/>
      </object_component>
      <object_component id="oc-336">
         <name>.text</name>
         <load_address>0x87933</load_address>
         <run_address>0x87933</run_address>
         <size>0x24</size>
         <input_file_ref idref="fl-4a"/>
      </object_component>
      <object_component id="oc-39d">
         <name>.text</name>
         <load_address>0x87957</load_address>
         <run_address>0x87957</run_address>
         <size>0x24</size>
         <input_file_ref idref="fl-6e"/>
      </object_component>
      <object_component id="oc-20a">
         <name>.text</name>
         <load_address>0x8797b</load_address>
         <run_address>0x8797b</run_address>
         <size>0x21</size>
         <input_file_ref idref="fl-40"/>
      </object_component>
      <object_component id="oc-20f">
         <name>.text</name>
         <load_address>0x8799c</load_address>
         <run_address>0x8799c</run_address>
         <size>0x1f</size>
         <input_file_ref idref="fl-41"/>
      </object_component>
      <object_component id="oc-219">
         <name>.text</name>
         <load_address>0x879bb</load_address>
         <run_address>0x879bb</run_address>
         <size>0x1e</size>
         <input_file_ref idref="fl-43"/>
      </object_component>
      <object_component id="oc-223">
         <name>.text</name>
         <load_address>0x879d9</load_address>
         <run_address>0x879d9</run_address>
         <size>0x1d</size>
         <input_file_ref idref="fl-45"/>
      </object_component>
      <object_component id="oc-347">
         <name>.text</name>
         <load_address>0x879f6</load_address>
         <run_address>0x879f6</run_address>
         <size>0x1d</size>
         <input_file_ref idref="fl-4b"/>
      </object_component>
      <object_component id="oc-232">
         <name>.text</name>
         <load_address>0x87a13</load_address>
         <run_address>0x87a13</run_address>
         <size>0x1c</size>
         <input_file_ref idref="fl-48"/>
      </object_component>
      <object_component id="oc-22d">
         <name>.text</name>
         <load_address>0x87a2f</load_address>
         <run_address>0x87a2f</run_address>
         <size>0x1c</size>
         <input_file_ref idref="fl-47"/>
      </object_component>
      <object_component id="oc-3a7">
         <name>.text</name>
         <load_address>0x87a4b</load_address>
         <run_address>0x87a4b</run_address>
         <size>0x19</size>
         <input_file_ref idref="fl-7a"/>
      </object_component>
      <object_component id="oc-384">
         <name>.text</name>
         <load_address>0x87a64</load_address>
         <run_address>0x87a64</run_address>
         <size>0x19</size>
         <input_file_ref idref="fl-5e"/>
      </object_component>
      <object_component id="oc-214">
         <name>.text</name>
         <load_address>0x87a7d</load_address>
         <run_address>0x87a7d</run_address>
         <size>0x18</size>
         <input_file_ref idref="fl-42"/>
      </object_component>
      <object_component id="oc-392">
         <name>.text</name>
         <load_address>0x87a95</load_address>
         <run_address>0x87a95</run_address>
         <size>0x18</size>
         <input_file_ref idref="fl-72"/>
      </object_component>
      <object_component id="oc-35a">
         <name>.text</name>
         <load_address>0x87aad</load_address>
         <run_address>0x87aad</run_address>
         <size>0x16</size>
         <input_file_ref idref="fl-25"/>
      </object_component>
      <object_component id="oc-361">
         <name>.text</name>
         <load_address>0x87ac3</load_address>
         <run_address>0x87ac3</run_address>
         <size>0x16</size>
         <input_file_ref idref="fl-5d"/>
      </object_component>
      <object_component id="oc-3a6">
         <name>.text</name>
         <load_address>0x87ad9</load_address>
         <run_address>0x87ad9</run_address>
         <size>0x15</size>
         <input_file_ref idref="fl-77"/>
      </object_component>
      <object_component id="oc-338">
         <name>.text</name>
         <load_address>0x87aee</load_address>
         <run_address>0x87aee</run_address>
         <size>0x12</size>
         <input_file_ref idref="fl-51"/>
      </object_component>
      <object_component id="oc-38b">
         <name>.text</name>
         <load_address>0x87b00</load_address>
         <run_address>0x87b00</run_address>
         <size>0x10</size>
         <input_file_ref idref="fl-55"/>
      </object_component>
      <object_component id="oc-205">
         <name>.text</name>
         <load_address>0x87b10</load_address>
         <run_address>0x87b10</run_address>
         <size>0xe</size>
         <input_file_ref idref="fl-3f"/>
      </object_component>
      <object_component id="oc-386">
         <name>.text</name>
         <load_address>0x87b1e</load_address>
         <run_address>0x87b1e</run_address>
         <size>0xd</size>
         <input_file_ref idref="fl-56"/>
      </object_component>
      <object_component id="oc-38a">
         <name>.text</name>
         <load_address>0x87b2b</load_address>
         <run_address>0x87b2b</run_address>
         <size>0xc</size>
         <input_file_ref idref="fl-5a"/>
      </object_component>
      <object_component id="oc-228">
         <name>.text</name>
         <load_address>0x87b37</load_address>
         <run_address>0x87b37</run_address>
         <size>0xb</size>
         <input_file_ref idref="fl-46"/>
      </object_component>
      <object_component id="oc-3a5">
         <name>.text</name>
         <load_address>0x87b42</load_address>
         <run_address>0x87b42</run_address>
         <size>0xa</size>
         <input_file_ref idref="fl-76"/>
      </object_component>
      <object_component id="oc-35b">
         <name>.text</name>
         <load_address>0x87b4c</load_address>
         <run_address>0x87b4c</run_address>
         <size>0x9</size>
         <input_file_ref idref="fl-4f"/>
      </object_component>
      <object_component id="oc-200">
         <name>.text</name>
         <load_address>0x87b55</load_address>
         <run_address>0x87b55</run_address>
         <size>0x9</size>
         <input_file_ref idref="fl-3e"/>
      </object_component>
      <object_component id="oc-367">
         <name>.text</name>
         <load_address>0x87b5e</load_address>
         <run_address>0x87b5e</run_address>
         <size>0x9</size>
         <input_file_ref idref="fl-59"/>
      </object_component>
      <object_component id="oc-38c">
         <name>.text</name>
         <load_address>0x87b67</load_address>
         <run_address>0x87b67</run_address>
         <size>0x9</size>
         <input_file_ref idref="fl-62"/>
      </object_component>
      <object_component id="oc-385">
         <name>.text</name>
         <load_address>0x87b70</load_address>
         <run_address>0x87b70</run_address>
         <size>0x8</size>
         <input_file_ref idref="fl-5c"/>
      </object_component>
      <object_component id="oc-363">
         <name>.text</name>
         <load_address>0x87b78</load_address>
         <run_address>0x87b78</run_address>
         <size>0x5</size>
         <input_file_ref idref="fl-5b"/>
      </object_component>
      <object_component id="oc-9f">
         <name>.text</name>
         <load_address>0x87b7d</load_address>
         <run_address>0x87b7d</run_address>
         <size>0x3</size>
         <input_file_ref idref="fl-6"/>
      </object_component>
      <object_component id="oc-3a2">
         <name>.text</name>
         <load_address>0x87b80</load_address>
         <run_address>0x87b80</run_address>
         <size>0x3</size>
         <input_file_ref idref="fl-78"/>
      </object_component>
      <object_component id="oc-335">
         <name>.text</name>
         <load_address>0x87b83</load_address>
         <run_address>0x87b83</run_address>
         <size>0x2</size>
         <input_file_ref idref="fl-4c"/>
      </object_component>
      <object_component id="oc-337">
         <name>.text</name>
         <load_address>0x87b85</load_address>
         <run_address>0x87b85</run_address>
         <size>0x1</size>
         <input_file_ref idref="fl-4d"/>
      </object_component>
      <object_component id="oc-94">
         <name>codestart</name>
         <load_address>0x80000</load_address>
         <run_address>0x80000</run_address>
         <size>0x2</size>
         <input_file_ref idref="fl-4"/>
      </object_component>
      <object_component id="oc-1f0">
         <name>.stack</name>
         <uninitialized>true</uninitialized>
         <run_address>0x8800</run_address>
         <size>0x0</size>
         <input_file_ref idref="fl-3b"/>
      </object_component>
      <object_component id="oc-432">
         <name>.stack</name>
         <uninitialized>true</uninitialized>
         <run_address>0x8800</run_address>
         <size>0x0</size>
      </object_component>
      <object_component id="oc-195">
         <name>.ebss</name>
         <uninitialized>true</uninitialized>
         <run_address>0x9800</run_address>
         <size>0x49a</size>
         <input_file_ref idref="fl-21"/>
      </object_component>
      <object_component id="oc-88">
         <name>.ebss</name>
         <uninitialized>true</uninitialized>
         <run_address>0x9c9a</run_address>
         <size>0x26</size>
         <input_file_ref idref="fl-2"/>
      </object_component>
      <object_component id="oc-375">
         <name>.ebss:_SATpacket</name>
         <uninitialized>true</uninitialized>
         <run_address>0x9cc0</run_address>
         <size>0x1ae</size>
         <input_file_ref idref="fl-29"/>
      </object_component>
      <object_component id="oc-358">
         <name>.ebss:_IMUpacket</name>
         <uninitialized>true</uninitialized>
         <run_address>0x9e6e</run_address>
         <size>0x11</size>
         <input_file_ref idref="fl-28"/>
      </object_component>
      <object_component id="oc-114">
         <name>.ebss</name>
         <uninitialized>true</uninitialized>
         <run_address>0x9e7f</run_address>
         <size>0x1</size>
         <input_file_ref idref="fl-1c"/>
      </object_component>
      <object_component id="oc-1b9">
         <name>.ebss</name>
         <uninitialized>true</uninitialized>
         <run_address>0x9e80</run_address>
         <size>0xa0</size>
         <input_file_ref idref="fl-27"/>
      </object_component>
      <object_component id="oc-340">
         <name>.ebss:_TRIP_SEL</name>
         <uninitialized>true</uninitialized>
         <run_address>0x9f20</run_address>
         <size>0x1e</size>
         <input_file_ref idref="fl-1e"/>
      </object_component>
      <object_component id="oc-381">
         <name>.ebss:_FatFs</name>
         <uninitialized>true</uninitialized>
         <run_address>0x9f3e</run_address>
         <size>0x2</size>
         <input_file_ref idref="fl-23"/>
      </object_component>
      <object_component id="oc-3a1">
         <name>.ebss:___TI_tmpnams</name>
         <uninitialized>true</uninitialized>
         <run_address>0x9f40</run_address>
         <size>0xa0</size>
         <input_file_ref idref="fl-54"/>
      </object_component>
      <object_component id="oc-346">
         <name>.ebss:_EPWM</name>
         <uninitialized>true</uninitialized>
         <run_address>0x9fe0</run_address>
         <size>0x1a</size>
         <input_file_ref idref="fl-1e"/>
      </object_component>
      <object_component id="oc-103">
         <name>.ebss</name>
         <uninitialized>true</uninitialized>
         <run_address>0x9ffa</run_address>
         <size>0x6</size>
         <input_file_ref idref="fl-19"/>
      </object_component>
      <object_component id="oc-37b">
         <name>.ebss:__ftable</name>
         <uninitialized>true</uninitialized>
         <run_address>0xa000</run_address>
         <size>0x78</size>
         <input_file_ref idref="fl-54"/>
      </object_component>
      <object_component id="oc-341">
         <name>.ebss:_EQEP</name>
         <uninitialized>true</uninitialized>
         <run_address>0xa078</run_address>
         <size>0x8</size>
         <input_file_ref idref="fl-1e"/>
      </object_component>
      <object_component id="oc-394">
         <name>.ebss:__device</name>
         <uninitialized>true</uninitialized>
         <run_address>0xa080</run_address>
         <size>0x48</size>
         <input_file_ref idref="fl-5f"/>
      </object_component>
      <object_component id="oc-1c5">
         <name>.ebss</name>
         <uninitialized>true</uninitialized>
         <run_address>0xa0c8</run_address>
         <size>0x32</size>
         <input_file_ref idref="fl-29"/>
      </object_component>
      <object_component id="oc-345">
         <name>.ebss:_SDFM</name>
         <uninitialized>true</uninitialized>
         <run_address>0xa0fa</run_address>
         <size>0x6</size>
         <input_file_ref idref="fl-1e"/>
      </object_component>
      <object_component id="oc-36c">
         <name>.ebss:_TranCommPack</name>
         <uninitialized>true</uninitialized>
         <run_address>0xa100</run_address>
         <size>0x32</size>
         <input_file_ref idref="fl-29"/>
      </object_component>
      <object_component id="oc-33f">
         <name>.ebss:_ECAP</name>
         <uninitialized>true</uninitialized>
         <run_address>0xa132</run_address>
         <size>0xe</size>
         <input_file_ref idref="fl-1e"/>
      </object_component>
      <object_component id="oc-369">
         <name>.ebss:_path</name>
         <uninitialized>true</uninitialized>
         <run_address>0xa140</run_address>
         <size>0x32</size>
         <input_file_ref idref="fl-21"/>
      </object_component>
      <object_component id="oc-353">
         <name>.ebss:_pch</name>
         <uninitialized>true</uninitialized>
         <run_address>0xa172</run_address>
         <size>0xd</size>
         <input_file_ref idref="fl-2"/>
      </object_component>
      <object_component id="oc-26f">
         <name>.ebss</name>
         <uninitialized>true</uninitialized>
         <run_address>0xa17f</run_address>
         <size>0x1</size>
         <input_file_ref idref="fl-54"/>
      </object_component>
      <object_component id="oc-373">
         <name>.ebss:_PVTpacket</name>
         <uninitialized>true</uninitialized>
         <run_address>0xa180</run_address>
         <size>0x2a</size>
         <input_file_ref idref="fl-29"/>
      </object_component>
      <object_component id="oc-344">
         <name>.ebss:_ADC</name>
         <uninitialized>true</uninitialized>
         <run_address>0xa1aa</run_address>
         <size>0xa</size>
         <input_file_ref idref="fl-1e"/>
      </object_component>
      <object_component id="oc-33e">
         <name>.ebss:_SPI</name>
         <uninitialized>true</uninitialized>
         <run_address>0xa1b4</run_address>
         <size>0x8</size>
         <input_file_ref idref="fl-1e"/>
      </object_component>
      <object_component id="oc-342">
         <name>.ebss:_I2C</name>
         <uninitialized>true</uninitialized>
         <run_address>0xa1bc</run_address>
         <size>0x4</size>
         <input_file_ref idref="fl-1e"/>
      </object_component>
      <object_component id="oc-38f">
         <name>.ebss:__stream</name>
         <uninitialized>true</uninitialized>
         <run_address>0xa1c0</run_address>
         <size>0x28</size>
         <input_file_ref idref="fl-5f"/>
      </object_component>
      <object_component id="oc-9a">
         <name>.ebss</name>
         <uninitialized>true</uninitialized>
         <run_address>0xa1e8</run_address>
         <size>0x18</size>
         <input_file_ref idref="fl-5"/>
      </object_component>
      <object_component id="oc-19c">
         <name>.ebss</name>
         <uninitialized>true</uninitialized>
         <run_address>0xa200</run_address>
         <size>0x18</size>
         <input_file_ref idref="fl-22"/>
      </object_component>
      <object_component id="oc-3a3">
         <name>.ebss:_parmbuf</name>
         <uninitialized>true</uninitialized>
         <run_address>0xa218</run_address>
         <size>0x8</size>
         <input_file_ref idref="fl-6b"/>
      </object_component>
      <object_component id="oc-252">
         <name>.ebss</name>
         <uninitialized>true</uninitialized>
         <run_address>0xa220</run_address>
         <size>0x6</size>
         <input_file_ref idref="fl-4e"/>
      </object_component>
      <object_component id="oc-1ab">
         <name>.ebss</name>
         <uninitialized>true</uninitialized>
         <run_address>0xa226</run_address>
         <size>0x5</size>
         <input_file_ref idref="fl-24"/>
      </object_component>
      <object_component id="oc-310">
         <name>.ebss</name>
         <uninitialized>true</uninitialized>
         <run_address>0xa22b</run_address>
         <size>0x1</size>
         <input_file_ref idref="fl-73"/>
      </object_component>
      <object_component id="oc-343">
         <name>.ebss:_MCBSP</name>
         <uninitialized>true</uninitialized>
         <run_address>0xa22c</run_address>
         <size>0x4</size>
         <input_file_ref idref="fl-1e"/>
      </object_component>
      <object_component id="oc-33d">
         <name>.ebss:_SCI</name>
         <uninitialized>true</uninitialized>
         <run_address>0xa230</run_address>
         <size>0x4</size>
         <input_file_ref idref="fl-1e"/>
      </object_component>
      <object_component id="oc-27d">
         <name>.ebss</name>
         <uninitialized>true</uninitialized>
         <run_address>0xa234</run_address>
         <size>0x4</size>
         <input_file_ref idref="fl-57"/>
      </object_component>
      <object_component id="oc-1a3">
         <name>.ebss</name>
         <uninitialized>true</uninitialized>
         <run_address>0xa238</run_address>
         <size>0x3</size>
         <input_file_ref idref="fl-23"/>
      </object_component>
      <object_component id="oc-2c5">
         <name>.ebss</name>
         <uninitialized>true</uninitialized>
         <run_address>0xa23b</run_address>
         <size>0x1</size>
         <input_file_ref idref="fl-65"/>
      </object_component>
      <object_component id="oc-348">
         <name>.ebss:__lock</name>
         <uninitialized>true</uninitialized>
         <run_address>0xa23c</run_address>
         <size>0x2</size>
         <input_file_ref idref="fl-4f"/>
      </object_component>
      <object_component id="oc-377">
         <name>.ebss:__unlock</name>
         <uninitialized>true</uninitialized>
         <run_address>0xa23e</run_address>
         <size>0x2</size>
         <input_file_ref idref="fl-4f"/>
      </object_component>
      <object_component id="oc-304">
         <name>.ebss</name>
         <uninitialized>true</uninitialized>
         <run_address>0xa240</run_address>
         <size>0x1</size>
         <input_file_ref idref="fl-71"/>
      </object_component>
      <object_component id="oc-27e">
         <name>.esysmem</name>
         <uninitialized>true</uninitialized>
         <run_address>0xe000</run_address>
         <size>0x4</size>
         <input_file_ref idref="fl-57"/>
      </object_component>
      <object_component id="oc-433">
         <name>.esysmem</name>
         <uninitialized>true</uninitialized>
         <run_address>0xe000</run_address>
         <size>0x0</size>
      </object_component>
      <object_component id="oc-2fd">
         <name>.cio</name>
         <uninitialized>true</uninitialized>
         <run_address>0x1b000</run_address>
         <size>0x120</size>
         <input_file_ref idref="fl-70"/>
      </object_component>
      <object_component id="oc-35e">
         <name>.econst:_PieVectTableInit</name>
         <load_address>0x90000</load_address>
         <run_address>0x90000</run_address>
         <size>0x1c0</size>
         <input_file_ref idref="fl-15"/>
      </object_component>
      <object_component id="oc-37e">
         <name>.econst:.string:__ctypes_</name>
         <load_address>0x901c0</load_address>
         <run_address>0x901c0</run_address>
         <size>0x101</size>
         <input_file_ref idref="fl-53"/>
      </object_component>
      <object_component id="oc-196">
         <name>.econst:.string</name>
         <load_address>0x902c2</load_address>
         <run_address>0x902c2</run_address>
         <size>0x64</size>
         <input_file_ref idref="fl-21"/>
      </object_component>
      <object_component id="oc-1d1">
         <name>.econst:.string</name>
         <load_address>0x90326</load_address>
         <run_address>0x90326</run_address>
         <size>0x26</size>
         <input_file_ref idref="fl-35"/>
      </object_component>
      <object_component id="oc-1d0">
         <name>.econst</name>
         <load_address>0x9034c</load_address>
         <run_address>0x9034c</run_address>
         <size>0x1c</size>
         <input_file_ref idref="fl-35"/>
      </object_component>
      <object_component id="oc-2af">
         <name>.econst</name>
         <load_address>0x90368</load_address>
         <run_address>0x90368</run_address>
         <size>0x1c</size>
         <input_file_ref idref="fl-61"/>
      </object_component>
      <object_component id="oc-362">
         <name>.econst:.string:_$P$T2$3</name>
         <load_address>0x90384</load_address>
         <run_address>0x90384</run_address>
         <size>0xc</size>
         <input_file_ref idref="fl-21"/>
      </object_component>
      <object_component id="oc-1a4">
         <name>.econst:.string</name>
         <load_address>0x90390</load_address>
         <run_address>0x90390</run_address>
         <size>0xb</size>
         <input_file_ref idref="fl-23"/>
      </object_component>
      <object_component id="oc-2a9">
         <name>.econst</name>
         <load_address>0x9039c</load_address>
         <run_address>0x9039c</run_address>
         <size>0x8</size>
         <input_file_ref idref="fl-60"/>
      </object_component>
      <object_component id="oc-380">
         <name>.econst:.string:_fatstr$1</name>
         <load_address>0x903a4</load_address>
         <run_address>0x903a4</run_address>
         <size>0x4</size>
         <input_file_ref idref="fl-23"/>
      </object_component>
      <object_component id="oc-35f">
         <name>.econst:.string:_$P$T0$1</name>
         <load_address>0x903a8</load_address>
         <run_address>0x903a8</run_address>
         <size>0x3</size>
         <input_file_ref idref="fl-21"/>
      </object_component>
      <object_component id="oc-360">
         <name>.econst:.string:_$P$T1$2</name>
         <load_address>0x903ab</load_address>
         <run_address>0x903ab</run_address>
         <size>0x3</size>
         <input_file_ref idref="fl-21"/>
      </object_component>
      <object_component id="oc-1e1">
         <name>.econst:.string</name>
         <load_address>0x903ae</load_address>
         <run_address>0x903ae</run_address>
         <size>0x2</size>
         <input_file_ref idref="fl-38"/>
      </object_component>
      <object_component id="oc-36b">
         <name>.econst:_$P$T0$1</name>
         <load_address>0x903b0</load_address>
         <run_address>0x903b0</run_address>
         <size>0x2</size>
         <input_file_ref idref="fl-29"/>
      </object_component>
      <object_component id="oc-36e">
         <name>.econst:_$P$T1$2</name>
         <load_address>0x903b2</load_address>
         <run_address>0x903b2</run_address>
         <size>0x2</size>
         <input_file_ref idref="fl-29"/>
      </object_component>
      <object_component id="oc-36f">
         <name>.econst:_$P$T2$3</name>
         <load_address>0x903b4</load_address>
         <run_address>0x903b4</run_address>
         <size>0x2</size>
         <input_file_ref idref="fl-29"/>
      </object_component>
      <object_component id="oc-370">
         <name>.econst:_$P$T3$4</name>
         <load_address>0x903b6</load_address>
         <run_address>0x903b6</run_address>
         <size>0x2</size>
         <input_file_ref idref="fl-29"/>
      </object_component>
      <object_component id="oc-371">
         <name>.econst:_$P$T4$5</name>
         <load_address>0x903b8</load_address>
         <run_address>0x903b8</run_address>
         <size>0x2</size>
         <input_file_ref idref="fl-29"/>
      </object_component>
      <object_component id="oc-372">
         <name>.econst:_$P$T5$6</name>
         <load_address>0x903ba</load_address>
         <run_address>0x903ba</run_address>
         <size>0x2</size>
         <input_file_ref idref="fl-29"/>
      </object_component>
      <object_component id="oc-1f1">
         <name>.reset</name>
         <load_address>0x3fffc0</load_address>
         <run_address>0x3fffc0</run_address>
         <size>0x2</size>
         <input_file_ref idref="fl-3b"/>
      </object_component>
      <object_component id="oc-89">
         <name>ramgs13</name>
         <uninitialized>true</uninitialized>
         <run_address>0x19000</run_address>
         <size>0x1c</size>
         <input_file_ref idref="fl-2"/>
      </object_component>
      <object_component id="oc-34c">
         <name>.TI.ramfunc</name>
         <load_address>0x86000</load_address>
         <run_address>0x8000</run_address>
         <size>0x37</size>
         <input_file_ref idref="fl-18"/>
      </object_component>
      <object_component id="oc-120">
         <name>.TI.ramfunc</name>
         <load_address>0x86037</load_address>
         <run_address>0x8037</run_address>
         <size>0x4</size>
         <input_file_ref idref="fl-1f"/>
      </object_component>
      <object_component id="oc-d7">
         <name>PUTBUFFER</name>
         <uninitialized>true</uninitialized>
         <run_address>0x3fc00</run_address>
         <size>0x80</size>
         <input_file_ref idref="fl-10"/>
      </object_component>
      <object_component id="oc-d3">
         <name>PUTWRITEIDX</name>
         <uninitialized>true</uninitialized>
         <run_address>0x3fc80</run_address>
         <size>0x4</size>
         <input_file_ref idref="fl-10"/>
      </object_component>
      <object_component id="oc-d6">
         <name>GETREADIDX</name>
         <uninitialized>true</uninitialized>
         <run_address>0x3fc84</run_address>
         <size>0x4</size>
         <input_file_ref idref="fl-10"/>
      </object_component>
      <object_component id="oc-d8">
         <name>GETBUFFER</name>
         <uninitialized>true</uninitialized>
         <run_address>0x3f800</run_address>
         <size>0x80</size>
         <input_file_ref idref="fl-10"/>
      </object_component>
      <object_component id="oc-d5">
         <name>GETWRITEIDX</name>
         <uninitialized>true</uninitialized>
         <run_address>0x3f880</run_address>
         <size>0x4</size>
         <input_file_ref idref="fl-10"/>
      </object_component>
      <object_component id="oc-d4">
         <name>PUTREADIDX</name>
         <uninitialized>true</uninitialized>
         <run_address>0x3f884</run_address>
         <size>0x4</size>
         <input_file_ref idref="fl-10"/>
      </object_component>
      <object_component id="oc-192">
         <name>PieVectTableFile</name>
         <uninitialized>true</uninitialized>
         <run_address>0xd00</run_address>
         <size>0x1c0</size>
         <input_file_ref idref="fl-20"/>
      </object_component>
      <object_component id="oc-126">
         <name>EmuKeyVar</name>
         <uninitialized>true</uninitialized>
         <run_address>0xd00</run_address>
         <size>0x1</size>
         <input_file_ref idref="fl-20"/>
      </object_component>
      <object_component id="oc-127">
         <name>EmuBModeVar</name>
         <uninitialized>true</uninitialized>
         <run_address>0xd01</run_address>
         <size>0x1</size>
         <input_file_ref idref="fl-20"/>
      </object_component>
      <object_component id="oc-13f">
         <name>AdcaResultFile</name>
         <uninitialized>true</uninitialized>
         <run_address>0xb00</run_address>
         <size>0x18</size>
         <input_file_ref idref="fl-20"/>
      </object_component>
      <object_component id="oc-140">
         <name>AdcbResultFile</name>
         <uninitialized>true</uninitialized>
         <run_address>0xb20</run_address>
         <size>0x18</size>
         <input_file_ref idref="fl-20"/>
      </object_component>
      <object_component id="oc-141">
         <name>AdccResultFile</name>
         <uninitialized>true</uninitialized>
         <run_address>0xb40</run_address>
         <size>0x18</size>
         <input_file_ref idref="fl-20"/>
      </object_component>
      <object_component id="oc-142">
         <name>AdcdResultFile</name>
         <uninitialized>true</uninitialized>
         <run_address>0xb60</run_address>
         <size>0x18</size>
         <input_file_ref idref="fl-20"/>
      </object_component>
      <object_component id="oc-175">
         <name>AdcaRegsFile</name>
         <uninitialized>true</uninitialized>
         <run_address>0x7400</run_address>
         <size>0x80</size>
         <input_file_ref idref="fl-20"/>
      </object_component>
      <object_component id="oc-177">
         <name>AdcbRegsFile</name>
         <uninitialized>true</uninitialized>
         <run_address>0x7480</run_address>
         <size>0x80</size>
         <input_file_ref idref="fl-20"/>
      </object_component>
      <object_component id="oc-178">
         <name>AdccRegsFile</name>
         <uninitialized>true</uninitialized>
         <run_address>0x7500</run_address>
         <size>0x80</size>
         <input_file_ref idref="fl-20"/>
      </object_component>
      <object_component id="oc-179">
         <name>AdcdRegsFile</name>
         <uninitialized>true</uninitialized>
         <run_address>0x7580</run_address>
         <size>0x80</size>
         <input_file_ref idref="fl-20"/>
      </object_component>
      <object_component id="oc-171">
         <name>AnalogSubsysRegsFile</name>
         <uninitialized>true</uninitialized>
         <run_address>0x5d180</run_address>
         <size>0x48</size>
         <input_file_ref idref="fl-20"/>
      </object_component>
      <object_component id="oc-18e">
         <name>CanaRegsFile</name>
         <uninitialized>true</uninitialized>
         <run_address>0x48000</run_address>
         <size>0x164</size>
         <input_file_ref idref="fl-20"/>
      </object_component>
      <object_component id="oc-18f">
         <name>CanbRegsFile</name>
         <uninitialized>true</uninitialized>
         <run_address>0x4a000</run_address>
         <size>0x164</size>
         <input_file_ref idref="fl-20"/>
      </object_component>
      <object_component id="oc-16c">
         <name>Cla1RegsFile</name>
         <uninitialized>true</uninitialized>
         <run_address>0x1400</run_address>
         <size>0x3e</size>
         <input_file_ref idref="fl-20"/>
      </object_component>
      <object_component id="oc-12b">
         <name>Cla1SoftIntRegsFile</name>
         <uninitialized>true</uninitialized>
         <run_address>0xce0</run_address>
         <size>0x4</size>
         <input_file_ref idref="fl-20"/>
      </object_component>
      <object_component id="oc-145">
         <name>Cmpss1RegsFile</name>
         <uninitialized>true</uninitialized>
         <run_address>0x5c80</run_address>
         <size>0x20</size>
         <input_file_ref idref="fl-20"/>
      </object_component>
      <object_component id="oc-146">
         <name>Cmpss2RegsFile</name>
         <uninitialized>true</uninitialized>
         <run_address>0x5ca0</run_address>
         <size>0x20</size>
         <input_file_ref idref="fl-20"/>
      </object_component>
      <object_component id="oc-147">
         <name>Cmpss3RegsFile</name>
         <uninitialized>true</uninitialized>
         <run_address>0x5cc0</run_address>
         <size>0x20</size>
         <input_file_ref idref="fl-20"/>
      </object_component>
      <object_component id="oc-148">
         <name>Cmpss4RegsFile</name>
         <uninitialized>true</uninitialized>
         <run_address>0x5ce0</run_address>
         <size>0x20</size>
         <input_file_ref idref="fl-20"/>
      </object_component>
      <object_component id="oc-149">
         <name>Cmpss5RegsFile</name>
         <uninitialized>true</uninitialized>
         <run_address>0x5d00</run_address>
[...]
         <object_component_ref idref="oc-357"/>
      </symbol>
      <symbol id="sm-924">
         <name>_pstPVT</name>
         <value>0xa0c8</value>
         <object_component_ref idref="oc-1c5"/>
      </symbol>
      <symbol id="sm-925">
         <name>_NAV_PVT_Decode</name>
         <value>0x84fa3</value>
         <object_component_ref idref="oc-357"/>
      </symbol>
      <symbol id="sm-926">
         <name>_UBLOXDataCheckSum</name>
         <value>0x851ed</value>
         <object_component_ref idref="oc-357"/>
      </symbol>
      <symbol id="sm-927">
         <name>_pstSAT</name>
         <value>0xa0ca</value>
         <object_component_ref idref="oc-1c5"/>
      </symbol>
      <symbol id="sm-928">
         <name>_PVTpacket</name>
         <value>0xa180</value>
         <object_component_ref idref="oc-373"/>
      </symbol>
      <symbol id="sm-929">
         <name>_stPVT</name>
         <value>0xa0d0</value>
         <object_component_ref idref="oc-1c5"/>
      </symbol>
      <symbol id="sm-92a">
         <name>_TranLogoff_NEO_8N</name>
         <value>0x84cff</value>
         <object_component_ref idref="oc-357"/>
      </symbol>
      <symbol id="sm-92b">
         <name>_GNSSSysConcurrent</name>
         <value>0x84d3f</value>
         <object_component_ref idref="oc-357"/>
      </symbol>
      <symbol id="sm-92c">
         <name>_InitCommands_NEO_8N</name>
         <value>0x84efb</value>
         <object_component_ref idref="oc-357"/>
      </symbol>
      <symbol id="sm-92d">
         <name>_NEO_Init</name>
         <value>0x84ce4</value>
         <object_component_ref idref="oc-357"/>
      </symbol>
      <symbol id="sm-93d">
         <name>_printf</name>
         <value>0x87726</value>
         <object_component_ref idref="oc-364"/>
      </symbol>
      <symbol id="sm-a9e">
         <name>___TI_printfi</name>
         <value>0x84b53</value>
         <object_component_ref idref="oc-37d"/>
      </symbol>
      <symbol id="sm-aad">
         <name>_sprintf</name>
         <value>0x87787</value>
         <object_component_ref idref="oc-366"/>
      </symbol>
      <symbol id="sm-ac1">
         <name>_putchar</name>
         <value>0x87544</value>
         <object_component_ref idref="oc-379"/>
      </symbol>
      <symbol id="sm-ac3">
         <name>_putc</name>
         <value>0x874f6</value>
         <object_component_ref idref="oc-379"/>
      </symbol>
      <symbol id="sm-ac4">
         <name>_fputc</name>
         <value>0x874f6</value>
         <object_component_ref idref="oc-379"/>
      </symbol>
      <symbol id="sm-ae2">
         <name>_puts</name>
         <value>0x86f4f</value>
         <object_component_ref idref="oc-37a"/>
      </symbol>
      <symbol id="sm-ae4">
         <name>_fputs</name>
         <value>0x86eba</value>
         <object_component_ref idref="oc-37a"/>
      </symbol>
      <symbol id="sm-afc">
         <name>___TI_rd_ok</name>
         <value>0x83fd4</value>
         <object_component_ref idref="oc-382"/>
      </symbol>
      <symbol id="sm-afe">
         <name>___TI_wrt_ok</name>
         <value>0x83f99</value>
         <object_component_ref idref="oc-382"/>
      </symbol>
      <symbol id="sm-b16">
         <name>_setvbuf</name>
         <value>0x8722d</value>
         <object_component_ref idref="oc-38e"/>
      </symbol>
      <symbol id="sm-b32">
         <name>_c_int00</name>
         <value>0x874a0</value>
         <object_component_ref idref="oc-85"/>
      </symbol>
      <symbol id="sm-b33">
         <name>__stack</name>
         <value>0x8800</value>
         <object_component_ref idref="oc-1f0"/>
      </symbol>
      <symbol id="sm-b43">
         <name>FD$$CMP</name>
         <value>0x8781a</value>
         <object_component_ref idref="oc-1f6"/>
      </symbol>
      <symbol id="sm-b55">
         <name>FD$$MPY</name>
         <value>0x871aa</value>
         <object_component_ref idref="oc-1fb"/>
      </symbol>
      <symbol id="sm-b62">
         <name>FD$$NEG</name>
         <value>0x87b55</value>
         <object_component_ref idref="oc-200"/>
      </symbol>
      <symbol id="sm-b6e">
         <name>FD$$SUB</name>
         <value>0x87b10</value>
         <object_component_ref idref="oc-205"/>
      </symbol>
      <symbol id="sm-b7d">
         <name>FD$$TOI</name>
         <value>0x8797b</value>
         <object_component_ref idref="oc-20a"/>
      </symbol>
      <symbol id="sm-b8c">
         <name>FD$$TOL</name>
         <value>0x8799c</value>
         <object_component_ref idref="oc-20f"/>
      </symbol>
      <symbol id="sm-b98">
         <name>LL$$AND</name>
         <value>0x87a7d</value>
         <object_component_ref idref="oc-214"/>
      </symbol>
      <symbol id="sm-b99">
         <name>LL$$OR</name>
         <value>0x87a85</value>
         <object_component_ref idref="oc-214"/>
      </symbol>
      <symbol id="sm-b9a">
         <name>LL$$XOR</name>
         <value>0x87a8d</value>
         <object_component_ref idref="oc-214"/>
      </symbol>
      <symbol id="sm-ba8">
         <name>ULL$$CMP</name>
         <value>0x879cd</value>
         <object_component_ref idref="oc-219"/>
      </symbol>
      <symbol id="sm-ba9">
         <name>LL$$CMP</name>
         <value>0x879bb</value>
         <object_component_ref idref="oc-219"/>
      </symbol>
      <symbol id="sm-bd5">
         <name>ULL$$MOD</name>
         <value>0x86c0d</value>
         <object_component_ref idref="oc-21e"/>
      </symbol>
      <symbol id="sm-bd6">
         <name>ULL$$DIV</name>
         <value>0x86bde</value>
         <object_component_ref idref="oc-21e"/>
      </symbol>
      <symbol id="sm-bd7">
         <name>LL$$MOD</name>
         <value>0x86ba4</value>
         <object_component_ref idref="oc-21e"/>
      </symbol>
      <symbol id="sm-bd8">
         <name>LL$$DIV</name>
         <value>0x86b68</value>
         <object_component_ref idref="oc-21e"/>
      </symbol>
      <symbol id="sm-be8">
         <name>I$$TOFD</name>
         <value>0x879d9</value>
         <object_component_ref idref="oc-223"/>
      </symbol>
      <symbol id="sm-bf4">
         <name>U$$MOD</name>
         <value>0x87b3c</value>
         <object_component_ref idref="oc-228"/>
      </symbol>
      <symbol id="sm-bf5">
         <name>U$$DIV</name>
         <value>0x87b37</value>
         <object_component_ref idref="oc-228"/>
      </symbol>
      <symbol id="sm-c05">
         <name>L$$TOFD</name>
         <value>0x87a2f</value>
         <object_component_ref idref="oc-22d"/>
      </symbol>
      <symbol id="sm-c15">
         <name>FS$$TOFD</name>
         <value>0x87a13</value>
         <object_component_ref idref="oc-232"/>
      </symbol>
      <symbol id="sm-c2c">
         <name>FD$$DIV</name>
         <value>0x8711f</value>
         <object_component_ref idref="oc-237"/>
      </symbol>
      <symbol id="sm-c3b">
         <name>_copy_in</name>
         <value>0x87933</value>
         <object_component_ref idref="oc-336"/>
      </symbol>
      <symbol id="sm-c4d">
         <name>_memcpy</name>
         <value>0x879f6</value>
         <object_component_ref idref="oc-347"/>
      </symbol>
      <symbol id="sm-c5a">
         <name>__system_pre_init</name>
         <value>0x87b83</value>
         <object_component_ref idref="oc-335"/>
      </symbol>
      <symbol id="sm-c68">
         <name>__system_post_cinit</name>
         <value>0x87b85</value>
         <object_component_ref idref="oc-337"/>
      </symbol>
      <symbol id="sm-c7d">
         <name>C$$EXIT</name>
         <value>0x8786e</value>
         <object_component_ref idref="oc-339"/>
      </symbol>
      <symbol id="sm-c7e">
         <name>_exit</name>
         <value>0x87870</value>
         <object_component_ref idref="oc-339"/>
      </symbol>
      <symbol id="sm-c80">
         <name>___TI_cleanup_ptr</name>
         <value>0xa222</value>
         <object_component_ref idref="oc-252"/>
      </symbol>
      <symbol id="sm-c81">
         <name>___TI_enable_exit_profile_output</name>
         <value>0xa220</value>
         <object_component_ref idref="oc-252"/>
      </symbol>
      <symbol id="sm-c82">
         <name>_abort</name>
         <value>0x8786e</value>
         <object_component_ref idref="oc-339"/>
      </symbol>
      <symbol id="sm-c84">
         <name>___TI_dtors_ptr</name>
         <value>0xa224</value>
         <object_component_ref idref="oc-252"/>
      </symbol>
      <symbol id="sm-c98">
         <name>__unlock</name>
         <value>0xa23e</value>
         <object_component_ref idref="oc-377"/>
      </symbol>
      <symbol id="sm-c99">
         <name>__lock</name>
         <value>0xa23c</value>
         <object_component_ref idref="oc-348"/>
      </symbol>
      <symbol id="sm-c9a">
         <name>__register_lock</name>
         <value>0x87b50</value>
         <object_component_ref idref="oc-35b"/>
      </symbol>
      <symbol id="sm-c9c">
         <name>__nop</name>
         <value>0x87b54</value>
         <object_component_ref idref="oc-35b"/>
      </symbol>
      <symbol id="sm-c9e">
         <name>__register_unlock</name>
         <value>0x87b4c</value>
         <object_component_ref idref="oc-35b"/>
      </symbol>
      <symbol id="sm-cad">
         <name>___TI_ltoa</name>
         <value>0x877ea</value>
         <object_component_ref idref="oc-387"/>
      </symbol>
      <symbol id="sm-cbd">
         <name>__args_main</name>
         <value>0x87aee</value>
         <object_component_ref idref="oc-338"/>
      </symbol>
      <symbol id="sm-cd2">
         <name>_atoi</name>
         <value>0x877b9</value>
         <object_component_ref idref="oc-365"/>
      </symbol>
      <symbol id="sm-cdb">
         <name>__ctypes_</name>
         <value>0x901c0</value>
         <object_component_ref idref="oc-37e"/>
      </symbol>
      <symbol id="sm-cec">
         <name>___TI_ft_end</name>
         <value>0xa17f</value>
         <object_component_ref idref="oc-26f"/>
      </symbol>
      <symbol id="sm-ced">
         <name>___TI_tmpnams</name>
         <value>0x9f40</value>
         <object_component_ref idref="oc-3a1"/>
      </symbol>
      <symbol id="sm-cee">
         <name>__ftable</name>
         <value>0xa000</value>
         <object_component_ref idref="oc-37b"/>
      </symbol>
      <symbol id="sm-cfd">
         <name>_memccpy</name>
         <value>0x87b00</value>
         <object_component_ref idref="oc-38b"/>
      </symbol>
      <symbol id="sm-d0d">
         <name>_memchr</name>
         <value>0x87b1e</value>
         <object_component_ref idref="oc-386"/>
      </symbol>
      <symbol id="sm-d6b">
         <name>__sys_memory</name>
         <value>0xe000</value>
         <object_component_ref idref="oc-27e"/>
      </symbol>
      <symbol id="sm-d6c">
         <name>___TI_heap_total_available</name>
         <value>0x83f5d</value>
         <object_component_ref idref="oc-35d"/>
      </symbol>
      <symbol id="sm-d6e">
         <name>_realloc</name>
         <value>0x83e02</value>
         <object_component_ref idref="oc-35d"/>
      </symbol>
      <symbol id="sm-d70">
         <name>___TI_heap_check</name>
         <value>0x83f97</value>
         <object_component_ref idref="oc-35d"/>
      </symbol>
      <symbol id="sm-d72">
         <name>_free</name>
         <value>0x83d38</value>
         <object_component_ref idref="oc-35d"/>
      </symbol>
      <symbol id="sm-d74">
         <name>_memalign</name>
         <value>0x83eb7</value>
         <object_component_ref idref="oc-35d"/>
      </symbol>
      <symbol id="sm-d75">
         <name>_calloc</name>
         <value>0x83e8a</value>
         <object_component_ref idref="oc-35d"/>
      </symbol>
      <symbol id="sm-d77">
         <name>_malloc</name>
         <value>0x83d0d</value>
         <object_component_ref idref="oc-35d"/>
      </symbol>
      <symbol id="sm-d79">
         <name>_aligned_alloc</name>
         <value>0x83eb7</value>
         <object_component_ref idref="oc-35d"/>
      </symbol>
      <symbol id="sm-d7b">
         <name>_minit</name>
         <value>0x83e86</value>
         <object_component_ref idref="oc-35d"/>
      </symbol>
      <symbol id="sm-d7d">
         <name>___TI_heap_largest_available</name>
         <value>0x83f7a</value>
         <object_component_ref idref="oc-35d"/>
      </symbol>
      <symbol id="sm-d8c">
         <name>_memset</name>
         <value>0x85ff9</value>
         <object_component_ref idref="oc-378"/>
      </symbol>
      <symbol id="sm-d9c">
         <name>_strcat</name>
         <value>0x87b5e</value>
         <object_component_ref idref="oc-367"/>
      </symbol>
      <symbol id="sm-dac">
         <name>_strchr</name>
         <value>0x87b2b</value>
         <object_component_ref idref="oc-38a"/>
      </symbol>
      <symbol id="sm-dba">
         <name>_strcpy</name>
         <value>0x87b78</value>
         <object_component_ref idref="oc-363"/>
      </symbol>
      <symbol id="sm-dc8">
         <name>_strlen</name>
         <value>0x87b70</value>
         <object_component_ref idref="oc-385"/>
      </symbol>
      <symbol id="sm-dd8">
         <name>_strncmp</name>
         <value>0x87ac3</value>
         <object_component_ref idref="oc-361"/>
      </symbol>
      <symbol id="sm-de6">
         <name>_write</name>
         <value>0x87a64</value>
         <object_component_ref idref="oc-384"/>
      </symbol>
      <symbol id="sm-df7">
         <name>__device</name>
         <value>0xa080</value>
         <object_component_ref idref="oc-394"/>
      </symbol>
      <symbol id="sm-df8">
         <name>__stream</name>
         <value>0xa1c0</value>
         <object_component_ref idref="oc-38f"/>
      </symbol>
      <symbol id="sm-e0b">
         <name>_frexpl</name>
         <value>0x87446</value>
         <object_component_ref idref="oc-388"/>
      </symbol>
      <symbol id="sm-e2a">
         <name>_scalbnl</name>
         <value>0x86e0c</value>
         <object_component_ref idref="oc-389"/>
      </symbol>
      <symbol id="sm-e2c">
         <name>_ldexpl</name>
         <value>0x86e0c</value>
         <object_component_ref idref="oc-389"/>
      </symbol>
      <symbol id="sm-e3a">
         <name>_wcslen</name>
         <value>0x87b67</value>
         <object_component_ref idref="oc-38c"/>
      </symbol>
      <symbol id="sm-e48">
         <name>_copysignl</name>
         <value>0x8790e</value>
         <object_component_ref idref="oc-391"/>
      </symbol>
      <symbol id="sm-e5f">
         <name>___TI_doflush</name>
         <value>0x872aa</value>
         <object_component_ref idref="oc-383"/>
      </symbol>
      <symbol id="sm-e61">
         <name>_fflush</name>
         <value>0x872d9</value>
         <object_component_ref idref="oc-383"/>
      </symbol>
      <symbol id="sm-e9f">
         <name>_fopen</name>
         <value>0x86b21</value>
         <object_component_ref idref="oc-393"/>
      </symbol>
      <symbol id="sm-ea1">
         <name>___TI_cleanup</name>
         <value>0x86ae6</value>
         <object_component_ref idref="oc-393"/>
      </symbol>
      <symbol id="sm-ea3">
         <name>_freopen</name>
         <value>0x86b03</value>
         <object_component_ref idref="oc-393"/>
      </symbol>
      <symbol id="sm-eb4">
         <name>_fseek</name>
         <value>0x87636</value>
         <object_component_ref idref="oc-38d"/>
      </symbol>
      <symbol id="sm-ed0">
         <name>FD$$ADD</name>
         <value>0x86f62</value>
         <object_component_ref idref="oc-2cf"/>
      </symbol>
      <symbol id="sm-edc">
         <name>UL$$MOD</name>
         <value>0x87868</value>
         <object_component_ref idref="oc-2d4"/>
      </symbol>
      <symbol id="sm-edd">
         <name>L$$MOD</name>
         <value>0x87853</value>
         <object_component_ref idref="oc-2d4"/>
      </symbol>
      <symbol id="sm-ede">
         <name>L$$DIV</name>
         <value>0x87844</value>
         <object_component_ref idref="oc-2d4"/>
      </symbol>
      <symbol id="sm-edf">
         <name>UL$$DIV</name>
         <value>0x87861</value>
         <object_component_ref idref="oc-2d4"/>
      </symbol>
      <symbol id="sm-eeb">
         <name>_HOSTclose</name>
         <value>0x87897</value>
         <object_component_ref idref="oc-399"/>
      </symbol>
      <symbol id="sm-ef8">
         <name>_HOSTlseek</name>
         <value>0x873eb</value>
         <object_component_ref idref="oc-39c"/>
      </symbol>
      <symbol id="sm-f08">
         <name>_parmbuf</name>
         <value>0xa218</value>
         <object_component_ref idref="oc-3a3"/>
      </symbol>
      <symbol id="sm-f09">
         <name>_HOSTopen</name>
         <value>0x87673</value>
         <object_component_ref idref="oc-398"/>
      </symbol>
      <symbol id="sm-f17">
         <name>_HOSTread</name>
         <value>0x876e8</value>
         <object_component_ref idref="oc-39a"/>
      </symbol>
      <symbol id="sm-f24">
         <name>_HOSTrename</name>
         <value>0x85fbb</value>
         <object_component_ref idref="oc-39e"/>
      </symbol>
      <symbol id="sm-f31">
         <name>_HOSTunlink</name>
         <value>0x87957</value>
         <object_component_ref idref="oc-39d"/>
      </symbol>
      <symbol id="sm-f3f">
         <name>_HOSTwrite</name>
         <value>0x876af</value>
         <object_component_ref idref="oc-39b"/>
      </symbol>
      <symbol id="sm-f59">
         <name>___TI_readmsg</name>
         <value>0x87056</value>
         <object_component_ref idref="oc-3a4"/>
      </symbol>
      <symbol id="sm-f5b">
         <name>C$$IO$$</name>
         <value>0x87051</value>
         <object_component_ref idref="oc-3a4"/>
      </symbol>
      <symbol id="sm-f5c">
         <name>__CIOBUF_</name>
         <value>0x1b000</value>
         <object_component_ref idref="oc-2fd"/>
      </symbol>
      <symbol id="sm-f5d">
         <name>___TI_writemsg</name>
         <value>0x86ffe</value>
         <object_component_ref idref="oc-3a4"/>
      </symbol>
      <symbol id="sm-f79">
         <name>_open</name>
         <value>0x8731d</value>
         <object_component_ref idref="oc-396"/>
      </symbol>
      <symbol id="sm-f87">
         <name>_lseek</name>
         <value>0x87a95</value>
         <object_component_ref idref="oc-392"/>
      </symbol>
      <symbol id="sm-f92">
         <name>_errno</name>
         <value>0xa22b</value>
         <object_component_ref idref="oc-310"/>
      </symbol>
      <symbol id="sm-fa3">
         <name>___TI_closefile</name>
         <value>0x8738e</value>
         <object_component_ref idref="oc-397"/>
      </symbol>
      <symbol id="sm-fa5">
         <name>_fclose</name>
         <value>0x873d2</value>
         <object_component_ref idref="oc-397"/>
      </symbol>
      <symbol id="sm-fb7">
         <name>_finddevice</name>
         <value>0x8759b</value>
         <object_component_ref idref="oc-39f"/>
      </symbol>
      <symbol id="sm-fb9">
         <name>_getdevice</name>
         <value>0x875b6</value>
         <object_component_ref idref="oc-39f"/>
      </symbol>
      <symbol id="sm-fc8">
         <name>_strcmp</name>
         <value>0x87b42</value>
         <object_component_ref idref="oc-3a5"/>
      </symbol>
      <symbol id="sm-fd9">
         <name>_strncpy</name>
         <value>0x87ad9</value>
         <object_component_ref idref="oc-3a6"/>
      </symbol>
      <symbol id="sm-fe6">
         <name>_remove</name>
         <value>0x87b80</value>
         <object_component_ref idref="oc-3a2"/>
      </symbol>
      <symbol id="sm-ff7">
         <name>_close</name>
         <value>0x87754</value>
         <object_component_ref idref="oc-3a0"/>
      </symbol>
      <symbol id="sm-1004">
         <name>_unlink</name>
         <value>0x87a4b</value>
         <object_component_ref idref="oc-3a7"/>
      </symbol>
   </symbol_table>
   <title>Link successful</title>
</link_info>
