<?xml version="1.0" encoding="ISO-8859-1" ?>
<link_info>
   <banner>TMS320C2000 Linker PC v18.1.4.LTS</banner>
   <copyright>Copyright (c) 1996-2018 Texas Instruments Incorporated</copyright>
   <link_time>0x5c62a8d8</link_time>
   <link_errors>0x0</link_errors>
   <output_file>CPU2.out</output_file>
   <entry_point>
      <name>_c_int00</name>
      <address>0x827a6</address>
   </entry_point>
   <input_file_list>
      <input_file id="fl-2">
         <path>.\</path>
         <kind>object</kind>
         <file>CPU2.obj</file>
         <name>CPU2.obj</name>
      </input_file>
      <input_file id="fl-3">
         <path>.\F2837xD_common\source\</path>
         <kind>object</kind>
         <file>F2837xD_Adc.obj</file>
         <name>F2837xD_Adc.obj</name>
      </input_file>
      <input_file id="fl-4">
         <path>.\F2837xD_common\source\</path>
         <kind>object</kind>
         <file>F2837xD_CodeStartBranch.obj</file>
         <name>F2837xD_CodeStartBranch.obj</name>
      </input_file>
      <input_file id="fl-5">
         <path>.\F2837xD_common\source\</path>
         <kind>object</kind>
         <file>F2837xD_CpuTimers.obj</file>
         <name>F2837xD_CpuTimers.obj</name>
      </input_file>
      <input_file id="fl-6">
         <path>.\F2837xD_common\source\</path>
         <kind>object</kind>
         <file>F2837xD_DBGIER.obj</file>
         <name>F2837xD_DBGIER.obj</name>
      </input_file>
      <input_file id="fl-7">
         <path>.\F2837xD_common\source\</path>
         <kind>object</kind>
         <file>F2837xD_DefaultISR.obj</file>
         <name>F2837xD_DefaultISR.obj</name>
      </input_file>
      <input_file id="fl-8">
         <path>.\F2837xD_common\source\</path>
         <kind>object</kind>
         <file>F2837xD_Dma.obj</file>
         <name>F2837xD_Dma.obj</name>
      </input_file>
      <input_file id="fl-9">
         <path>.\F2837xD_common\source\</path>
         <kind>object</kind>
         <file>F2837xD_Emif.obj</file>
         <name>F2837xD_Emif.obj</name>
      </input_file>
      <input_file id="fl-a">
         <path>.\F2837xD_common\source\</path>
         <kind>object</kind>
         <file>F2837xD_Gpio.obj</file>
         <name>F2837xD_Gpio.obj</name>
      </input_file>
      <input_file id="fl-b">
         <path>.\F2837xD_common\source\</path>
         <kind>object</kind>
         <file>F2837xD_I2C.obj</file>
         <name>F2837xD_I2C.obj</name>
      </input_file>
      <input_file id="fl-c">
         <path>.\F2837xD_common\source\</path>
         <kind>object</kind>
         <file>F2837xD_Ipc.obj</file>
         <name>F2837xD_Ipc.obj</name>
      </input_file>
      <input_file id="fl-d">
         <path>.\F2837xD_common\source\</path>
         <kind>object</kind>
         <file>F2837xD_Ipc_Driver.obj</file>
         <name>F2837xD_Ipc_Driver.obj</name>
      </input_file>
      <input_file id="fl-e">
         <path>.\F2837xD_common\source\</path>
         <kind>object</kind>
         <file>F2837xD_Ipc_Driver_Lite.obj</file>
         <name>F2837xD_Ipc_Driver_Lite.obj</name>
      </input_file>
      <input_file id="fl-f">
         <path>.\F2837xD_common\source\</path>
         <kind>object</kind>
         <file>F2837xD_Ipc_Driver_Util.obj</file>
         <name>F2837xD_Ipc_Driver_Util.obj</name>
      </input_file>
      <input_file id="fl-10">
         <path>.\F2837xD_common\source\</path>
         <kind>object</kind>
         <file>F2837xD_Mcbsp.obj</file>
         <name>F2837xD_Mcbsp.obj</name>
      </input_file>
      <input_file id="fl-11">
         <path>.\F2837xD_common\source\</path>
         <kind>object</kind>
         <file>F2837xD_PieCtrl.obj</file>
         <name>F2837xD_PieCtrl.obj</name>
      </input_file>
      <input_file id="fl-12">
         <path>.\F2837xD_common\source\</path>
         <kind>object</kind>
         <file>F2837xD_PieVect.obj</file>
         <name>F2837xD_PieVect.obj</name>
      </input_file>
      <input_file id="fl-13">
         <path>.\F2837xD_common\source\</path>
         <kind>object</kind>
         <file>F2837xD_Sci.obj</file>
         <name>F2837xD_Sci.obj</name>
      </input_file>
      <input_file id="fl-14">
         <path>.\F2837xD_common\source\</path>
         <kind>object</kind>
         <file>F2837xD_Spi.obj</file>
         <name>F2837xD_Spi.obj</name>
      </input_file>
      <input_file id="fl-15">
         <path>.\F2837xD_common\source\</path>
         <kind>object</kind>
         <file>F2837xD_SysCtrl.obj</file>
         <name>F2837xD_SysCtrl.obj</name>
      </input_file>
      <input_file id="fl-16">
         <path>.\F2837xD_common\source\</path>
         <kind>object</kind>
         <file>F2837xD_can.obj</file>
         <name>F2837xD_can.obj</name>
      </input_file>
      <input_file id="fl-17">
         <path>.\F2837xD_common\source\</path>
         <kind>object</kind>
         <file>F2837xD_sci_io.obj</file>
         <name>F2837xD_sci_io.obj</name>
      </input_file>
      <input_file id="fl-18">
         <path>.\F2837xD_common\source\</path>
         <kind>object</kind>
         <file>F2837xD_sdfm_drivers.obj</file>
         <name>F2837xD_sdfm_drivers.obj</name>
      </input_file>
      <input_file id="fl-19">
         <path>.\F2837xD_common\source\</path>
         <kind>object</kind>
         <file>F2837xD_struct.obj</file>
         <name>F2837xD_struct.obj</name>
      </input_file>
      <input_file id="fl-1a">
         <path>.\F2837xD_common\source\</path>
         <kind>object</kind>
         <file>F2837xD_usDelay.obj</file>
         <name>F2837xD_usDelay.obj</name>
      </input_file>
      <input_file id="fl-1b">
         <path>.\F2837xD_headers\source\</path>
         <kind>object</kind>
         <file>F2837xD_GlobalVariableDefs.obj</file>
         <name>F2837xD_GlobalVariableDefs.obj</name>
      </input_file>
      <input_file id="fl-25">
         <kind>object</kind>
         <file>&lt;internal&gt;</file>
         <name>&lt;internal&gt;</name>
      </input_file>
      <input_file id="fl-26">
         <path>C:\ti\ccsv8\tools\compiler\ti-cgt-c2000_18.1.4.LTS\lib\</path>
         <kind>archive</kind>
         <file>rts2800_fpu32.lib</file>
         <name>boot28.asm.obj</name>
      </input_file>
      <input_file id="fl-27">
         <path>C:\ti\ccsv8\tools\compiler\ti-cgt-c2000_18.1.4.LTS\lib\</path>
         <kind>archive</kind>
         <file>rts2800_fpu32.lib</file>
         <name>ll_aox28.asm.obj</name>
      </input_file>
      <input_file id="fl-28">
         <path>C:\ti\ccsv8\tools\compiler\ti-cgt-c2000_18.1.4.LTS\lib\</path>
         <kind>archive</kind>
         <file>rts2800_fpu32.lib</file>
         <name>cpy_tbl.c.obj</name>
      </input_file>
      <input_file id="fl-29">
         <path>C:\ti\ccsv8\tools\compiler\ti-cgt-c2000_18.1.4.LTS\lib\</path>
         <kind>archive</kind>
         <file>rts2800_fpu32.lib</file>
         <name>memcpy.c.obj</name>
      </input_file>
      <input_file id="fl-2a">
         <path>C:\ti\ccsv8\tools\compiler\ti-cgt-c2000_18.1.4.LTS\lib\</path>
         <kind>archive</kind>
         <file>rts2800_fpu32.lib</file>
         <name>pre_init.c.obj</name>
      </input_file>
      <input_file id="fl-2b">
         <path>C:\ti\ccsv8\tools\compiler\ti-cgt-c2000_18.1.4.LTS\lib\</path>
         <kind>archive</kind>
         <file>rts2800_fpu32.lib</file>
         <name>startup.c.obj</name>
      </input_file>
      <input_file id="fl-2c">
         <path>C:\ti\ccsv8\tools\compiler\ti-cgt-c2000_18.1.4.LTS\lib\</path>
         <kind>archive</kind>
         <file>rts2800_fpu32.lib</file>
         <name>exit.c.obj</name>
      </input_file>
      <input_file id="fl-2d">
         <path>C:\ti\ccsv8\tools\compiler\ti-cgt-c2000_18.1.4.LTS\lib\</path>
         <kind>archive</kind>
         <file>rts2800_fpu32.lib</file>
         <name>_lock.c.obj</name>
      </input_file>
      <input_file id="fl-2e">
         <path>C:\ti\ccsv8\tools\compiler\ti-cgt-c2000_18.1.4.LTS\lib\</path>
         <kind>archive</kind>
         <file>rts2800_fpu32.lib</file>
         <name>args_main.c.obj</name>
      </input_file>
      <input_file id="fl-2f">
         <path>C:\ti\ccsv8\tools\compiler\ti-cgt-c2000_18.1.4.LTS\lib\</path>
         <kind>archive</kind>
         <file>rts2800_fpu32.lib</file>
         <name>memset.c.obj</name>
      </input_file>
   </input_file_list>
   <object_component_list>
      <object_component id="oc-f6">
         <name>.cinit</name>
         <load_address>0x82b20</load_address>
         <run_address>0x82b20</run_address>
         <size>0x62</size>
         <input_file_ref idref="fl-19"/>
      </object_component>
      <object_component id="oc-7e">
         <name>.cinit</name>
         <load_address>0x82b82</load_address>
         <run_address>0x82b82</run_address>
         <size>0x1e</size>
         <input_file_ref idref="fl-2"/>
      </object_component>
      <object_component id="oc-177">
         <name>.cinit</name>
         <load_address>0x82ba0</load_address>
         <run_address>0x82ba0</run_address>
         <size>0xe</size>
         <input_file_ref idref="fl-2c"/>
      </object_component>
      <object_component id="oc-194">
         <name>.cinit:__lock</name>
         <load_address>0x82bae</load_address>
         <run_address>0x82bae</run_address>
         <size>0x5</size>
         <input_file_ref idref="fl-2d"/>
      </object_component>
      <object_component id="oc-19b">
         <name>.cinit:__unlock</name>
         <load_address>0x82bb3</load_address>
         <run_address>0x82bb3</run_address>
         <size>0x5</size>
         <input_file_ref idref="fl-2d"/>
      </object_component>
      <object_component id="oc-ea">
         <name>.cinit</name>
         <load_address>0x82bb8</load_address>
         <run_address>0x82bb8</run_address>
         <size>0x4</size>
         <input_file_ref idref="fl-17"/>
      </object_component>
      <object_component id="oc-9c">
         <name>.text:retain</name>
         <load_address>0x82000</load_address>
         <run_address>0x82000</run_address>
         <size>0x585</size>
         <input_file_ref idref="fl-7"/>
      </object_component>
      <object_component id="oc-195">
         <name>.text</name>
         <load_address>0x82585</load_address>
         <run_address>0x82585</run_address>
         <size>0x221</size>
         <input_file_ref idref="fl-15"/>
      </object_component>
      <object_component id="oc-7c">
         <name>.text</name>
         <load_address>0x827a6</load_address>
         <run_address>0x827a6</run_address>
         <size>0x56</size>
         <input_file_ref idref="fl-26"/>
      </object_component>
      <object_component id="oc-197">
         <name>.text</name>
         <load_address>0x827fc</load_address>
         <run_address>0x827fc</run_address>
         <size>0x35</size>
         <input_file_ref idref="fl-a"/>
      </object_component>
      <object_component id="oc-192">
         <name>.text</name>
         <load_address>0x82831</load_address>
         <run_address>0x82831</run_address>
         <size>0x34</size>
         <input_file_ref idref="fl-2"/>
      </object_component>
      <object_component id="oc-190">
         <name>.text</name>
         <load_address>0x82865</load_address>
         <run_address>0x82865</run_address>
         <size>0x29</size>
         <input_file_ref idref="fl-2c"/>
      </object_component>
      <object_component id="oc-198">
         <name>.text</name>
         <load_address>0x8288e</load_address>
         <run_address>0x8288e</run_address>
         <size>0x28</size>
         <input_file_ref idref="fl-11"/>
      </object_component>
      <object_component id="oc-199">
         <name>.text</name>
         <load_address>0x828b6</load_address>
         <run_address>0x828b6</run_address>
         <size>0x26</size>
         <input_file_ref idref="fl-12"/>
      </object_component>
      <object_component id="oc-18d">
         <name>.text</name>
         <load_address>0x828dc</load_address>
         <run_address>0x828dc</run_address>
         <size>0x24</size>
         <input_file_ref idref="fl-28"/>
      </object_component>
      <object_component id="oc-191">
         <name>.text</name>
         <load_address>0x82900</load_address>
         <run_address>0x82900</run_address>
         <size>0x1d</size>
         <input_file_ref idref="fl-29"/>
      </object_component>
      <object_component id="oc-18f">
         <name>.text</name>
         <load_address>0x8291d</load_address>
         <run_address>0x8291d</run_address>
         <size>0x19</size>
         <input_file_ref idref="fl-2e"/>
      </object_component>
      <object_component id="oc-15d">
         <name>.text</name>
         <load_address>0x82936</load_address>
         <run_address>0x82936</run_address>
         <size>0x18</size>
         <input_file_ref idref="fl-27"/>
      </object_component>
      <object_component id="oc-19a">
         <name>.text</name>
         <load_address>0x8294e</load_address>
         <run_address>0x8294e</run_address>
         <size>0x9</size>
         <input_file_ref idref="fl-2d"/>
      </object_component>
      <object_component id="oc-96">
         <name>.text</name>
         <load_address>0x82957</load_address>
         <run_address>0x82957</run_address>
         <size>0x3</size>
         <input_file_ref idref="fl-6"/>
      </object_component>
      <object_component id="oc-18c">
         <name>.text</name>
         <load_address>0x8295a</load_address>
         <run_address>0x8295a</run_address>
         <size>0x2</size>
         <input_file_ref idref="fl-2a"/>
      </object_component>
      <object_component id="oc-18e">
         <name>.text</name>
         <load_address>0x8295c</load_address>
         <run_address>0x8295c</run_address>
         <size>0x1</size>
         <input_file_ref idref="fl-2b"/>
      </object_component>
      <object_component id="oc-8b">
         <name>codestart</name>
         <load_address>0x80000</load_address>
         <run_address>0x80000</run_address>
         <size>0x2</size>
         <input_file_ref idref="fl-4"/>
      </object_component>
      <object_component id="oc-157">
         <name>.stack</name>
         <uninitialized>true</uninitialized>
         <run_address>0x400</run_address>
         <size>0x0</size>
         <input_file_ref idref="fl-26"/>
      </object_component>
      <object_component id="oc-21f">
         <name>.stack</name>
         <uninitialized>true</uninitialized>
         <run_address>0x400</run_address>
         <size>0x0</size>
      </object_component>
      <object_component id="oc-80">
         <name>.ebss</name>
         <uninitialized>true</uninitialized>
         <run_address>0xa872</run_address>
         <size>0xc</size>
         <input_file_ref idref="fl-2"/>
      </object_component>
      <object_component id="oc-91">
         <name>.ebss</name>
         <uninitialized>true</uninitialized>
         <run_address>0xa85a</run_address>
         <size>0x18</size>
         <input_file_ref idref="fl-5"/>
      </object_component>
      <object_component id="oc-eb">
         <name>.ebss</name>
         <uninitialized>true</uninitialized>
         <run_address>0xa888</run_address>
         <size>0x1</size>
         <input_file_ref idref="fl-17"/>
      </object_component>
      <object_component id="oc-f7">
         <name>.ebss</name>
         <uninitialized>true</uninitialized>
         <run_address>0xa800</run_address>
         <size>0x5a</size>
         <input_file_ref idref="fl-19"/>
      </object_component>
      <object_component id="oc-178">
         <name>.ebss</name>
         <uninitialized>true</uninitialized>
         <run_address>0xa880</run_address>
         <size>0x6</size>
         <input_file_ref idref="fl-2c"/>
      </object_component>
      <object_component id="oc-19d">
         <name>.ebss:__unlock</name>
         <uninitialized>true</uninitialized>
         <run_address>0xa886</run_address>
         <size>0x2</size>
         <input_file_ref idref="fl-2d"/>
      </object_component>
      <object_component id="oc-193">
         <name>.ebss:__lock</name>
         <uninitialized>true</uninitialized>
         <run_address>0xa87e</run_address>
         <size>0x2</size>
         <input_file_ref idref="fl-2d"/>
      </object_component>
      <object_component id="oc-19c">
         <name>.econst:_PieVectTableInit</name>
         <load_address>0x82960</load_address>
         <run_address>0x82960</run_address>
         <size>0x1c0</size>
         <input_file_ref idref="fl-12"/>
      </object_component>
      <object_component id="oc-158">
         <name>.reset</name>
         <load_address>0x3fffc0</load_address>
         <run_address>0x3fffc0</run_address>
         <size>0x2</size>
         <input_file_ref idref="fl-26"/>
      </object_component>
      <object_component id="oc-81">
         <name>IMU_data</name>
         <uninitialized>true</uninitialized>
         <run_address>0xe000</run_address>
         <size>0xd</size>
         <input_file_ref idref="fl-2"/>
      </object_component>
      <object_component id="oc-7f">
         <name>IMU_time</name>
         <uninitialized>true</uninitialized>
         <run_address>0xe00e</run_address>
         <size>0x2</size>
         <input_file_ref idref="fl-2"/>
      </object_component>
      <object_component id="oc-196">
         <name>.TI.ramfunc</name>
         <load_address>0x86000</load_address>
         <run_address>0x8000</run_address>
         <size>0x37</size>
         <input_file_ref idref="fl-15"/>
      </object_component>
      <object_component id="oc-f9">
         <name>.TI.ramfunc</name>
         <load_address>0x86037</load_address>
         <run_address>0x8037</run_address>
         <size>0x4</size>
         <input_file_ref idref="fl-1a"/>
      </object_component>
      <object_component id="oc-bd">
         <name>PUTBUFFER</name>
         <uninitialized>true</uninitialized>
         <run_address>0x3f800</run_address>
         <size>0x80</size>
         <input_file_ref idref="fl-d"/>
      </object_component>
      <object_component id="oc-ba">
         <name>PUTWRITEIDX</name>
         <uninitialized>true</uninitialized>
         <run_address>0x3f880</run_address>
         <size>0x4</size>
         <input_file_ref idref="fl-d"/>
      </object_component>
      <object_component id="oc-bb">
         <name>GETREADIDX</name>
         <uninitialized>true</uninitialized>
         <run_address>0x3f884</run_address>
         <size>0x4</size>
         <input_file_ref idref="fl-d"/>
      </object_component>
      <object_component id="oc-bc">
         <name>GETBUFFER</name>
         <uninitialized>true</uninitialized>
         <run_address>0x3fc00</run_address>
         <size>0x80</size>
         <input_file_ref idref="fl-d"/>
      </object_component>
      <object_component id="oc-b8">
         <name>GETWRITEIDX</name>
         <uninitialized>true</uninitialized>
         <run_address>0x3fc80</run_address>
         <size>0x4</size>
         <input_file_ref idref="fl-d"/>
      </object_component>
      <object_component id="oc-b9">
         <name>PUTREADIDX</name>
         <uninitialized>true</uninitialized>
         <run_address>0x3fc84</run_address>
         <size>0x4</size>
         <input_file_ref idref="fl-d"/>
      </object_component>
      <object_component id="oc-155">
         <name>PieVectTableFile</name>
         <uninitialized>true</uninitialized>
         <run_address>0xd00</run_address>
         <size>0x1c0</size>
         <input_file_ref idref="fl-1b"/>
      </object_component>
      <object_component id="oc-ff">
         <name>EmuKeyVar</name>
         <uninitialized>true</uninitialized>
         <run_address>0xd00</run_address>
         <size>0x1</size>
         <input_file_ref idref="fl-1b"/>
      </object_component>
      <object_component id="oc-100">
         <name>EmuBModeVar</name>
         <uninitialized>true</uninitialized>
         <run_address>0xd01</run_address>
         <size>0x1</size>
         <input_file_ref idref="fl-1b"/>
      </object_component>
      <object_component id="oc-115">
         <name>AdcaResultFile</name>
         <uninitialized>true</uninitialized>
         <run_address>0xb00</run_address>
         <size>0x18</size>
         <input_file_ref idref="fl-1b"/>
      </object_component>
      <object_component id="oc-116">
         <name>AdcbResultFile</name>
         <uninitialized>true</uninitialized>
         <run_address>0xb20</run_address>
         <size>0x18</size>
         <input_file_ref idref="fl-1b"/>
      </object_component>
      <object_component id="oc-114">
         <name>AdccResultFile</name>
         <uninitialized>true</uninitialized>
         <run_address>0xb40</run_address>
         <size>0x18</size>
         <input_file_ref idref="fl-1b"/>
      </object_component>
      <object_component id="oc-113">
         <name>AdcdResultFile</name>
         <uninitialized>true</uninitialized>
         <run_address>0xb60</run_address>
         <size>0x18</size>
         <input_file_ref idref="fl-1b"/>
      </object_component>
      <object_component id="oc-13e">
         <name>AdcaRegsFile</name>
         <uninitialized>true</uninitialized>
         <run_address>0x7400</run_address>
         <size>0x80</size>
         <input_file_ref idref="fl-1b"/>
      </object_component>
      <object_component id="oc-141">
         <name>AdcbRegsFile</name>
         <uninitialized>true</uninitialized>
         <run_address>0x7480</run_address>
         <size>0x80</size>
         <input_file_ref idref="fl-1b"/>
      </object_component>
      <object_component id="oc-140">
         <name>AdccRegsFile</name>
         <uninitialized>true</uninitialized>
         <run_address>0x7500</run_address>
         <size>0x80</size>
         <input_file_ref idref="fl-1b"/>
      </object_component>
      <object_component id="oc-13f">
         <name>AdcdRegsFile</name>
         <uninitialized>true</uninitialized>
         <run_address>0x7580</run_address>
         <size>0x80</size>
         <input_file_ref idref="fl-1b"/>
      </object_component>
      <object_component id="oc-152">
         <name>CanaRegsFile</name>
         <uninitialized>true</uninitialized>
         <run_address>0x48000</run_address>
         <size>0x164</size>
         <input_file_ref idref="fl-1b"/>
      </object_component>
      <object_component id="oc-153">
         <name>CanbRegsFile</name>
         <uninitialized>true</uninitialized>
         <run_address>0x4a000</run_address>
         <size>0x164</size>
         <input_file_ref idref="fl-1b"/>
      </object_component>
      <object_component id="oc-138">
         <name>Cla1RegsFile</name>
         <uninitialized>true</uninitialized>
         <run_address>0x1400</run_address>
         <size>0x3e</size>
         <input_file_ref idref="fl-1b"/>
      </object_component>
      <object_component id="oc-102">
         <name>Cla1SoftIntRegsFile</name>
         <uninitialized>true</uninitialized>
         <run_address>0xce0</run_address>
         <size>0x4</size>
         <input_file_ref idref="fl-1b"/>
      </object_component>
      <object_component id="oc-128">
         <name>Cmpss1RegsFile</name>
         <uninitialized>true</uninitialized>
         <run_address>0x5c80</run_address>
         <size>0x20</size>
         <input_file_ref idref="fl-1b"/>
      </object_component>
      <object_component id="oc-127">
         <name>Cmpss2RegsFile</name>
         <uninitialized>true</uninitialized>
         <run_address>0x5ca0</run_address>
         <size>0x20</size>
         <input_file_ref idref="fl-1b"/>
      </object_component>
      <object_component id="oc-129">
         <name>Cmpss3RegsFile</name>
         <uninitialized>true</uninitialized>
         <run_address>0x5cc0</run_address>
         <size>0x20</size>
         <input_file_ref idref="fl-1b"/>
      </object_component>
      <object_component id="oc-121">
         <name>Cmpss4RegsFile</name>
         <uninitialized>true</uninitialized>
         <run_address>0x5ce0</run_address>
         <size>0x20</size>
         <input_file_ref idref="fl-1b"/>
      </object_component>
      <object_component id="oc-120">
         <name>Cmpss5RegsFile</name>
         <uninitialized>true</uninitialized>
         <run_address>0x5d00</run_address>
         <size>0x20</size>
         <input_file_ref idref="fl-1b"/>
      </object_component>
      <object_component id="oc-123">
         <name>Cmpss6RegsFile</name>
         <uninitialized>true</uninitialized>
         <run_address>0x5d20</run_address>
         <size>0x20</size>
         <input_file_ref idref="fl-1b"/>
      </object_component>
      <object_component id="oc-122">
         <name>Cmpss7RegsFile</name>
         <uninitialized>true</uninitialized>
         <run_address>0x5d40</run_address>
         <size>0x20</size>
         <input_file_ref idref="fl-1b"/>
      </object_component>
      <object_component id="oc-124">
         <name>Cmpss8RegsFile</name>
         <uninitialized>true</uninitialized>
         <run_address>0x5d60</run_address>
         <size>0x20</size>
         <input_file_ref idref="fl-1b"/>
      </object_component>
      <object_component id="oc-104">
         <name>CpuTimer0RegsFile</name>
         <uninitialized>true</uninitialized>
         <run_address>0xc00</run_address>
         <size>0x8</size>
         <input_file_ref idref="fl-1b"/>
      </object_component>
      <object_component id="oc-105">
         <name>CpuTimer1RegsFile</name>
         <uninitialized>true</uninitialized>
         <run_address>0xc08</run_address>
         <size>0x8</size>
         <input_file_ref idref="fl-1b"/>
      </object_component>
      <object_component id="oc-109">
         <name>CpuTimer2RegsFile</name>
         <uninitialized>true</uninitialized>
         <run_address>0xc10</run_address>
         <size>0x8</size>
         <input_file_ref idref="fl-1b"/>
      </object_component>
      <object_component id="oc-108">
         <name>DacaRegsFile</name>
         <uninitialized>true</uninitialized>
         <run_address>0x5c00</run_address>
         <size>0x8</size>
         <input_file_ref idref="fl-1b"/>
      </object_component>
      <object_component id="oc-107">
         <name>DacbRegsFile</name>
         <uninitialized>true</uninitialized>
         <run_address>0x5c10</run_address>
         <size>0x8</size>
         <input_file_ref idref="fl-1b"/>
      </object_component>
      <object_component id="oc-106">
         <name>DaccRegsFile</name>
         <uninitialized>true</uninitialized>
         <run_address>0x5c20</run_address>
         <size>0x8</size>
         <input_file_ref idref="fl-1b"/>
      </object_component>
      <object_component id="oc-132">
         <name>DcsmZ1RegsFile</name>
         <uninitialized>true</uninitialized>
         <run_address>0x5f000</run_address>
         <size>0x24</size>
         <input_file_ref idref="fl-1b"/>
      </object_component>
      <object_component id="oc-130">
         <name>DcsmZ2RegsFile</name>
         <uninitialized>true</uninitialized>
         <run_address>0x5f040</run_address>
         <size>0x24</size>
         <input_file_ref idref="fl-1b"/>
      </object_component>
      <object_component id="oc-10a">
         <name>DcsmCommonRegsFile</name>
         <uninitialized>true</uninitialized>
         <run_address>0x5f070</run_address>
         <size>0x8</size>
         <input_file_ref idref="fl-1b"/>
      </object_component>
      <object_component id="oc-125">
         <name>DcsmZ1OtpFile</name>
         <uninitialized>true</uninitialized>
         <run_address>0x78000</run_address>
         <size>0x20</size>
         <input_file_ref idref="fl-1b"/>
      </object_component>
      <object_component id="oc-126">
         <name>DcsmZ2OtpFile</name>
         <uninitialized>true</uninitialized>
         <run_address>0x78200</run_address>
         <size>0x20</size>
         <input_file_ref idref="fl-1b"/>
      </object_component>
      <object_component id="oc-145">
         <name>DmaRegsFile</name>
         <uninitialized>true</uninitialized>
         <run_address>0x1000</run_address>
         <size>0xe0</size>
         <input_file_ref idref="fl-1b"/>
      </object_component>
      <object_component id="oc-117">
         <name>DmaClaSrcSelRegsFile</name>
         <uninitialized>true</uninitialized>
         <run_address>0x7980</run_address>
         <size>0x1a</size>
         <input_file_ref idref="fl-1b"/>
      </object_component>
      <object_component id="oc-11d">
         <name>ECap1RegsFile</name>
         <uninitialized>true</uninitialized>
         <run_address>0x5000</run_address>
         <size>0x20</size>
         <input_file_ref idref="fl-1b"/>
      </object_component>
      <object_component id="oc-11c">
         <name>ECap2RegsFile</name>
         <uninitialized>true</uninitialized>
         <run_address>0x5020</run_address>
         <size>0x20</size>
         <input_file_ref idref="fl-1b"/>
      </object_component>
      <object_component id="oc-11f">
         <name>ECap3RegsFile</name>
         <uninitialized>true</uninitialized>
         <run_address>0x5040</run_address>
         <size>0x20</size>
         <input_file_ref idref="fl-1b"/>
      </object_component>
      <object_component id="oc-11a">
         <name>ECap4RegsFile</name>
         <uninitialized>true</uninitialized>
         <run_address>0x5060</run_address>
         <size>0x20</size>
         <input_file_ref idref="fl-1b"/>
      </object_component>
      <object_component id="oc-119">
         <name>ECap5RegsFile</name>
         <uninitialized>true</uninitialized>
         <run_address>0x5080</run_address>
         <size>0x20</size>
         <input_file_ref idref="fl-1b"/>
      </object_component>
      <object_component id="oc-11e">
         <name>ECap6RegsFile</name>
         <uninitialized>true</uninitialized>
         <run_address>0x50a0</run_address>
         <size>0x20</size>
         <input_file_ref idref="fl-1b"/>
      </object_component>
      <object_component id="oc-13c">
         <name>Emif1RegsFile</name>
         <uninitialized>true</uninitialized>
         <run_address>0x47000</run_address>
         <size>0x70</size>
         <input_file_ref idref="fl-1b"/>
      </object_component>
      <object_component id="oc-13b">
         <name>Emif2RegsFile</name>
         <uninitialized>true</uninitialized>
         <run_address>0x47800</run_address>
         <size>0x70</size>
         <input_file_ref idref="fl-1b"/>
      </object_component>
      <object_component id="oc-14b">
         <name>EPwm1RegsFile</name>
         <uninitialized>true</uninitialized>
         <run_address>0x4000</run_address>
         <size>0x100</size>
         <input_file_ref idref="fl-1b"/>
      </object_component>
      <object_component id="oc-148">
         <name>EPwm2RegsFile</name>
         <uninitialized>true</uninitialized>
         <run_address>0x4100</run_address>
         <size>0x100</size>
         <input_file_ref idref="fl-1b"/>
      </object_component>
      <object_component id="oc-14e">
         <name>EPwm3RegsFile</name>
         <uninitialized>true</uninitialized>
         <run_address>0x4200</run_address>
         <size>0x100</size>
         <input_file_ref idref="fl-1b"/>
      </object_component>
      <object_component id="oc-14d">
         <name>EPwm4RegsFile</name>
         <uninitialized>true</uninitialized>
         <run_address>0x4300</run_address>
         <size>0x100</size>
         <input_file_ref idref="fl-1b"/>
      </object_component>
      <object_component id="oc-151">
         <name>EPwm5RegsFile</name>
         <uninitialized>true</uninitialized>
         <run_address>0x4400</run_address>
         <size>0x100</size>
         <input_file_ref idref="fl-1b"/>
      </object_component>
      <object_component id="oc-14f">
         <name>EPwm6RegsFile</name>
         <uninitialized>true</uninitialized>
         <run_address>0x4500</run_address>
         <size>0x100</size>
         <input_file_ref idref="fl-1b"/>
      </object_component>
      <object_component id="oc-149">
         <name>EPwm7RegsFile</name>
         <uninitialized>true</uninitialized>
         <run_address>0x4600</run_address>
         <size>0x100</size>
         <input_file_ref idref="fl-1b"/>
      </object_component>
      <object_component id="oc-147">
         <name>EPwm8RegsFile</name>
         <uninitialized>true</uninitialized>
         <run_address>0x4700</run_address>
         <size>0x100</size>
         <input_file_ref idref="fl-1b"/>
      </object_component>
      <object_component id="oc-146">
         <name>EPwm9RegsFile</name>
         <uninitialized>true</uninitialized>
         <run_address>0x4800</run_address>
         <size>0x100</size>
         <input_file_ref idref="fl-1b"/>
      </object_component>
      <object_component id="oc-14c">
         <name>EPwm10RegsFile</name>
         <uninitialized>true</uninitialized>
         <run_address>0x4900</run_address>
         <size>0x100</size>
         <input_file_ref idref="fl-1b"/>
      </object_component>
      <object_component id="oc-150">
         <name>EPwm11RegsFile</name>
         <uninitialized>true</uninitialized>
         <run_address>0x4a00</run_address>
         <size>0x100</size>
         <input_file_ref idref="fl-1b"/>
      </object_component>
      <object_component id="oc-14a">
         <name>EPwm12RegsFile</name>
         <uninitialized>true</uninitialized>
         <run_address>0x4b00</run_address>
         <size>0x100</size>
         <input_file_ref idref="fl-1b"/>
      </object_component>
      <object_component id="oc-12e">
         <name>EQep1RegsFile</name>
         <uninitialized>true</uninitialized>
         <run_address>0x5100</run_address>
         <size>0x22</size>
         <input_file_ref idref="fl-1b"/>
      </object_component>
      <object_component id="oc-12d">
         <name>EQep2RegsFile</name>
         <uninitialized>true</uninitialized>
         <run_address>0x5140</run_address>
         <size>0x22</size>
         <input_file_ref idref="fl-1b"/>
      </object_component>
      <object_component id="oc-12c">
         <name>EQep3RegsFile</name>
         <uninitialized>true</uninitialized>
         <run_address>0x5180</run_address>
         <size>0x22</size>
         <input_file_ref idref="fl-1b"/>
      </object_component>
      <object_component id="oc-154">
         <name>Flash0CtrlRegsFile</name>
         <uninitialized>true</uninitialized>
         <run_address>0x5f800</run_address>
         <size>0x182</size>
         <input_file_ref idref="fl-1b"/>
      </object_component>
      <object_component id="oc-134">
         <name>Flash0EccRegsFile</name>
         <uninitialized>true</uninitialized>
         <run_address>0x5fb00</run_address>
         <size>0x28</size>
         <input_file_ref idref="fl-1b"/>
      </object_component>
      <object_component id="oc-136">
         <name>GpioDataRegsFile</name>
         <uninitialized>true</uninitialized>
         <run_address>0x7f00</run_address>
         <size>0x30</size>
         <input_file_ref idref="fl-1b"/>
      </object_component>
      <object_component id="oc-12a">
         <name>I2caRegsFile</name>
         <uninitialized>true</uninitialized>
         <run_address>0x7300</run_address>
         <size>0x22</size>
         <input_file_ref idref="fl-1b"/>
      </object_component>
      <object_component id="oc-12b">
         <name>I2cbRegsFile</name>
         <uninitialized>true</uninitialized>
         <run_address>0x7340</run_address>
         <size>0x22</size>
         <input_file_ref idref="fl-1b"/>
      </object_component>
      <object_component id="oc-133">
         <name>IpcRegsFile</name>
         <uninitialized>true</uninitialized>
         <run_address>0x50000</run_address>
         <size>0x24</size>
         <input_file_ref idref="fl-1b"/>
      </object_component>
      <object_component id="oc-101">
         <name>FlashPumpSemaphoreRegsFile</name>
         <uninitialized>true</uninitialized>
         <run_address>0x50024</run_address>
         <size>0x2</size>
         <input_file_ref idref="fl-1b"/>
      </object_component>
      <object_component id="oc-143">
         <name>MemCfgRegsFile</name>
         <uninitialized>true</uninitialized>
         <run_address>0x5f400</run_address>
         <size>0x80</size>
         <input_file_ref idref="fl-1b"/>
      </object_component>
      <object_component id="oc-11b">
         <name>Emif1ConfigRegsFile</name>
         <uninitialized>true</uninitialized>
         <run_address>0x5f480</run_address>
         <size>0x20</size>
         <input_file_ref idref="fl-1b"/>
      </object_component>
      <object_component id="oc-13a">
         <name>AccessProtectionRegsFile</name>
         <uninitialized>true</uninitialized>
         <run_address>0x5f4c0</run_address>
         <size>0x40</size>
         <input_file_ref idref="fl-1b"/>
      </object_component>
      <object_component id="oc-139">
         <name>MemoryErrorRegsFile</name>
         <uninitialized>true</uninitialized>
         <run_address>0x5f500</run_address>
         <size>0x40</size>
         <input_file_ref idref="fl-1b"/>
      </object_component>
      <object_component id="oc-131">
         <name>McbspaRegsFile</name>
         <uninitialized>true</uninitialized>
         <run_address>0x6000</run_address>
         <size>0x24</size>
         <input_file_ref idref="fl-1b"/>
      </object_component>
      <object_component id="oc-12f">
         <name>McbspbRegsFile</name>
         <uninitialized>true</uninitialized>
         <run_address>0x6040</run_address>
         <size>0x24</size>
         <input_file_ref idref="fl-1b"/>
      </object_component>
      <object_component id="oc-103">
         <name>NmiIntruptRegsFile</name>
         <uninitialized>true</uninitialized>
         <run_address>0x7060</run_address>
         <size>0x7</size>
         <input_file_ref idref="fl-1b"/>
      </object_component>
      <object_component id="oc-118">
         <name>PieCtrlRegsFile</name>
         <uninitialized>true</uninitialized>
         <run_address>0xce0</run_address>
         <size>0x1a</size>
         <input_file_ref idref="fl-1b"/>
      </object_component>
      <object_component id="oc-10e">
         <name>SciaRegsFile</name>
         <uninitialized>true</uninitialized>
         <run_address>0x7200</run_address>
         <size>0x10</size>
         <input_file_ref idref="fl-1b"/>
      </object_component>
      <object_component id="oc-10d">
         <name>ScibRegsFile</name>
         <uninitialized>true</uninitialized>
         <run_address>0x7210</run_address>
         <size>0x10</size>
         <input_file_ref idref="fl-1b"/>
      </object_component>
      <object_component id="oc-110">
         <name>ScicRegsFile</name>
         <uninitialized>true</uninitialized>
         <run_address>0x7220</run_address>
         <size>0x10</size>
         <input_file_ref idref="fl-1b"/>
      </object_component>
      <object_component id="oc-10c">
         <name>ScidRegsFile</name>
         <uninitialized>true</uninitialized>
         <run_address>0x7230</run_address>
         <size>0x10</size>
         <input_file_ref idref="fl-1b"/>
      </object_component>
      <object_component id="oc-142">
         <name>Sdfm1RegsFile</name>
         <uninitialized>true</uninitialized>
         <run_address>0x5e00</run_address>
         <size>0x80</size>
         <input_file_ref idref="fl-1b"/>
      </object_component>
      <object_component id="oc-13d">
         <name>Sdfm2RegsFile</name>
         <uninitialized>true</uninitialized>
         <run_address>0x5e80</run_address>
         <size>0x80</size>
         <input_file_ref idref="fl-1b"/>
      </object_component>
      <object_component id="oc-112">
         <name>SpiaRegsFile</name>
         <uninitialized>true</uninitialized>
         <run_address>0x6100</run_address>
         <size>0x10</size>
         <input_file_ref idref="fl-1b"/>
      </object_component>
      <object_component id="oc-111">
         <name>SpibRegsFile</name>
         <uninitialized>true</uninitialized>
         <run_address>0x6110</run_address>
         <size>0x10</size>
         <input_file_ref idref="fl-1b"/>
      </object_component>
      <object_component id="oc-10f">
         <name>SpicRegsFile</name>
         <uninitialized>true</uninitialized>
         <run_address>0x6120</run_address>
         <size>0x10</size>
         <input_file_ref idref="fl-1b"/>
      </object_component>
      <object_component id="oc-137">
         <name>ClkCfgRegsFile</name>
         <uninitialized>true</uninitialized>
         <run_address>0x5d200</run_address>
         <size>0x32</size>
         <input_file_ref idref="fl-1b"/>
      </object_component>
      <object_component id="oc-144">
         <name>CpuSysRegsFile</name>
         <uninitialized>true</uninitialized>
         <run_address>0x5d300</run_address>
         <size>0x82</size>
         <input_file_ref idref="fl-1b"/>
      </object_component>
      <object_component id="oc-135">
         <name>WdRegsFile</name>
         <uninitialized>true</uninitialized>
         <run_address>0x7000</run_address>
         <size>0x2b</size>
         <input_file_ref idref="fl-1b"/>
      </object_component>
      <object_component id="oc-10b">
         <name>XintRegsFile</name>
         <uninitialized>true</uninitialized>
         <run_address>0x7070</run_address>
         <size>0xb</size>
         <input_file_ref idref="fl-1b"/>
      </object_component>
      <object_component id="oc-7d">
         <name>.debug_info</name>
         <load_address>0x0</load_address>
         <run_address>0x0</run_address>
         <size>0x6a2</size>
         <input_file_ref idref="fl-2"/>
      </object_component>
      <object_component id="oc-86">
         <name>.debug_info</name>
         <load_address>0x6a2</load_address>
         <run_address>0x6a2</run_address>
         <size>0x4664</size>
         <input_file_ref idref="fl-3"/>
      </object_component>
      <object_component id="oc-8c">
         <name>.debug_info</name>
         <load_address>0x4d06</load_address>
         <run_address>0x4d06</run_address>
         <size>0x13f</size>
         <input_file_ref idref="fl-4"/>
      </object_component>
      <object_component id="oc-90">
         <name>.debug_info</name>
         <load_address>0x4e45</load_address>
         <run_address>0x4e45</run_address>
         <size>0x871</size>
         <input_file_ref idref="fl-5"/>
      </object_component>
      <object_component id="oc-97">
         <name>.debug_info</name>
         <load_address>0x56b6</load_address>
         <run_address>0x56b6</run_address>
         <size>0x138</size>
         <input_file_ref idref="fl-6"/>
      </object_component>
      <object_component id="oc-9b">
         <name>.debug_info</name>
         <load_address>0x57ee</load_address>
         <run_address>0x57ee</run_address>
         <size>0x659f</size>
         <input_file_ref idref="fl-7"/>
      </object_component>
      <object_component id="oc-a1">
         <name>.debug_info</name>
         <load_address>0xbd8d</load_address>
         <run_address>0xbd8d</run_address>
         <size>0x4758</size>
         <input_file_ref idref="fl-8"/>
      </object_component>
      <object_component id="oc-a6">
         <name>.debug_info</name>
         <load_address>0x104e5</load_address>
         <run_address>0x104e5</run_address>
         <size>0x14a4</size>
         <input_file_ref idref="fl-9"/>
      </object_component>
      <object_component id="oc-ab">
         <name>.debug_info</name>
         <load_address>0x11989</load_address>
         <run_address>0x11989</run_address>
         <size>0x5f61</size>
         <input_file_ref idref="fl-a"/>
      </object_component>
      <object_component id="oc-b0">
         <name>.debug_info</name>
         <load_address>0x178ea</load_address>
         <run_address>0x178ea</run_address>
         <size>0x1a1</size>
         <input_file_ref idref="fl-b"/>
      </object_component>
      <object_component id="oc-b2">
         <name>.debug_info</name>
         <load_address>0x17a8b</load_address>
         <run_address>0x17a8b</run_address>
         <size>0x167c</size>
         <input_file_ref idref="fl-c"/>
      </object_component>
      <object_component id="oc-b7">
         <name>.debug_info</name>
         <load_address>0x19107</load_address>
         <run_address>0x19107</run_address>
         <size>0x4c6b</size>
         <input_file_ref idref="fl-d"/>
      </object_component>
      <object_component id="oc-c2">
         <name>.debug_info</name>
         <load_address>0x1dd72</load_address>
         <run_address>0x1dd72</run_address>
         <size>0x490f</size>
         <input_file_ref idref="fl-e"/>
      </object_component>
      <object_component id="oc-c7">
         <name>.debug_info</name>
         <load_address>0x22681</load_address>
         <run_address>0x22681</run_address>
         <size>0x1634</size>
         <input_file_ref idref="fl-f"/>
      </object_component>
      <object_component id="oc-cc">
         <name>.debug_info</name>
         <load_address>0x23cb5</load_address>
         <run_address>0x23cb5</run_address>
         <size>0x133c</size>
         <input_file_ref idref="fl-10"/>
      </object_component>
      <object_component id="oc-d1">
         <name>.debug_info</name>
         <load_address>0x24ff1</load_address>
         <run_address>0x24ff1</run_address>
         <size>0x364b</size>
         <input_file_ref idref="fl-11"/>
      </object_component>
      <object_component id="oc-d6">
         <name>.debug_info</name>
         <load_address>0x2863c</load_address>
         <run_address>0x2863c</run_address>
         <size>0x67b5</size>
         <input_file_ref idref="fl-12"/>
      </object_component>
      <object_component id="oc-db">
         <name>.debug_info</name>
         <load_address>0x2edf1</load_address>
         <run_address>0x2edf1</run_address>
         <size>0x1a1</size>
         <input_file_ref idref="fl-13"/>
      </object_component>
      <object_component id="oc-dd">
         <name>.debug_info</name>
         <load_address>0x2ef92</load_address>
         <run_address>0x2ef92</run_address>
         <size>0x1a1</size>
         <input_file_ref idref="fl-14"/>
      </object_component>
      <object_component id="oc-df">
         <name>.debug_info</name>
         <load_address>0x2f133</load_address>
         <run_address>0x2f133</run_address>
         <size>0x8535</size>
         <input_file_ref idref="fl-15"/>
      </object_component>
      <object_component id="oc-e4">
         <name>.debug_info</name>
         <load_address>0x37668</load_address>
         <run_address>0x37668</run_address>
         <size>0x2af6</size>
         <input_file_ref idref="fl-16"/>
      </object_component>
      <object_component id="oc-e9">
         <name>.debug_info</name>
         <load_address>0x3a15e</load_address>
         <run_address>0x3a15e</run_address>
         <size>0x344c</size>
         <input_file_ref idref="fl-17"/>
      </object_component>
      <object_component id="oc-f0">
         <name>.debug_info</name>
         <load_address>0x3d5aa</load_address>
         <run_address>0x3d5aa</run_address>
         <size>0x2011</size>
         <input_file_ref idref="fl-18"/>
      </object_component>
      <object_component id="oc-f5">
         <name>.debug_info</name>
         <load_address>0x3f5bb</load_address>
         <run_address>0x3f5bb</run_address>
         <size>0xb761</size>
         <input_file_ref idref="fl-19"/>
      </object_component>
      <object_component id="oc-fa">
         <name>.debug_info</name>
         <load_address>0x4ad1c</load_address>
         <run_address>0x4ad1c</run_address>
         <size>0x13a</size>
         <input_file_ref idref="fl-1a"/>
      </object_component>
      <object_component id="oc-fe">
         <name>.debug_info</name>
         <load_address>0x4ae56</load_address>
         <run_address>0x4ae56</run_address>
         <size>0x30496</size>
         <input_file_ref idref="fl-1b"/>
      </object_component>
      <object_component id="oc-159">
         <name>.debug_info</name>
         <load_address>0x7b2ec</load_address>
         <run_address>0x7b2ec</run_address>
         <size>0x176</size>
         <input_file_ref idref="fl-26"/>
      </object_component>
      <object_component id="oc-15e">
         <name>.debug_info</name>
         <load_address>0x7b462</load_address>
         <run_address>0x7b462</run_address>
         <size>0x179</size>
         <input_file_ref idref="fl-27"/>
      </object_component>
      <object_component id="oc-162">
         <name>.debug_info</name>
         <load_address>0x7b5db</load_address>
         <run_address>0x7b5db</run_address>
         <size>0x58a</size>
         <input_file_ref idref="fl-28"/>
      </object_component>
      <object_component id="oc-167">
         <name>.debug_info</name>
         <load_address>0x7bb65</load_address>
         <run_address>0x7bb65</run_address>
         <size>0x485</size>
         <input_file_ref idref="fl-29"/>
      </object_component>
      <object_component id="oc-16c">
         <name>.debug_info</name>
         <load_address>0x7bfea</load_address>
         <run_address>0x7bfea</run_address>
         <size>0x3f8</size>
         <input_file_ref idref="fl-2a"/>
      </object_component>
      <object_component id="oc-171">
         <name>.debug_info</name>
         <load_address>0x7c3e2</load_address>
         <run_address>0x7c3e2</run_address>
         <size>0x3f5</size>
         <input_file_ref idref="fl-2b"/>
      </object_component>
      <object_component id="oc-176">
         <name>.debug_info</name>
         <load_address>0x7c7d7</load_address>
         <run_address>0x7c7d7</run_address>
         <size>0x58f</size>
         <input_file_ref idref="fl-2c"/>
      </object_component>
      <object_component id="oc-17d">
         <name>.debug_info</name>
         <load_address>0x7cd66</load_address>
         <run_address>0x7cd66</run_address>
         <size>0x517</size>
         <input_file_ref idref="fl-2d"/>
      </object_component>
      <object_component id="oc-182">
         <name>.debug_info</name>
         <load_address>0x7d27d</load_address>
         <run_address>0x7d27d</run_address>
         <size>0x4b2</size>
         <input_file_ref idref="fl-2e"/>
      </object_component>
      <object_component id="oc-187">
         <name>.debug_info</name>
         <load_address>0x7d72f</load_address>
         <run_address>0x7d72f</run_address>
         <size>0x3c1</size>
         <input_file_ref idref="fl-2f"/>
      </object_component>
      <object_component id="oc-220">
         <name>.debug_info</name>
         <load_address>0x7daf0</load_address>
         <run_address>0x7daf0</run_address>
         <size>0x9d</size>
      </object_component>
      <object_component id="oc-82">
         <name>.debug_frame</name>
         <load_address>0x0</load_address>
         <run_address>0x0</run_address>
         <size>0x48</size>
         <input_file_ref idref="fl-2"/>
      </object_component>
      <object_component id="oc-87">
         <name>.debug_frame</name>
         <load_address>0x48</load_address>
         <run_address>0x48</run_address>
         <size>0x30</size>
         <input_file_ref idref="fl-3"/>
      </object_component>
      <object_component id="oc-92">
         <name>.debug_frame</name>
         <load_address>0x78</load_address>
         <run_address>0x78</run_address>
         <size>0x30</size>
         <input_file_ref idref="fl-5"/>
      </object_component>
      <object_component id="oc-9d">
         <name>.debug_frame</name>
         <load_address>0xa8</load_address>
         <run_address>0xa8</run_address>
         <size>0x163c</size>
         <input_file_ref idref="fl-7"/>
      </object_component>
      <object_component id="oc-a2">
         <name>.debug_frame</name>
         <load_address>0x16e4</load_address>
         <run_address>0x16e4</run_address>
         <size>0x30</size>
         <input_file_ref idref="fl-8"/>
      </object_component>
      <object_component id="oc-a7">
         <name>.debug_frame</name>
         <load_address>0x1714</load_address>
         <run_address>0x1714</run_address>
         <size>0x30</size>
         <input_file_ref idref="fl-9"/>
      </object_component>
      <object_component id="oc-ac">
         <name>.debug_frame</name>
         <load_address>0x1744</load_address>
         <run_address>0x1744</run_address>
         <size>0x68</size>
         <input_file_ref idref="fl-a"/>
      </object_component>
      <object_component id="oc-b3">
         <name>.debug_frame</name>
         <load_address>0x17ac</load_address>
         <run_address>0x17ac</run_address>
         <size>0x30</size>
         <input_file_ref idref="fl-c"/>
      </object_component>
      <object_component id="oc-be">
         <name>.debug_frame</name>
         <load_address>0x17dc</load_address>
         <run_address>0x17dc</run_address>
         <size>0x30</size>
         <input_file_ref idref="fl-d"/>
      </object_component>
      <object_component id="oc-c3">
         <name>.debug_frame</name>
         <load_address>0x180c</load_address>
         <run_address>0x180c</run_address>
         <size>0x30</size>
         <input_file_ref idref="fl-e"/>
      </object_component>
      <object_component id="oc-c8">
         <name>.debug_frame</name>
         <load_address>0x183c</load_address>
         <run_address>0x183c</run_address>
         <size>0x30</size>
         <input_file_ref idref="fl-f"/>
      </object_component>
      <object_component id="oc-cd">
         <name>.debug_frame</name>
         <load_address>0x186c</load_address>
         <run_address>0x186c</run_address>
         <size>0x30</size>
         <input_file_ref idref="fl-10"/>
      </object_component>
      <object_component id="oc-d2">
         <name>.debug_frame</name>
         <load_address>0x189c</load_address>
         <run_address>0x189c</run_address>
         <size>0x60</size>
         <input_file_ref idref="fl-11"/>
      </object_component>
      <object_component id="oc-d7">
         <name>.debug_frame</name>
         <load_address>0x18fc</load_address>
         <run_address>0x18fc</run_address>
         <size>0x4c</size>
         <input_file_ref idref="fl-12"/>
      </object_component>
      <object_component id="oc-e0">
         <name>.debug_frame</name>
         <load_address>0x1948</load_address>
         <run_address>0x1948</run_address>
         <size>0x230</size>
         <input_file_ref idref="fl-15"/>
      </object_component>
      <object_component id="oc-e5">
         <name>.debug_frame</name>
         <load_address>0x1b78</load_address>
         <run_address>0x1b78</run_address>
         <size>0x30</size>
         <input_file_ref idref="fl-16"/>
      </object_component>
      <object_component id="oc-ec">
         <name>.debug_frame</name>
         <load_address>0x1ba8</load_address>
         <run_address>0x1ba8</run_address>
         <size>0x30</size>
         <input_file_ref idref="fl-17"/>
      </object_component>
      <object_component id="oc-f1">
         <name>.debug_frame</name>
         <load_address>0x1bd8</load_address>
         <run_address>0x1bd8</run_address>
         <size>0x30</size>
         <input_file_ref idref="fl-18"/>
      </object_component>
      <object_component id="oc-163">
         <name>.debug_frame</name>
         <load_address>0x1c08</load_address>
         <run_address>0x1c08</run_address>
         <size>0x68</size>
         <input_file_ref idref="fl-28"/>
      </object_component>
      <object_component id="oc-168">
         <name>.debug_frame</name>
         <load_address>0x1c70</load_address>
         <run_address>0x1c70</run_address>
         <size>0x48</size>
         <input_file_ref idref="fl-29"/>
      </object_component>
      <object_component id="oc-16d">
         <name>.debug_frame</name>
         <load_address>0x1cb8</load_address>
         <run_address>0x1cb8</run_address>
         <size>0x48</size>
         <input_file_ref idref="fl-2a"/>
      </object_component>
      <object_component id="oc-172">
         <name>.debug_frame</name>
         <load_address>0x1d00</load_address>
         <run_address>0x1d00</run_address>
         <size>0x48</size>
         <input_file_ref idref="fl-2b"/>
      </object_component>
      <object_component id="oc-179">
         <name>.debug_frame</name>
         <load_address>0x1d48</load_address>
         <run_address>0x1d48</run_address>
         <size>0x68</size>
         <input_file_ref idref="fl-2c"/>
      </object_component>
      <object_component id="oc-17e">
         <name>.debug_frame</name>
         <load_address>0x1db0</load_address>
         <run_address>0x1db0</run_address>
         <size>0x78</size>
         <input_file_ref idref="fl-2d"/>
      </object_component>
      <object_component id="oc-183">
         <name>.debug_frame</name>
         <load_address>0x1e28</load_address>
         <run_address>0x1e28</run_address>
         <size>0x48</size>
         <input_file_ref idref="fl-2e"/>
      </object_component>
      <object_component id="oc-188">
         <name>.debug_frame</name>
         <load_address>0x1e70</load_address>
         <run_address>0x1e70</run_address>
         <size>0x30</size>
         <input_file_ref idref="fl-2f"/>
      </object_component>
      <object_component id="oc-83">
         <name>.debug_line</name>
         <load_address>0x0</load_address>
         <run_address>0x0</run_address>
         <size>0x5a</size>
         <input_file_ref idref="fl-2"/>
      </object_component>
      <object_component id="oc-88">
         <name>.debug_line</name>
         <load_address>0x5a</load_address>
         <run_address>0x5a</run_address>
         <size>0x5d</size>
         <input_file_ref idref="fl-3"/>
      </object_component>
      <object_component id="oc-8d">
         <name>.debug_line</name>
         <load_address>0xb7</load_address>
         <run_address>0xb7</run_address>
         <size>0x79</size>
         <input_file_ref idref="fl-4"/>
      </object_component>
      <object_component id="oc-93">
         <name>.debug_line</name>
         <load_address>0x130</load_address>
         <run_address>0x130</run_address>
         <size>0x63</size>
         <input_file_ref idref="fl-5"/>
      </object_component>
      <object_component id="oc-98">
         <name>.debug_line</name>
         <load_address>0x193</load_address>
         <run_address>0x193</run_address>
         <size>0x72</size>
         <input_file_ref idref="fl-6"/>
      </object_component>
      <object_component id="oc-9e">
         <name>.debug_line</name>
         <load_address>0x205</load_address>
         <run_address>0x205</run_address>
         <size>0xd07</size>
         <input_file_ref idref="fl-7"/>
      </object_component>
      <object_component id="oc-a3">
         <name>.debug_line</name>
         <load_address>0xf0c</load_address>
         <run_address>0xf0c</run_address>
         <size>0x5d</size>
         <input_file_ref idref="fl-8"/>
      </object_component>
      <object_component id="oc-a8">
         <name>.debug_line</name>
         <load_address>0xf69</load_address>
         <run_address>0xf69</run_address>
         <size>0x5e</size>
         <input_file_ref idref="fl-9"/>
      </object_component>
      <object_component id="oc-ad">
         <name>.debug_line</name>
         <load_address>0xfc7</load_address>
         <run_address>0xfc7</run_address>
         <size>0x9d</size>
         <input_file_ref idref="fl-a"/>
      </object_component>
      <object_component id="oc-b4">
         <name>.debug_line</name>
         <load_address>0x1064</load_address>
         <run_address>0x1064</run_address>
         <size>0x5d</size>
         <input_file_ref idref="fl-c"/>
      </object_component>
      <object_component id="oc-bf">
         <name>.debug_line</name>
         <load_address>0x10c1</load_address>
         <run_address>0x10c1</run_address>
         <size>0x64</size>
         <input_file_ref idref="fl-d"/>
      </object_component>
      <object_component id="oc-c4">
         <name>.debug_line</name>
         <load_address>0x1125</load_address>
         <run_address>0x1125</run_address>
         <size>0x69</size>
         <input_file_ref idref="fl-e"/>
      </object_component>
      <object_component id="oc-c9">
         <name>.debug_line</name>
         <load_address>0x118e</load_address>
         <run_address>0x118e</run_address>
         <size>0x69</size>
         <input_file_ref idref="fl-f"/>
      </object_component>
      <object_component id="oc-ce">
         <name>.debug_line</name>
         <load_address>0x11f7</load_address>
         <run_address>0x11f7</run_address>
         <size>0x5f</size>
         <input_file_ref idref="fl-10"/>
      </object_component>
      <object_component id="oc-d3">
         <name>.debug_line</name>
         <load_address>0x1256</load_address>
         <run_address>0x1256</run_address>
         <size>0xb1</size>
         <input_file_ref idref="fl-11"/>
      </object_component>
      <object_component id="oc-d8">
         <name>.debug_line</name>
         <load_address>0x1307</load_address>
         <run_address>0x1307</run_address>
         <size>0x95</size>
         <input_file_ref idref="fl-12"/>
      </object_component>
      <object_component id="oc-e1">
         <name>.debug_line</name>
         <load_address>0x139c</load_address>
         <run_address>0x139c</run_address>
         <size>0x3d3</size>
         <input_file_ref idref="fl-15"/>
      </object_component>
      <object_component id="oc-e6">
         <name>.debug_line</name>
         <load_address>0x176f</load_address>
         <run_address>0x176f</run_address>
         <size>0x5d</size>
         <input_file_ref idref="fl-16"/>
      </object_component>
      <object_component id="oc-ed">
         <name>.debug_line</name>
         <load_address>0x17cc</load_address>
         <run_address>0x17cc</run_address>
         <size>0x60</size>
         <input_file_ref idref="fl-17"/>
      </object_component>
      <object_component id="oc-f2">
         <name>.debug_line</name>
         <load_address>0x182c</load_address>
         <run_address>0x182c</run_address>
         <size>0x66</size>
         <input_file_ref idref="fl-18"/>
      </object_component>
      <object_component id="oc-fb">
         <name>.debug_line</name>
         <load_address>0x1892</load_address>
         <run_address>0x1892</run_address>
         <size>0x73</size>
         <input_file_ref idref="fl-1a"/>
      </object_component>
      <object_component id="oc-15a">
         <name>.debug_line</name>
         <load_address>0x1905</load_address>
         <run_address>0x1905</run_address>
         <size>0x7e</size>
         <input_file_ref idref="fl-26"/>
      </object_component>
      <object_component id="oc-15f">
         <name>.debug_line</name>
         <load_address>0x1983</load_address>
         <run_address>0x1983</run_address>
         <size>0x6c</size>
         <input_file_ref idref="fl-27"/>
      </object_component>
      <object_component id="oc-164">
         <name>.debug_line</name>
         <load_address>0x19ef</load_address>
         <run_address>0x19ef</run_address>
         <size>0x50</size>
         <input_file_ref idref="fl-28"/>
      </object_component>
      <object_component id="oc-169">
         <name>.debug_line</name>
         <load_address>0x1a3f</load_address>
         <run_address>0x1a3f</run_address>
         <size>0x62</size>
         <input_file_ref idref="fl-29"/>
      </object_component>
      <object_component id="oc-16e">
         <name>.debug_line</name>
         <load_address>0x1aa1</load_address>
         <run_address>0x1aa1</run_address>
         <size>0x3e</size>
         <input_file_ref idref="fl-2a"/>
      </object_component>
      <object_component id="oc-173">
         <name>.debug_line</name>
         <load_address>0x1adf</load_address>
         <run_address>0x1adf</run_address>
         <size>0x3a</size>
         <input_file_ref idref="fl-2b"/>
      </object_component>
      <object_component id="oc-17a">
         <name>.debug_line</name>
         <load_address>0x1b19</load_address>
         <run_address>0x1b19</run_address>
         <size>0x65</size>
         <input_file_ref idref="fl-2c"/>
      </object_component>
      <object_component id="oc-17f">
         <name>.debug_line</name>
         <load_address>0x1b7e</load_address>
         <run_address>0x1b7e</run_address>
         <size>0x5e</size>
         <input_file_ref idref="fl-2d"/>
      </object_component>
      <object_component id="oc-184">
         <name>.debug_line</name>
         <load_address>0x1bdc</load_address>
         <run_address>0x1bdc</run_address>
         <size>0x55</size>
         <input_file_ref idref="fl-2e"/>
      </object_component>
      <object_component id="oc-189">
         <name>.debug_line</name>
         <load_address>0x1c31</load_address>
         <run_address>0x1c31</run_address>
         <size>0x92</size>
         <input_file_ref idref="fl-2f"/>
      </object_component>
      <object_component id="oc-84">
         <name>.debug_abbrev</name>
         <load_address>0x0</load_address>
         <run_address>0x0</run_address>
         <size>0xc9</size>
         <input_file_ref idref="fl-2"/>
      </object_component>
      <object_component id="oc-89">
         <name>.debug_abbrev</name>
         <load_address>0xc9</load_address>
         <run_address>0xc9</run_address>
         <size>0x115</size>
         <input_file_ref idref="fl-3"/>
      </object_component>
      <object_component id="oc-8e">
         <name>.debug_abbrev</name>
         <load_address>0x1de</load_address>
         <run_address>0x1de</run_address>
         <size>0x21</size>
         <input_file_ref idref="fl-4"/>
      </object_component>
      <object_component id="oc-94">
         <name>.debug_abbrev</name>
         <load_address>0x1ff</load_address>
         <run_address>0x1ff</run_address>
         <size>0xfd</size>
         <input_file_ref idref="fl-5"/>
      </object_component>
      <object_component id="oc-99">
         <name>.debug_abbrev</name>
         <load_address>0x2fc</load_address>
         <run_address>0x2fc</run_address>
         <size>0x2f</size>
         <input_file_ref idref="fl-6"/>
      </object_component>
      <object_component id="oc-9f">
         <name>.debug_abbrev</name>
         <load_address>0x32b</load_address>
         <run_address>0x32b</run_address>
         <size>0xde</size>
         <input_file_ref idref="fl-7"/>
      </object_component>
      <object_component id="oc-a4">
         <name>.debug_abbrev</name>
         <load_address>0x409</load_address>
         <run_address>0x409</run_address>
         <size>0x128</size>
         <input_file_ref idref="fl-8"/>
      </object_component>
      <object_component id="oc-a9">
         <name>.debug_abbrev</name>
         <load_address>0x531</load_address>
         <run_address>0x531</run_address>
         <size>0xf8</size>
         <input_file_ref idref="fl-9"/>
      </object_component>
      <object_component id="oc-ae">
         <name>.debug_abbrev</name>
         <load_address>0x629</load_address>
         <run_address>0x629</run_address>
         <size>0x116</size>
         <input_file_ref idref="fl-a"/>
      </object_component>
      <object_component id="oc-b1">
         <name>.debug_abbrev</name>
         <load_address>0x73f</load_address>
         <run_address>0x73f</run_address>
         <size>0x21</size>
         <input_file_ref idref="fl-b"/>
      </object_component>
      <object_component id="oc-b5">
         <name>.debug_abbrev</name>
         <load_address>0x760</load_address>
         <run_address>0x760</run_address>
         <size>0x15f</size>
         <input_file_ref idref="fl-c"/>
      </object_component>
      <object_component id="oc-c0">
         <name>.debug_abbrev</name>
         <load_address>0x8bf</load_address>
         <run_address>0x8bf</run_address>
         <size>0x1f6</size>
         <input_file_ref idref="fl-d"/>
      </object_component>
      <object_component id="oc-c5">
         <name>.debug_abbrev</name>
         <load_address>0xab5</load_address>
         <run_address>0xab5</run_address>
         <size>0x18d</size>
         <input_file_ref idref="fl-e"/>
      </object_component>
      <object_component id="oc-ca">
         <name>.debug_abbrev</name>
         <load_address>0xc42</load_address>
         <run_address>0xc42</run_address>
         <size>0x121</size>
         <input_file_ref idref="fl-f"/>
      </object_component>
      <object_component id="oc-cf">
         <name>.debug_abbrev</name>
         <load_address>0xd63</load_address>
         <run_address>0xd63</run_address>
         <size>0x146</size>
         <input_file_ref idref="fl-10"/>
      </object_component>
      <object_component id="oc-d4">
         <name>.debug_abbrev</name>
         <load_address>0xea9</load_address>
         <run_address>0xea9</run_address>
         <size>0xc8</size>
         <input_file_ref idref="fl-11"/>
      </object_component>
      <object_component id="oc-d9">
         <name>.debug_abbrev</name>
         <load_address>0xf71</load_address>
         <run_address>0xf71</run_address>
         <size>0x116</size>
         <input_file_ref idref="fl-12"/>
      </object_component>
      <object_component id="oc-dc">
         <name>.debug_abbrev</name>
         <load_address>0x1087</load_address>
         <run_address>0x1087</run_address>
         <size>0x21</size>
         <input_file_ref idref="fl-13"/>
      </object_component>
      <object_component id="oc-de">
         <name>.debug_abbrev</name>
         <load_address>0x10a8</load_address>
         <run_address>0x10a8</run_address>
         <size>0x21</size>
         <input_file_ref idref="fl-14"/>
      </object_component>
      <object_component id="oc-e2">
         <name>.debug_abbrev</name>
         <load_address>0x10c9</load_address>
         <run_address>0x10c9</run_address>
         <size>0x175</size>
         <input_file_ref idref="fl-15"/>
      </object_component>
      <object_component id="oc-e7">
         <name>.debug_abbrev</name>
         <load_address>0x123e</load_address>
         <run_address>0x123e</run_address>
         <size>0xf5</size>
         <input_file_ref idref="fl-16"/>
      </object_component>
      <object_component id="oc-ee">
         <name>.debug_abbrev</name>
         <load_address>0x1333</load_address>
         <run_address>0x1333</run_address>
         <size>0x11a</size>
         <input_file_ref idref="fl-17"/>
      </object_component>
      <object_component id="oc-f3">
         <name>.debug_abbrev</name>
         <load_address>0x144d</load_address>
         <run_address>0x144d</run_address>
         <size>0x178</size>
         <input_file_ref idref="fl-18"/>
      </object_component>
      <object_component id="oc-f8">
         <name>.debug_abbrev</name>
         <load_address>0x15c5</load_address>
         <run_address>0x15c5</run_address>
         <size>0xc0</size>
         <input_file_ref idref="fl-19"/>
      </object_component>
      <object_component id="oc-fc">
         <name>.debug_abbrev</name>
         <load_address>0x1685</load_address>
         <run_address>0x1685</run_address>
         <size>0x2f</size>
         <input_file_ref idref="fl-1a"/>
      </object_component>
      <object_component id="oc-156">
         <name>.debug_abbrev</name>
         <load_address>0x16b4</load_address>
         <run_address>0x16b4</run_address>
         <size>0xcb</size>
         <input_file_ref idref="fl-1b"/>
      </object_component>
      <object_component id="oc-15b">
         <name>.debug_abbrev</name>
         <load_address>0x177f</load_address>
         <run_address>0x177f</run_address>
         <size>0x46</size>
         <input_file_ref idref="fl-26"/>
      </object_component>
      <object_component id="oc-160">
         <name>.debug_abbrev</name>
         <load_address>0x17c5</load_address>
         <run_address>0x17c5</run_address>
         <size>0x38</size>
         <input_file_ref idref="fl-27"/>
      </object_component>
      <object_component id="oc-165">
         <name>.debug_abbrev</name>
         <load_address>0x17fd</load_address>
         <run_address>0x17fd</run_address>
         <size>0xe3</size>
         <input_file_ref idref="fl-28"/>
      </object_component>
      <object_component id="oc-16a">
         <name>.debug_abbrev</name>
         <load_address>0x18e0</load_address>
         <run_address>0x18e0</run_address>
         <size>0xa8</size>
         <input_file_ref idref="fl-29"/>
      </object_component>
      <object_component id="oc-16f">
         <name>.debug_abbrev</name>
         <load_address>0x1988</load_address>
         <run_address>0x1988</run_address>
         <size>0x68</size>
         <input_file_ref idref="fl-2a"/>
      </object_component>
      <object_component id="oc-174">
         <name>.debug_abbrev</name>
         <load_address>0x19f0</load_address>
         <run_address>0x19f0</run_address>
         <size>0x66</size>
         <input_file_ref idref="fl-2b"/>
      </object_component>
      <object_component id="oc-17b">
         <name>.debug_abbrev</name>
         <load_address>0x1a56</load_address>
         <run_address>0x1a56</run_address>
         <size>0x130</size>
         <input_file_ref idref="fl-2c"/>
      </object_component>
      <object_component id="oc-180">
         <name>.debug_abbrev</name>
         <load_address>0x1b86</load_address>
         <run_address>0x1b86</run_address>
         <size>0xb2</size>
         <input_file_ref idref="fl-2d"/>
      </object_component>
      <object_component id="oc-185">
         <name>.debug_abbrev</name>
         <load_address>0x1c38</load_address>
         <run_address>0x1c38</run_address>
         <size>0xee</size>
         <input_file_ref idref="fl-2e"/>
      </object_component>
      <object_component id="oc-18a">
         <name>.debug_abbrev</name>
         <load_address>0x1d26</load_address>
         <run_address>0x1d26</run_address>
         <size>0xa8</size>
         <input_file_ref idref="fl-2f"/>
      </object_component>
      <object_component id="oc-221">
         <name>.debug_abbrev</name>
         <load_address>0x1dce</load_address>
         <run_address>0x1dce</run_address>
         <size>0xf</size>
      </object_component>
      <object_component id="oc-85">
         <name>.debug_aranges</name>
         <load_address>0x0</load_address>
         <run_address>0x0</run_address>
         <size>0x20</size>
         <input_file_ref idref="fl-2"/>
      </object_component>
      <object_component id="oc-8a">
         <name>.debug_aranges</name>
         <load_address>0x20</load_address>
         <run_address>0x20</run_address>
         <size>0x18</size>
         <input_file_ref idref="fl-3"/>
      </object_component>
      <object_component id="oc-8f">
         <name>.debug_aranges</name>
         <load_address>0x38</load_address>
         <run_address>0x38</run_address>
         <size>0x20</size>
         <input_file_ref idref="fl-4"/>
      </object_component>
      <object_component id="oc-95">
         <name>.debug_aranges</name>
         <load_address>0x58</load_address>
         <run_address>0x58</run_address>
         <size>0x18</size>
         <input_file_ref idref="fl-5"/>
      </object_component>
      <object_component id="oc-9a">
         <name>.debug_aranges</name>
         <load_address>0x70</load_address>
         <run_address>0x70</run_address>
         <size>0x20</size>
         <input_file_ref idref="fl-6"/>
      </object_component>
      <object_component id="oc-a0">
         <name>.debug_aranges</name>
         <load_address>0x90</load_address>
         <run_address>0x90</run_address>
         <size>0x480</size>
         <input_file_ref idref="fl-7"/>
      </object_component>
      <object_component id="oc-a5">
         <name>.debug_aranges</name>
         <load_address>0x510</load_address>
         <run_address>0x510</run_address>
         <size>0x18</size>
         <input_file_ref idref="fl-8"/>
      </object_component>
      <object_component id="oc-aa">
         <name>.debug_aranges</name>
         <load_address>0x528</load_address>
         <run_address>0x528</run_address>
         <size>0x18</size>
         <input_file_ref idref="fl-9"/>
      </object_component>
      <object_component id="oc-af">
         <name>.debug_aranges</name>
         <load_address>0x540</load_address>
         <run_address>0x540</run_address>
         <size>0x28</size>
         <input_file_ref idref="fl-a"/>
      </object_component>
      <object_component id="oc-b6">
         <name>.debug_aranges</name>
         <load_address>0x568</load_address>
         <run_address>0x568</run_address>
         <size>0x18</size>
         <input_file_ref idref="fl-c"/>
      </object_component>
      <object_component id="oc-c1">
         <name>.debug_aranges</name>
         <load_address>0x580</load_address>
         <run_address>0x580</run_address>
         <size>0x18</size>
         <input_file_ref idref="fl-d"/>
      </object_component>
      <object_component id="oc-c6">
         <name>.debug_aranges</name>
         <load_address>0x598</load_address>
         <run_address>0x598</run_address>
         <size>0x18</size>
         <input_file_ref idref="fl-e"/>
      </object_component>
      <object_component id="oc-cb">
         <name>.debug_aranges</name>
         <load_address>0x5b0</load_address>
         <run_address>0x5b0</run_address>
         <size>0x18</size>
         <input_file_ref idref="fl-f"/>
      </object_component>
      <object_component id="oc-d0">
         <name>.debug_aranges</name>
         <load_address>0x5c8</load_address>
         <run_address>0x5c8</run_address>
         <size>0x18</size>
         <input_file_ref idref="fl-10"/>
      </object_component>
      <object_component id="oc-d5">
         <name>.debug_aranges</name>
         <load_address>0x5e0</load_address>
         <run_address>0x5e0</run_address>
         <size>0x28</size>
         <input_file_ref idref="fl-11"/>
      </object_component>
      <object_component id="oc-da">
         <name>.debug_aranges</name>
         <load_address>0x608</load_address>
         <run_address>0x608</run_address>
         <size>0x20</size>
         <input_file_ref idref="fl-12"/>
      </object_component>
      <object_component id="oc-e3">
         <name>.debug_aranges</name>
         <load_address>0x628</load_address>
         <run_address>0x628</run_address>
         <size>0xc0</size>
         <input_file_ref idref="fl-15"/>
      </object_component>
      <object_component id="oc-e8">
         <name>.debug_aranges</name>
         <load_address>0x6e8</load_address>
         <run_address>0x6e8</run_address>
         <size>0x18</size>
         <input_file_ref idref="fl-16"/>
      </object_component>
      <object_component id="oc-ef">
         <name>.debug_aranges</name>
         <load_address>0x700</load_address>
         <run_address>0x700</run_address>
         <size>0x18</size>
         <input_file_ref idref="fl-17"/>
      </object_component>
      <object_component id="oc-f4">
         <name>.debug_aranges</name>
         <load_address>0x718</load_address>
         <run_address>0x718</run_address>
         <size>0x18</size>
         <input_file_ref idref="fl-18"/>
      </object_component>
      <object_component id="oc-fd">
         <name>.debug_aranges</name>
         <load_address>0x730</load_address>
         <run_address>0x730</run_address>
         <size>0x20</size>
         <input_file_ref idref="fl-1a"/>
      </object_component>
      <object_component id="oc-15c">
[...]
         <name>_CsmUnlock</name>
         <value>0x8272b</value>
         <object_component_ref idref="oc-195"/>
      </symbol>
      <symbol id="sm-32b">
         <name>_SysIntOsc1Sel</name>
         <value>0x8274c</value>
         <object_component_ref idref="oc-195"/>
      </symbol>
      <symbol id="sm-32c">
         <name>_ServiceDog</name>
         <value>0x82647</value>
         <object_component_ref idref="oc-195"/>
      </symbol>
      <symbol id="sm-32d">
         <name>_HIB</name>
         <value>0x827a3</value>
         <object_component_ref idref="oc-195"/>
      </symbol>
      <symbol id="sm-32e">
         <name>_AuxAuxClkSel</name>
         <value>0x82782</value>
         <object_component_ref idref="oc-195"/>
      </symbol>
      <symbol id="sm-32f">
         <name>_AuxIntOsc2Sel</name>
         <value>0x8276c</value>
         <object_component_ref idref="oc-195"/>
      </symbol>
      <symbol id="sm-330">
         <name>_InitAuxPll</name>
         <value>0x82663</value>
         <object_component_ref idref="oc-195"/>
      </symbol>
      <symbol id="sm-331">
         <name>_InitSysCtrl</name>
         <value>0x82585</value>
         <object_component_ref idref="oc-195"/>
      </symbol>
      <symbol id="sm-332">
         <name>_STANDBY</name>
         <value>0x82795</value>
         <object_component_ref idref="oc-195"/>
      </symbol>
      <symbol id="sm-333">
         <name>_AuxXtalOscSel</name>
         <value>0x82776</value>
         <object_component_ref idref="oc-195"/>
      </symbol>
      <symbol id="sm-34a">
         <name>_deviceOpen</name>
         <value>0xa888</value>
         <object_component_ref idref="oc-eb"/>
      </symbol>
      <symbol id="sm-365">
         <name>_I2C</name>
         <value>0xa804</value>
         <object_component_ref idref="oc-f7"/>
      </symbol>
      <symbol id="sm-366">
         <name>_EPWM</name>
         <value>0xa840</value>
         <object_component_ref idref="oc-f7"/>
      </symbol>
      <symbol id="sm-367">
         <name>_MCBSP</name>
         <value>0xa800</value>
         <object_component_ref idref="oc-f7"/>
      </symbol>
      <symbol id="sm-368">
         <name>_ECAP</name>
         <value>0xa822</value>
         <object_component_ref idref="oc-f7"/>
      </symbol>
      <symbol id="sm-369">
         <name>_SPI</name>
         <value>0xa81a</value>
         <object_component_ref idref="oc-f7"/>
      </symbol>
      <symbol id="sm-36a">
         <name>_EQEP</name>
         <value>0xa812</value>
         <object_component_ref idref="oc-f7"/>
      </symbol>
      <symbol id="sm-36b">
         <name>_SDFM</name>
         <value>0xa80c</value>
         <object_component_ref idref="oc-f7"/>
      </symbol>
      <symbol id="sm-36c">
         <name>_SCI</name>
         <value>0xa808</value>
         <object_component_ref idref="oc-f7"/>
      </symbol>
      <symbol id="sm-378">
         <name>_F28x_usDelay</name>
         <value>0x8037</value>
         <object_component_ref idref="oc-f9"/>
      </symbol>
      <symbol id="sm-42c">
         <name>_WdRegs</name>
         <value>0x7000</value>
         <object_component_ref idref="oc-135"/>
      </symbol>
      <symbol id="sm-42d">
         <name>_CanaRegs</name>
         <value>0x48000</value>
         <object_component_ref idref="oc-152"/>
      </symbol>
      <symbol id="sm-42e">
         <name>_PieVectTable</name>
         <value>0xd00</value>
         <object_component_ref idref="oc-155"/>
      </symbol>
      <symbol id="sm-42f">
         <name>_Cmpss6Regs</name>
         <value>0x5d20</value>
         <object_component_ref idref="oc-123"/>
      </symbol>
      <symbol id="sm-430">
         <name>_ClkCfgRegs</name>
         <value>0x5d200</value>
         <object_component_ref idref="oc-137"/>
      </symbol>
      <symbol id="sm-431">
         <name>_AdcdRegs</name>
         <value>0x7580</value>
         <object_component_ref idref="oc-13f"/>
      </symbol>
      <symbol id="sm-432">
         <name>_ScidRegs</name>
         <value>0x7230</value>
         <object_component_ref idref="oc-10c"/>
      </symbol>
      <symbol id="sm-433">
         <name>_EmuBMode</name>
         <value>0xd01</value>
         <object_component_ref idref="oc-100"/>
      </symbol>
      <symbol id="sm-434">
         <name>_DcsmZ1Otp</name>
         <value>0x78000</value>
         <object_component_ref idref="oc-125"/>
      </symbol>
      <symbol id="sm-435">
         <name>_ECap4Regs</name>
         <value>0x5060</value>
         <object_component_ref idref="oc-11a"/>
      </symbol>
      <symbol id="sm-436">
         <name>_Flash0EccRegs</name>
         <value>0x5fb00</value>
         <object_component_ref idref="oc-134"/>
      </symbol>
      <symbol id="sm-437">
         <name>_IpcRegs</name>
         <value>0x50000</value>
         <object_component_ref idref="oc-133"/>
      </symbol>
      <symbol id="sm-438">
         <name>_Cmpss7Regs</name>
         <value>0x5d40</value>
         <object_component_ref idref="oc-122"/>
      </symbol>
      <symbol id="sm-439">
         <name>_DcsmZ2Regs</name>
         <value>0x5f040</value>
         <object_component_ref idref="oc-130"/>
      </symbol>
      <symbol id="sm-43a">
         <name>_EPwm4Regs</name>
         <value>0x4300</value>
         <object_component_ref idref="oc-14d"/>
      </symbol>
      <symbol id="sm-43b">
         <name>_FlashPumpSemaphoreRegs</name>
         <value>0x50024</value>
         <object_component_ref idref="oc-101"/>
      </symbol>
      <symbol id="sm-43c">
         <name>_ECap5Regs</name>
         <value>0x5080</value>
         <object_component_ref idref="oc-119"/>
      </symbol>
      <symbol id="sm-43d">
         <name>_I2cbRegs</name>
         <value>0x7340</value>
         <object_component_ref idref="oc-12b"/>
      </symbol>
      <symbol id="sm-43e">
         <name>_CpuTimer1Regs</name>
         <value>0xc08</value>
         <object_component_ref idref="oc-105"/>
      </symbol>
      <symbol id="sm-43f">
         <name>_Cmpss4Regs</name>
         <value>0x5ce0</value>
         <object_component_ref idref="oc-121"/>
      </symbol>
      <symbol id="sm-440">
         <name>_EPwm5Regs</name>
         <value>0x4400</value>
         <object_component_ref idref="oc-151"/>
      </symbol>
      <symbol id="sm-441">
         <name>_SpiaRegs</name>
         <value>0x6100</value>
         <object_component_ref idref="oc-112"/>
      </symbol>
      <symbol id="sm-442">
         <name>_CpuSysRegs</name>
         <value>0x5d300</value>
         <object_component_ref idref="oc-144"/>
      </symbol>
      <symbol id="sm-443">
         <name>_Cla1SoftIntRegs</name>
         <value>0xce0</value>
         <object_component_ref idref="oc-102"/>
      </symbol>
      <symbol id="sm-444">
         <name>_CanbRegs</name>
         <value>0x4a000</value>
         <object_component_ref idref="oc-153"/>
      </symbol>
      <symbol id="sm-445">
         <name>_ECap6Regs</name>
         <value>0x50a0</value>
         <object_component_ref idref="oc-11e"/>
      </symbol>
      <symbol id="sm-446">
         <name>_DmaRegs</name>
         <value>0x1000</value>
         <object_component_ref idref="oc-145"/>
      </symbol>
      <symbol id="sm-447">
         <name>_XintRegs</name>
         <value>0x7070</value>
         <object_component_ref idref="oc-10b"/>
      </symbol>
      <symbol id="sm-448">
         <name>_CpuTimer0Regs</name>
         <value>0xc00</value>
         <object_component_ref idref="oc-104"/>
      </symbol>
      <symbol id="sm-449">
         <name>_Cmpss5Regs</name>
         <value>0x5d00</value>
         <object_component_ref idref="oc-120"/>
      </symbol>
      <symbol id="sm-44a">
         <name>_Emif1Regs</name>
         <value>0x47000</value>
         <object_component_ref idref="oc-13c"/>
      </symbol>
      <symbol id="sm-44b">
         <name>_AccessProtectionRegs</name>
         <value>0x5f4c0</value>
         <object_component_ref idref="oc-13a"/>
      </symbol>
      <symbol id="sm-44c">
         <name>_MemCfgRegs</name>
         <value>0x5f400</value>
         <object_component_ref idref="oc-143"/>
      </symbol>
      <symbol id="sm-44d">
         <name>_DacaRegs</name>
         <value>0x5c00</value>
         <object_component_ref idref="oc-108"/>
      </symbol>
      <symbol id="sm-44e">
         <name>_McbspbRegs</name>
         <value>0x6040</value>
         <object_component_ref idref="oc-12f"/>
      </symbol>
      <symbol id="sm-44f">
         <name>_EPwm6Regs</name>
         <value>0x4500</value>
         <object_component_ref idref="oc-14f"/>
      </symbol>
      <symbol id="sm-450">
         <name>_AdcaRegs</name>
         <value>0x7400</value>
         <object_component_ref idref="oc-13e"/>
      </symbol>
      <symbol id="sm-451">
         <name>_SciaRegs</name>
         <value>0x7200</value>
         <object_component_ref idref="oc-10e"/>
      </symbol>
      <symbol id="sm-452">
         <name>_EPwm11Regs</name>
         <value>0x4a00</value>
         <object_component_ref idref="oc-150"/>
      </symbol>
      <symbol id="sm-453">
         <name>_GpioDataRegs</name>
         <value>0x7f00</value>
         <object_component_ref idref="oc-136"/>
      </symbol>
      <symbol id="sm-454">
         <name>_Sdfm1Regs</name>
         <value>0x5e00</value>
         <object_component_ref idref="oc-142"/>
      </symbol>
      <symbol id="sm-455">
         <name>_Cmpss2Regs</name>
         <value>0x5ca0</value>
         <object_component_ref idref="oc-127"/>
      </symbol>
      <symbol id="sm-456">
         <name>_Emif2Regs</name>
         <value>0x47800</value>
         <object_component_ref idref="oc-13b"/>
      </symbol>
      <symbol id="sm-457">
         <name>_DcsmZ1Regs</name>
         <value>0x5f000</value>
         <object_component_ref idref="oc-132"/>
      </symbol>
      <symbol id="sm-458">
         <name>_Flash0CtrlRegs</name>
         <value>0x5f800</value>
         <object_component_ref idref="oc-154"/>
      </symbol>
      <symbol id="sm-459">
         <name>_EPwm7Regs</name>
         <value>0x4600</value>
         <object_component_ref idref="oc-149"/>
      </symbol>
      <symbol id="sm-45a">
         <name>_SpicRegs</name>
         <value>0x6120</value>
         <object_component_ref idref="oc-10f"/>
      </symbol>
      <symbol id="sm-45b">
         <name>_EPwm10Regs</name>
         <value>0x4900</value>
         <object_component_ref idref="oc-14c"/>
      </symbol>
      <symbol id="sm-45c">
         <name>_CpuTimer2Regs</name>
         <value>0xc10</value>
         <object_component_ref idref="oc-109"/>
      </symbol>
      <symbol id="sm-45d">
         <name>_DmaClaSrcSelRegs</name>
         <value>0x7980</value>
         <object_component_ref idref="oc-117"/>
      </symbol>
      <symbol id="sm-45e">
         <name>_Cmpss3Regs</name>
         <value>0x5cc0</value>
         <object_component_ref idref="oc-129"/>
      </symbol>
      <symbol id="sm-45f">
         <name>_DaccRegs</name>
         <value>0x5c20</value>
         <object_component_ref idref="oc-106"/>
      </symbol>
      <symbol id="sm-460">
         <name>_PieCtrlRegs</name>
         <value>0xce0</value>
         <object_component_ref idref="oc-118"/>
      </symbol>
      <symbol id="sm-461">
         <name>_SpibRegs</name>
         <value>0x6110</value>
         <object_component_ref idref="oc-111"/>
      </symbol>
      <symbol id="sm-462">
         <name>_AdccRegs</name>
         <value>0x7500</value>
         <object_component_ref idref="oc-140"/>
      </symbol>
      <symbol id="sm-463">
         <name>_ScicRegs</name>
         <value>0x7220</value>
         <object_component_ref idref="oc-110"/>
      </symbol>
      <symbol id="sm-464">
         <name>_ECap1Regs</name>
         <value>0x5000</value>
         <object_component_ref idref="oc-11d"/>
      </symbol>
      <symbol id="sm-465">
         <name>_EmuKey</name>
         <value>0xd00</value>
         <object_component_ref idref="oc-ff"/>
      </symbol>
      <symbol id="sm-466">
         <name>_MemoryErrorRegs</name>
         <value>0x5f500</value>
         <object_component_ref idref="oc-139"/>
      </symbol>
      <symbol id="sm-467">
         <name>_Cla1Regs</name>
         <value>0x1400</value>
         <object_component_ref idref="oc-138"/>
      </symbol>
      <symbol id="sm-468">
         <name>_DcsmZ2Otp</name>
         <value>0x78200</value>
         <object_component_ref idref="oc-126"/>
      </symbol>
      <symbol id="sm-469">
         <name>_EQep1Regs</name>
         <value>0x5100</value>
         <object_component_ref idref="oc-12e"/>
      </symbol>
      <symbol id="sm-46a">
         <name>_DacbRegs</name>
         <value>0x5c10</value>
         <object_component_ref idref="oc-107"/>
      </symbol>
      <symbol id="sm-46b">
         <name>_McbspaRegs</name>
         <value>0x6000</value>
         <object_component_ref idref="oc-131"/>
      </symbol>
      <symbol id="sm-46c">
         <name>_EPwm1Regs</name>
         <value>0x4000</value>
         <object_component_ref idref="oc-14b"/>
      </symbol>
      <symbol id="sm-46d">
         <name>_AdcbRegs</name>
         <value>0x7480</value>
         <object_component_ref idref="oc-141"/>
      </symbol>
      <symbol id="sm-46e">
         <name>_ScibRegs</name>
         <value>0x7210</value>
         <object_component_ref idref="oc-10d"/>
      </symbol>
      <symbol id="sm-46f">
         <name>_AdcaResultRegs</name>
         <value>0xb00</value>
         <object_component_ref idref="oc-115"/>
      </symbol>
      <symbol id="sm-470">
         <name>_ECap2Regs</name>
         <value>0x5020</value>
         <object_component_ref idref="oc-11c"/>
      </symbol>
      <symbol id="sm-471">
         <name>_EPwm12Regs</name>
         <value>0x4b00</value>
         <object_component_ref idref="oc-14a"/>
      </symbol>
      <symbol id="sm-472">
         <name>_AdcbResultRegs</name>
         <value>0xb20</value>
         <object_component_ref idref="oc-116"/>
      </symbol>
      <symbol id="sm-473">
         <name>_AdccResultRegs</name>
         <value>0xb40</value>
         <object_component_ref idref="oc-114"/>
      </symbol>
      <symbol id="sm-474">
         <name>_Emif1ConfigRegs</name>
         <value>0x5f480</value>
         <object_component_ref idref="oc-11b"/>
      </symbol>
      <symbol id="sm-475">
         <name>_Sdfm2Regs</name>
         <value>0x5e80</value>
         <object_component_ref idref="oc-13d"/>
      </symbol>
      <symbol id="sm-476">
         <name>_AdcdResultRegs</name>
         <value>0xb60</value>
         <object_component_ref idref="oc-113"/>
      </symbol>
      <symbol id="sm-477">
         <name>_EQep2Regs</name>
         <value>0x5140</value>
         <object_component_ref idref="oc-12d"/>
      </symbol>
      <symbol id="sm-478">
         <name>_Cmpss1Regs</name>
         <value>0x5c80</value>
         <object_component_ref idref="oc-128"/>
      </symbol>
      <symbol id="sm-479">
         <name>_EPwm8Regs</name>
         <value>0x4700</value>
         <object_component_ref idref="oc-147"/>
      </symbol>
      <symbol id="sm-47a">
         <name>_DcsmCommonRegs</name>
         <value>0x5f070</value>
         <object_component_ref idref="oc-10a"/>
      </symbol>
      <symbol id="sm-47b">
         <name>_EPwm2Regs</name>
         <value>0x4100</value>
         <object_component_ref idref="oc-148"/>
      </symbol>
      <symbol id="sm-47c">
         <name>_ECap3Regs</name>
         <value>0x5040</value>
         <object_component_ref idref="oc-11f"/>
      </symbol>
      <symbol id="sm-47d">
         <name>_Cmpss8Regs</name>
         <value>0x5d60</value>
         <object_component_ref idref="oc-124"/>
      </symbol>
      <symbol id="sm-47e">
         <name>_EQep3Regs</name>
         <value>0x5180</value>
         <object_component_ref idref="oc-12c"/>
      </symbol>
      <symbol id="sm-47f">
         <name>_EPwm9Regs</name>
         <value>0x4800</value>
         <object_component_ref idref="oc-146"/>
      </symbol>
      <symbol id="sm-480">
         <name>_NmiIntruptRegs</name>
         <value>0x7060</value>
         <object_component_ref idref="oc-103"/>
      </symbol>
      <symbol id="sm-481">
         <name>_EPwm3Regs</name>
         <value>0x4200</value>
         <object_component_ref idref="oc-14e"/>
      </symbol>
      <symbol id="sm-482">
         <name>_I2caRegs</name>
         <value>0x7300</value>
         <object_component_ref idref="oc-12a"/>
      </symbol>
      <symbol id="sm-49d">
         <name>_c_int00</name>
         <value>0x827a6</value>
         <object_component_ref idref="oc-7c"/>
      </symbol>
      <symbol id="sm-49e">
         <name>__stack</name>
         <value>0x400</value>
         <object_component_ref idref="oc-157"/>
      </symbol>
      <symbol id="sm-4aa">
         <name>LL$$AND</name>
         <value>0x82936</value>
         <object_component_ref idref="oc-15d"/>
      </symbol>
      <symbol id="sm-4ab">
         <name>LL$$OR</name>
         <value>0x8293e</value>
         <object_component_ref idref="oc-15d"/>
      </symbol>
      <symbol id="sm-4ac">
         <name>LL$$XOR</name>
         <value>0x82946</value>
         <object_component_ref idref="oc-15d"/>
      </symbol>
      <symbol id="sm-4bb">
         <name>_copy_in</name>
         <value>0x828dc</value>
         <object_component_ref idref="oc-18d"/>
      </symbol>
      <symbol id="sm-4cc">
         <name>_memcpy</name>
         <value>0x82900</value>
         <object_component_ref idref="oc-191"/>
      </symbol>
      <symbol id="sm-4d8">
         <name>__system_pre_init</name>
         <value>0x8295a</value>
         <object_component_ref idref="oc-18c"/>
      </symbol>
      <symbol id="sm-4e5">
         <name>__system_post_cinit</name>
         <value>0x8295c</value>
         <object_component_ref idref="oc-18e"/>
      </symbol>
      <symbol id="sm-4f9">
         <name>C$$EXIT</name>
         <value>0x82865</value>
         <object_component_ref idref="oc-190"/>
      </symbol>
      <symbol id="sm-4fa">
         <name>_exit</name>
         <value>0x82867</value>
         <object_component_ref idref="oc-190"/>
      </symbol>
      <symbol id="sm-4fb">
         <name>___TI_cleanup_ptr</name>
         <value>0xa882</value>
         <object_component_ref idref="oc-178"/>
      </symbol>
      <symbol id="sm-4fc">
         <name>___TI_enable_exit_profile_output</name>
         <value>0xa880</value>
         <object_component_ref idref="oc-178"/>
      </symbol>
      <symbol id="sm-4fd">
         <name>_abort</name>
         <value>0x82865</value>
         <object_component_ref idref="oc-190"/>
      </symbol>
      <symbol id="sm-4fe">
         <name>___TI_dtors_ptr</name>
         <value>0xa884</value>
         <object_component_ref idref="oc-178"/>
      </symbol>
      <symbol id="sm-512">
         <name>__unlock</name>
         <value>0xa886</value>
         <object_component_ref idref="oc-19d"/>
      </symbol>
      <symbol id="sm-513">
         <name>__lock</name>
         <value>0xa87e</value>
         <object_component_ref idref="oc-193"/>
      </symbol>
      <symbol id="sm-514">
         <name>__register_lock</name>
         <value>0x82952</value>
         <object_component_ref idref="oc-19a"/>
      </symbol>
      <symbol id="sm-515">
         <name>__nop</name>
         <value>0x82956</value>
         <object_component_ref idref="oc-19a"/>
      </symbol>
      <symbol id="sm-516">
         <name>__register_unlock</name>
         <value>0x8294e</value>
         <object_component_ref idref="oc-19a"/>
      </symbol>
      <symbol id="sm-525">
         <name>__args_main</name>
         <value>0x8291d</value>
         <object_component_ref idref="oc-18f"/>
      </symbol>
   </symbol_table>
   <title>Link successful</title>
</link_info>
